esptool v5.3.1
Serial port /dev/cu.usbserial-0001:
Connecting....
[1A[2K[1A[2KConnected to ESP32 on /dev/cu.usbserial-0001:
Chip type:          ESP32-D0WD-V3 (revision v3.1)
Features:           Wi-Fi, BT, Dual Core + LP Core, 240MHz, Vref calibration in eFuse, Coding Scheme None
Crystal frequency:  40MHz
MAC:                e0:8c:fe:5e:17:e8

Uploading stub flasher...
Running stub flasher...
[1A[2K[1A[2KStub flasher running.

Configuring flash size...

Writing '/tmp/PQCBAS_ESP32_Final_build/PQCBAS_ESP32_Final.ino.bootloader.bin' at 0x00001000...
Flash will be erased from 0x00001000 to 0x00006fff...
Compressed 23488 bytes to 15090...
[KWriting at 0x00001000 [                              ]   0.0% 0/15090 bytes... [KWriting at 0x00006bc0 [==============================] 100.0% 15090/15090 bytes... 
[1A[2K[1A[2KWrote 23488 bytes (15090 compressed) at 0x00001000 in 1.6 seconds (115.8 kbit/s).
Verifying written data...
[1A[2KHash of data verified.

Writing '/tmp/PQCBAS_ESP32_Final_build/PQCBAS_ESP32_Final.ino.partitions.bin' at 0x00008000...
Flash will be erased from 0x00008000 to 0x00008fff...
Compressed 3072 bytes to 146...
[KWriting at 0x00008000 [                              ]   0.0% 0/146 bytes... [KWriting at 0x00008c00 [==============================] 100.0% 146/146 bytes... 
[1A[2K[1A[2KWrote 3072 bytes (146 compressed) at 0x00008000 in 0.0 seconds (573.9 kbit/s).
Verifying written data...
[1A[2KHash of data verified.

Writing '/Users/asroni/Library/Arduino15/packages/esp32/hardware/esp32/3.3.11/tools/partitions/boot_app0.bin' at 0x0000e000...
Flash will be erased from 0x0000e000 to 0x0000ffff...
Compressed 8192 bytes to 47...
[KWriting at 0x0000e000 [                              ]   0.0% 0/47 bytes... [KWriting at 0x00010000 [==============================] 100.0% 47/47 bytes... 
[1A[2K[1A[2KWrote 8192 bytes (47 compressed) at 0x0000e000 in 0.1 seconds (722.1 kbit/s).
Verifying written data...
[1A[2KHash of data verified.

Writing '/tmp/PQCBAS_ESP32_Final_build/PQCBAS_ESP32_Final.ino.bin' at 0x00010000...
Flash will be erased from 0x00010000 to 0x00056fff...
Compressed 289904 bytes to 169777...
[KWriting at 0x00010000 [                              ]   0.0% 0/169777 bytes... [KWriting at 0x0001b49a [=>                            ]   9.7% 16384/169777 bytes... [KWriting at 0x000238e6 [====>                         ]  19.3% 32768/169777 bytes... [KWriting at 0x00029152 [=======>                      ]  29.0% 49152/169777 bytes... [KWriting at 0x0002e2dc [==========>                   ]  38.6% 65536/169777 bytes... [KWriting at 0x00033a15 [=============>                ]  48.3% 81920/169777 bytes... [KWriting at 0x0003913c [================>             ]  57.9% 98304/169777 bytes... [KWriting at 0x00041aad [===================>          ]  67.6% 114688/169777 bytes... [KWriting at 0x00049590 [======================>       ]  77.2% 131072/169777 bytes... [KWriting at 0x0004ec4c [=========================>    ]  86.9% 147456/169777 bytes... [KWriting at 0x000549a1 [===========================>  ]  96.5% 163840/169777 bytes... [KWriting at 0x00056c70 [==============================] 100.0% 169777/169777 bytes... 
[1A[2K[1A[2KWrote 289904 bytes (169777 compressed) at 0x00010000 in 15.3 seconds (151.5 kbit/s).
Verifying written data...
[1A[2KHash of data verified.

Hard resetting via RTS pin...
New upload port: /dev/cu.usbserial-0001 (serial)
