liboqs-python faulthandler is disabled
{
 "ecdsa_p256": {
  "keygen_ms": [
   0.018922500000000002,
   0.021890071322922023
  ],
  "sign_ms": [
   0.024879555,
   0.0013588576997670067
  ],
  "verify_ms": [
   0.058764575,
   0.012805133429414178
  ],
  "sig_bytes_der": 71,
  "pk_bytes_uncompressed": 65
 }
}
{
 "Setup": [
  0.053452229999999996,
  0.0032531427784196505
 ],
 "VehKeyGen": [
  0.053474165,
  0.0020624541554886654
 ],
 "CertGen": [
  0.107210135,
  0.05149645778857637
 ],
 "CertValidate": [
  0.05266808,
  0.0011881570686144548
 ],
 "Sign": [
  0.111038465,
  0.04719755506133356
 ],
 "sizes": {
  "pk": 1952,
  "sig": 3309,
  "cert": 5277,
  "hash_bytes": 48,
  "tuple": 8694,
  "full_wire": 8694,
  "digest_wire": 3465
 }
}
{
 "1": {
  "agg_ms": [
   0.04795542,
   0.15842047560008513
  ],
  "aggverify_ms": [
   0.16786663333333335,
   0.08155094211912019
  ],
  "agg_size": 5264
 },
 "2": {
  "agg_ms": [
   0.06202741,
   0.006218565908753815
  ],
  "aggverify_ms": [
   0.28528333333333333,
   0.004480382544730582
  ],
  "agg_size": 5312
 },
 "5": {
  "agg_ms": [
   0.14443495,
   0.006276595606825103
  ],
  "aggverify_ms": [
   0.7255082666666667,
   0.020828498575076262
  ],
  "agg_size": 5456
 },
 "10": {
  "agg_ms": [
   0.29990038,
   0.026718683138624594
  ],
  "aggverify_ms": [
   1.4167626,
   0.05862210267208567
  ],
  "agg_size": 5696
 }
}
{
 "FRA": 0,
 "RSA": 0,
 "AMA_mutation": 0,
 "AMA_subst": 0,
 "CCSA_with_DSH": 0,
 "CCSA_without_DSH": 10000,
 "trials": 10000
}
