liboqs-python faulthandler is disabled
{
 "scenario": "highway-n20",
 "seeds": 20,
 "messages_total": 31720,
 "attacks_total": 0,
 "accepted": 31720,
 "rejected": 0,
 "acceptance_rate_pct": 100.0,
 "latency_mean_ms": 47.849,
 "latency_mean_ci95": 0.322,
 "t_avg": 16.2,
 "latency_p95_seed_mean_ms": 88.431,
 "latency_p99_seed_mean_ms": 91.9521,
 "latency_max_ms": 94.783,
 "proc_total_mean_ms": 2.7145,
 "proc_total_p95_seed_mean_ms": 3.8029,
 "proc_total_max_ms": 8.2205,
 "proc_precheck_mean_ms": 0.8267,
 "proc_aggregate_mean_ms": 0.4777,
 "proc_aggverify_mean_ms": 1.4092,
 "deadline_misses": 0,
 "miss_rate_pct": 0.0
}
{
 "scenario": "highway-n20-attack",
 "seeds": 20,
 "messages_total": 37300,
 "attacks_total": 4000,
 "accepted": 33300,
 "rejected": 4000,
 "acceptance_rate_pct": 89.2761,
 "latency_mean_ms": 47.829,
 "latency_mean_ci95": 0.298,
 "t_avg": 16.1,
 "latency_p95_seed_mean_ms": 88.2475,
 "latency_p99_seed_mean_ms": 91.7119,
 "latency_max_ms": 96.277,
 "proc_total_mean_ms": 2.4779,
 "proc_total_p95_seed_mean_ms": 3.5819,
 "proc_total_max_ms": 8.1192,
 "proc_precheck_mean_ms": 0.7898,
 "proc_aggregate_mean_ms": 0.4281,
 "proc_aggverify_mean_ms": 1.2592,
 "deadline_misses": 0,
 "miss_rate_pct": 0.0
}
{
 "scenario": "urban-n30",
 "seeds": 20,
 "messages_total": 44200,
 "attacks_total": 0,
 "accepted": 44200,
 "rejected": 0,
 "acceptance_rate_pct": 100.0,
 "latency_mean_ms": 48.515,
 "latency_mean_ci95": 0.265,
 "t_avg": 19.7,
 "latency_p95_seed_mean_ms": 89.0131,
 "latency_p99_seed_mean_ms": 92.5879,
 "latency_max_ms": 135.193,
 "proc_total_mean_ms": 3.2915,
 "proc_total_p95_seed_mean_ms": 4.5074,
 "proc_total_max_ms": 45.763,
 "proc_precheck_mean_ms": 1.0064,
 "proc_aggregate_mean_ms": 0.5811,
 "proc_aggverify_mean_ms": 1.7032,
 "deadline_misses": 14,
 "miss_rate_pct": 0.0317
}
{
 "scenario": "intersection-n15",
 "seeds": 20,
 "messages_total": 29560,
 "attacks_total": 0,
 "accepted": 29560,
 "rejected": 0,
 "acceptance_rate_pct": 100.0,
 "latency_mean_ms": 48.863,
 "latency_mean_ci95": 0.327,
 "t_avg": 22.4,
 "latency_p95_seed_mean_ms": 89.2595,
 "latency_p99_seed_mean_ms": 92.8482,
 "latency_max_ms": 95.863,
 "proc_total_mean_ms": 3.6131,
 "proc_total_p95_seed_mean_ms": 4.8784,
 "proc_total_max_ms": 6.2995,
 "proc_precheck_mean_ms": 1.1084,
 "proc_aggregate_mean_ms": 0.627,
 "proc_aggverify_mean_ms": 1.8771,
 "deadline_misses": 0,
 "miss_rate_pct": 0.0
}

Saved e2e_fullpath_W90_full.json
