liboqs-python faulthandler is disabled
{
 "scenario": "highway-n20",
 "seeds": 20,
 "messages_total": 31720,
 "attacks_total": 0,
 "accepted": 31720,
 "rejected": 0,
 "acceptance_rate_pct": 100.0,
 "latency_mean_ms": 46.968,
 "latency_mean_ci95": 0.339,
 "t_avg": 16.2,
 "latency_p95_seed_mean_ms": 87.5276,
 "latency_p99_seed_mean_ms": 91.0369,
 "latency_max_ms": 93.869,
 "proc_total_mean_ms": 1.8819,
 "proc_total_p95_seed_mean_ms": 2.6397,
 "proc_total_max_ms": 6.0395,
 "proc_precheck_mean_ms": 0.0165,
 "proc_aggregate_mean_ms": 0.4707,
 "proc_aggverify_mean_ms": 1.394,
 "deadline_misses": 0,
 "miss_rate_pct": 0.0
}
{
 "scenario": "highway-n20-attack",
 "seeds": 20,
 "messages_total": 37300,
 "attacks_total": 4000,
 "accepted": 33300,
 "rejected": 4000,
 "acceptance_rate_pct": 89.2761,
 "latency_mean_ms": 47.015,
 "latency_mean_ci95": 0.288,
 "t_avg": 16.1,
 "latency_p95_seed_mean_ms": 87.4354,
 "latency_p99_seed_mean_ms": 90.8894,
 "latency_max_ms": 92.997,
 "proc_total_mean_ms": 1.7129,
 "proc_total_p95_seed_mean_ms": 2.4645,
 "proc_total_max_ms": 5.5626,
 "proc_precheck_mean_ms": 0.078,
 "proc_aggregate_mean_ms": 0.4102,
 "proc_aggverify_mean_ms": 1.224,
 "deadline_misses": 0,
 "miss_rate_pct": 0.0
}
{
 "scenario": "urban-n30",
 "seeds": 20,
 "messages_total": 44200,
 "attacks_total": 0,
 "accepted": 44200,
 "rejected": 0,
 "acceptance_rate_pct": 100.0,
 "latency_mean_ms": 47.413,
 "latency_mean_ci95": 0.241,
 "t_avg": 19.7,
 "latency_p95_seed_mean_ms": 87.8785,
 "latency_p99_seed_mean_ms": 91.4279,
 "latency_max_ms": 93.935,
 "proc_total_mean_ms": 2.2427,
 "proc_total_p95_seed_mean_ms": 3.0616,
 "proc_total_max_ms": 6.0632,
 "proc_precheck_mean_ms": 0.0207,
 "proc_aggregate_mean_ms": 0.557,
 "proc_aggverify_mean_ms": 1.6644,
 "deadline_misses": 0,
 "miss_rate_pct": 0.0
}
{
 "scenario": "intersection-n15",
 "seeds": 20,
 "messages_total": 29560,
 "attacks_total": 0,
 "accepted": 29560,
 "rejected": 0,
 "acceptance_rate_pct": 100.0,
 "latency_mean_ms": 47.753,
 "latency_mean_ci95": 0.327,
 "t_avg": 22.4,
 "latency_p95_seed_mean_ms": 88.1924,
 "latency_p99_seed_mean_ms": 91.7295,
 "latency_max_ms": 95.931,
 "proc_total_mean_ms": 2.553,
 "proc_total_p95_seed_mean_ms": 3.4404,
 "proc_total_max_ms": 6.562,
 "proc_precheck_mean_ms": 0.0191,
 "proc_aggregate_mean_ms": 0.6346,
 "proc_aggverify_mean_ms": 1.8986,
 "deadline_misses": 0,
 "miss_rate_pct": 0.0
}

Saved e2e_fullpath_W90_digest.json
