liboqs-python faulthandler is disabled
{
 "scenario": "highway-n20",
 "seeds": 20,
 "messages_total": 31720,
 "attacks_total": 0,
 "accepted": 31720,
 "rejected": 0,
 "acceptance_rate_pct": 100.0,
 "latency_mean_ms": 52.095,
 "latency_mean_ci95": 0.327,
 "t_avg": 16.2,
 "latency_p95_seed_mean_ms": 92.6808,
 "latency_p99_seed_mean_ms": 96.7356,
 "latency_max_ms": 104.273,
 "proc_total_mean_ms": 6.7009,
 "proc_total_p95_seed_mean_ms": 9.6764,
 "proc_total_max_ms": 15.4724,
 "proc_precheck_mean_ms": 1.4127,
 "proc_aggregate_mean_ms": 1.7629,
 "proc_aggverify_mean_ms": 3.5044,
 "deadline_misses": 24,
 "miss_rate_pct": 0.0757
}
{
 "scenario": "highway-n20-attack",
 "seeds": 20,
 "messages_total": 37300,
 "attacks_total": 4000,
 "accepted": 33300,
 "rejected": 4000,
 "acceptance_rate_pct": 89.2761,
 "latency_mean_ms": 51.426,
 "latency_mean_ci95": 0.278,
 "t_avg": 16.1,
 "latency_p95_seed_mean_ms": 91.8495,
 "latency_p99_seed_mean_ms": 95.7372,
 "latency_max_ms": 105.758,
 "proc_total_mean_ms": 5.8541,
 "proc_total_p95_seed_mean_ms": 8.6873,
 "proc_total_max_ms": 16.96,
 "proc_precheck_mean_ms": 1.3571,
 "proc_aggregate_mean_ms": 1.4565,
 "proc_aggverify_mean_ms": 3.0307,
 "deadline_misses": 11,
 "miss_rate_pct": 0.0295
}
{
 "scenario": "urban-n30",
 "seeds": 20,
 "messages_total": 44200,
 "attacks_total": 0,
 "accepted": 44200,
 "rejected": 0,
 "acceptance_rate_pct": 100.0,
 "latency_mean_ms": 53.581,
 "latency_mean_ci95": 0.239,
 "t_avg": 19.7,
 "latency_p95_seed_mean_ms": 94.0572,
 "latency_p99_seed_mean_ms": 98.3171,
 "latency_max_ms": 110.315,
 "proc_total_mean_ms": 8.0892,
 "proc_total_p95_seed_mean_ms": 11.4561,
 "proc_total_max_ms": 20.4194,
 "proc_precheck_mean_ms": 1.7278,
 "proc_aggregate_mean_ms": 2.092,
 "proc_aggverify_mean_ms": 4.253,
 "deadline_misses": 152,
 "miss_rate_pct": 0.3439
}
{
 "scenario": "intersection-n15",
 "seeds": 20,
 "messages_total": 29560,
 "attacks_total": 0,
 "accepted": 29560,
 "rejected": 0,
 "acceptance_rate_pct": 100.0,
 "latency_mean_ms": 54.6,
 "latency_mean_ci95": 0.338,
 "t_avg": 22.4,
 "latency_p95_seed_mean_ms": 95.0811,
 "latency_p99_seed_mean_ms": 99.4716,
 "latency_max_ms": 108.283,
 "proc_total_mean_ms": 9.068,
 "proc_total_p95_seed_mean_ms": 12.6717,
 "proc_total_max_ms": 18.8905,
 "proc_precheck_mean_ms": 1.9548,
 "proc_aggregate_mean_ms": 2.3205,
 "proc_aggverify_mean_ms": 4.7828,
 "deadline_misses": 232,
 "miss_rate_pct": 0.7848
}

Saved e2e_fullpath_W90_full.json
