liboqs-python faulthandler is disabled
{
 "scenario": "highway-n20",
 "seeds": 20,
 "messages_total": 31720,
 "attacks_total": 0,
 "accepted": 31720,
 "rejected": 0,
 "acceptance_rate_pct": 100.0,
 "latency_mean_ms": 50.629,
 "latency_mean_ci95": 0.327,
 "t_avg": 16.2,
 "latency_p95_seed_mean_ms": 91.2,
 "latency_p99_seed_mean_ms": 95.0416,
 "latency_max_ms": 100.79,
 "proc_total_mean_ms": 5.3182,
 "proc_total_p95_seed_mean_ms": 7.7561,
 "proc_total_max_ms": 11.989,
 "proc_precheck_mean_ms": 0.0457,
 "proc_aggregate_mean_ms": 1.7605,
 "proc_aggverify_mean_ms": 3.4939,
 "deadline_misses": 1,
 "miss_rate_pct": 0.0032
}
{
 "scenario": "highway-n20-attack",
 "seeds": 20,
 "messages_total": 37300,
 "attacks_total": 4000,
 "accepted": 33300,
 "rejected": 4000,
 "acceptance_rate_pct": 89.2761,
 "latency_mean_ms": 50.111,
 "latency_mean_ci95": 0.289,
 "t_avg": 16.1,
 "latency_p95_seed_mean_ms": 90.5274,
 "latency_p99_seed_mean_ms": 94.1768,
 "latency_max_ms": 99.598,
 "proc_total_mean_ms": 4.6196,
 "proc_total_p95_seed_mean_ms": 6.856,
 "proc_total_max_ms": 10.4985,
 "proc_precheck_mean_ms": 0.1833,
 "proc_aggregate_mean_ms": 1.426,
 "proc_aggverify_mean_ms": 3.0016,
 "deadline_misses": 0,
 "miss_rate_pct": 0.0
}
{
 "scenario": "urban-n30",
 "seeds": 20,
 "messages_total": 44200,
 "attacks_total": 0,
 "accepted": 44200,
 "rejected": 0,
 "acceptance_rate_pct": 100.0,
 "latency_mean_ms": 51.758,
 "latency_mean_ci95": 0.241,
 "t_avg": 19.7,
 "latency_p95_seed_mean_ms": 92.2031,
 "latency_p99_seed_mean_ms": 96.1842,
 "latency_max_ms": 102.367,
 "proc_total_mean_ms": 6.3606,
 "proc_total_p95_seed_mean_ms": 9.1524,
 "proc_total_max_ms": 13.6994,
 "proc_precheck_mean_ms": 0.0578,
 "proc_aggregate_mean_ms": 2.0914,
 "proc_aggverify_mean_ms": 4.1914,
 "deadline_misses": 15,
 "miss_rate_pct": 0.0339
}
{
 "scenario": "intersection-n15",
 "seeds": 20,
 "messages_total": 29560,
 "attacks_total": 0,
 "accepted": 29560,
 "rejected": 0,
 "acceptance_rate_pct": 100.0,
 "latency_mean_ms": 52.687,
 "latency_mean_ci95": 0.323,
 "t_avg": 22.4,
 "latency_p95_seed_mean_ms": 93.1356,
 "latency_p99_seed_mean_ms": 97.3085,
 "latency_max_ms": 102.652,
 "proc_total_mean_ms": 7.2351,
 "proc_total_p95_seed_mean_ms": 10.4713,
 "proc_total_max_ms": 13.7685,
 "proc_precheck_mean_ms": 0.0544,
 "proc_aggregate_mean_ms": 2.3419,
 "proc_aggverify_mean_ms": 4.831,
 "deadline_misses": 38,
 "miss_rate_pct": 0.1286
}

Saved e2e_fullpath_W90_digest.json
