08:09:42 AC=1 pkg=58C 2500 2499 2499 2499 
08:09:47 AC=1 pkg=73C 2499 2499 2499 2499 
08:09:52 AC=1 pkg=74C 2499 2499 2499 2499 
08:09:57 AC=1 pkg=75C 2499 2499 2500 2500 
08:10:02 AC=1 pkg=72C 2499 2499 2500 2499 
08:10:07 AC=1 pkg=72C 2500 2500 2500 2499 
08:10:12 AC=1 pkg=72C 2500 2500 2499 2500 
08:10:17 AC=1 pkg=72C 2499 2500 2500 2500 
08:10:22 AC=1 pkg=72C 2499 2499 2499 2499 
08:10:27 AC=1 pkg=73C 2500 2500 2499 2500 
08:10:32 AC=1 pkg=73C 2500 2500 2499 2500 
08:10:37 AC=1 pkg=73C 2499 2500 2499 2500 
08:10:42 AC=1 pkg=72C 2500 2499 2500 2500 
08:10:47 AC=1 pkg=73C 2499 2500 2499 2499 
08:10:52 AC=1 pkg=74C 2500 2500 2499 2500 
08:10:57 AC=1 pkg=73C 2499 2500 2500 2500 
08:11:02 AC=1 pkg=73C 2500 2499 2499 2500 
08:11:07 AC=1 pkg=73C 2500 2499 2499 2501 
08:11:12 AC=1 pkg=74C 2500 2499 2500 2499 
08:11:17 AC=1 pkg=73C 2500 2500 2500 2500 
08:11:22 AC=1 pkg=74C 2499 2499 2499 2499 
08:11:27 AC=1 pkg=73C 2500 2500 2499 2499 
08:11:32 AC=1 pkg=73C 2499 2500 2500 2500 
08:11:37 AC=1 pkg=73C 2499 2499 2500 2499 
08:11:42 AC=1 pkg=73C 2499 2499 2500 2499 
08:11:47 AC=1 pkg=73C 2499 2499 2500 2499 
08:11:52 AC=1 pkg=74C 2499 2500 2500 2500 
08:11:57 AC=1 pkg=73C 2499 2500 2500 2499 
08:12:02 AC=1 pkg=74C 2500 2500 2500 2500 
08:12:07 AC=1 pkg=73C 2500 2498 2499 2500 
08:12:12 AC=1 pkg=74C 2500 2499 2500 2499 
08:12:18 AC=1 pkg=77C 2500 2500 2500 2499 
08:12:23 AC=1 pkg=77C 2499 2500 2499 2499 
08:12:28 AC=1 pkg=76C 2499 2500 2499 2500 
08:12:33 AC=1 pkg=77C 2499 2500 2500 2500 
08:12:38 AC=1 pkg=76C 2502 2500 2500 2499 
08:12:43 AC=1 pkg=77C 2499 2499 2499 2499 
08:12:48 AC=1 pkg=77C 2499 2499 2499 2499 
08:12:53 AC=1 pkg=76C 2500 2500 2500 2500 
