liboqs-python faulthandler is disabled
=== FINAL SUMO FULL-PATH BRIDGE ===
Python             : 3.13.15
liboqs-python     : 0.16.0.1
liboqs            : 0.16.0
Algorithm         : ML-DSA-65
KAPPA             : 48 bytes
process_window_full: (tuples, pk_CA, verifier)
process_window_digest: (records, pk_CA, verifier)
FCD entry events   : 50
FCD unique RSU veh : 50
Creating crypto identities: 50
  identities 50/50
[seed 01/01] rng=7
  messages=50 accepted=50 rejected=0 proc=0.164515ms latency=44.900105ms p99=88.979231 max=90.041601 miss=0

=== SUMMARY ===
{
  "seeds": 1,
  "messages_total": 50,
  "accepted_total": 50,
  "rejected_total": 0,
  "windows_total": 38,
  "batch_mean": 1.3158,
  "batch_p95_seed_mean": 2.15,
  "batch_max": 3,
  "latency_mean_ms": 44.900105,
  "latency_mean_ci95_ms": 0.0,
  "latency_p95_seed_mean_ms": 86.69509,
  "latency_p99_seed_mean_ms": 88.979231,
  "latency_max_ms": 90.041601,
  "proc_total_mean_ms": 0.164515,
  "proc_total_p95_seed_mean_ms": 0.348704,
  "proc_total_max_ms": 0.353792,
  "proc_precheck_mean_ms": 0.000657,
  "proc_aggregate_mean_ms": 0.043773,
  "proc_aggverify_mean_ms": 0.119427,
  "deadline_misses": 0,
  "miss_rate_pct": 0.0
}

Saved: rerun/final_k384/sumo/fullpath/sanity_digest_50.json
