liboqs-python faulthandler is disabled
=== FINAL SUMO FULL-PATH BRIDGE ===
Python             : 3.13.15
liboqs-python     : 0.16.0.1
liboqs            : 0.16.0
Algorithm         : ML-DSA-65
KAPPA             : 48 bytes
process_window_full: (tuples, pk_CA, verifier)
process_window_digest: (records, pk_CA, verifier)
FCD entry events   : 2680
FCD unique RSU veh : 2680
Creating crypto identities: 2680
  identities 500/2680
  identities 1000/2680
  identities 1500/2680
  identities 2000/2680
  identities 2500/2680
  identities 2680/2680
[seed 01/20] rng=7
  messages=2680 accepted=2680 rejected=0 proc=0.186368ms latency=46.408315ms p99=89.271174 max=90.396965 miss=0
[seed 02/20] rng=104
  messages=2680 accepted=2680 rejected=0 proc=0.181072ms latency=46.170083ms p99=89.071585 max=90.346366 miss=0
[seed 03/20] rng=201
  messages=2680 accepted=2680 rejected=0 proc=0.178323ms latency=45.904963ms p99=89.470221 max=90.236122 miss=0
[seed 04/20] rng=298
  messages=2680 accepted=2680 rejected=0 proc=0.17956ms latency=46.404565ms p99=89.708654 max=90.276069 miss=0
[seed 05/20] rng=395
  messages=2680 accepted=2680 rejected=0 proc=0.178059ms latency=46.97349ms p99=89.429658 max=90.340354 miss=0
[seed 06/20] rng=492
  messages=2680 accepted=2680 rejected=0 proc=0.185705ms latency=46.461566ms p99=89.484136 max=90.268401 miss=0
[seed 07/20] rng=589
  messages=2680 accepted=2680 rejected=0 proc=0.178645ms latency=46.712266ms p99=89.596001 max=90.318839 miss=0
[seed 08/20] rng=686
  messages=2680 accepted=2680 rejected=0 proc=0.177073ms latency=46.328949ms p99=89.407572 max=90.322852 miss=0
[seed 09/20] rng=783
  messages=2680 accepted=2680 rejected=0 proc=0.177489ms latency=46.579538ms p99=89.477642 max=90.433112 miss=0
[seed 10/20] rng=880
  messages=2680 accepted=2680 rejected=0 proc=0.177397ms latency=46.265001ms p99=89.470313 max=90.325503 miss=0
[seed 11/20] rng=977
  messages=2680 accepted=2680 rejected=0 proc=0.179823ms latency=45.873883ms p99=89.284128 max=90.235065 miss=0
[seed 12/20] rng=1074
  messages=2680 accepted=2680 rejected=0 proc=0.181546ms latency=46.623069ms p99=89.703988 max=90.331195 miss=0
[seed 13/20] rng=1171
  messages=2680 accepted=2680 rejected=0 proc=0.179024ms latency=45.465185ms p99=89.216076 max=90.418318 miss=0
[seed 14/20] rng=1268
  messages=2680 accepted=2680 rejected=0 proc=0.179116ms latency=46.293453ms p99=89.393256 max=90.145421 miss=0
[seed 15/20] rng=1365
  messages=2680 accepted=2680 rejected=0 proc=0.178505ms latency=46.717832ms p99=89.397249 max=90.286834 miss=0
[seed 16/20] rng=1462
  messages=2680 accepted=2680 rejected=0 proc=0.178473ms latency=46.130437ms p99=89.447728 max=90.260167 miss=0
[seed 17/20] rng=1559
  messages=2680 accepted=2680 rejected=0 proc=0.179903ms latency=46.389584ms p99=89.268023 max=90.319734 miss=0
[seed 18/20] rng=1656
  messages=2680 accepted=2680 rejected=0 proc=0.179317ms latency=46.23848ms p99=89.230982 max=90.31128 miss=0
[seed 19/20] rng=1753
  messages=2680 accepted=2680 rejected=0 proc=0.177622ms latency=46.524959ms p99=89.463994 max=90.26125 miss=0
[seed 20/20] rng=1850
  messages=2680 accepted=2680 rejected=0 proc=0.178817ms latency=46.16181ms p99=89.511077 max=90.258084 miss=0

=== SUMMARY ===
{
  "seeds": 20,
  "messages_total": 53600,
  "accepted_total": 53600,
  "rejected_total": 0,
  "windows_total": 36482,
  "batch_mean": 1.4692,
  "batch_p95_seed_mean": 3.0,
  "batch_max": 6,
  "latency_mean_ms": 46.331371,
  "latency_mean_ci95_ms": 0.158294,
  "latency_p95_seed_mean_ms": 86.172922,
  "latency_p99_seed_mean_ms": 89.415173,
  "latency_max_ms": 90.433112,
  "proc_total_mean_ms": 0.179592,
  "proc_total_p95_seed_mean_ms": 0.349943,
  "proc_total_max_ms": 1.42025,
  "proc_precheck_mean_ms": 0.001245,
  "proc_aggregate_mean_ms": 0.046356,
  "proc_aggverify_mean_ms": 0.131442,
  "deadline_misses": 0,
  "miss_rate_pct": 0.0
}

Saved: rerun/final_k384/sumo/fullpath/sumo_fullpath_W90_digest_20seeds.json
