liboqs-python faulthandler is disabled
{
 "scenario": "highway-n20",
 "seeds": 20,
 "messages_total": 31720,
 "attacks_total": 0,
 "accepted": 31720,
 "rejected": 0,
 "acceptance_rate_pct": 100.0,
 "latency_mean_ms": 52.567,
 "latency_mean_ci95": 0.326,
 "t_avg": 16.2,
 "latency_p95_seed_mean_ms": 93.183,
 "latency_p99_seed_mean_ms": 97.1854,
 "latency_max_ms": 104.911,
 "proc_total_mean_ms": 7.1664,
 "proc_total_p95_seed_mean_ms": 9.9991,
 "proc_total_max_ms": 16.1099,
 "proc_precheck_mean_ms": 2.1,
 "proc_aggregate_mean_ms": 1.3237,
 "proc_aggverify_mean_ms": 3.7356,
 "deadline_misses": 29,
 "miss_rate_pct": 0.0914
}
{
 "scenario": "highway-n20-attack",
 "seeds": 20,
 "messages_total": 37300,
 "attacks_total": 4000,
 "accepted": 33300,
 "rejected": 4000,
 "acceptance_rate_pct": 89.2761,
 "latency_mean_ms": 52.076,
 "latency_mean_ci95": 0.294,
 "t_avg": 16.1,
 "latency_p95_seed_mean_ms": 92.4883,
 "latency_p99_seed_mean_ms": 96.4055,
 "latency_max_ms": 102.599,
 "proc_total_mean_ms": 6.4638,
 "proc_total_p95_seed_mean_ms": 9.3278,
 "proc_total_max_ms": 12.9634,
 "proc_precheck_mean_ms": 1.9931,
 "proc_aggregate_mean_ms": 1.16,
 "proc_aggverify_mean_ms": 3.3069,
 "deadline_misses": 12,
 "miss_rate_pct": 0.0322
}
{
 "scenario": "urban-n30",
 "seeds": 20,
 "messages_total": 44200,
 "attacks_total": 0,
 "accepted": 44200,
 "rejected": 0,
 "acceptance_rate_pct": 100.0,
 "latency_mean_ms": 54.225,
 "latency_mean_ci95": 0.236,
 "t_avg": 19.7,
 "latency_p95_seed_mean_ms": 94.7563,
 "latency_p99_seed_mean_ms": 98.8696,
 "latency_max_ms": 105.306,
 "proc_total_mean_ms": 8.7312,
 "proc_total_p95_seed_mean_ms": 11.9459,
 "proc_total_max_ms": 17.0292,
 "proc_precheck_mean_ms": 2.5624,
 "proc_aggregate_mean_ms": 1.6128,
 "proc_aggverify_mean_ms": 4.5474,
 "deadline_misses": 224,
 "miss_rate_pct": 0.5068
}
{
 "scenario": "intersection-n15",
 "seeds": 20,
 "messages_total": 29560,
 "attacks_total": 0,
 "accepted": 29560,
 "rejected": 0,
 "acceptance_rate_pct": 100.0,
 "latency_mean_ms": 55.452,
 "latency_mean_ci95": 0.331,
 "t_avg": 22.4,
 "latency_p95_seed_mean_ms": 95.8925,
 "latency_p99_seed_mean_ms": 100.2183,
 "latency_max_ms": 106.415,
 "proc_total_mean_ms": 9.911,
 "proc_total_p95_seed_mean_ms": 13.4485,
 "proc_total_max_ms": 17.4541,
 "proc_precheck_mean_ms": 2.9031,
 "proc_aggregate_mean_ms": 1.8309,
 "proc_aggverify_mean_ms": 5.1719,
 "deadline_misses": 346,
 "miss_rate_pct": 1.1705
}

Saved e2e_fullpath_W90_full.json
