liboqs-python faulthandler is disabled
{
 "scenario": "highway-n20",
 "seeds": 20,
 "messages_total": 31720,
 "attacks_total": 0,
 "accepted": 31720,
 "rejected": 0,
 "acceptance_rate_pct": 100.0,
 "latency_mean_ms": 50.41,
 "latency_mean_ci95": 0.329,
 "t_avg": 16.2,
 "latency_p95_seed_mean_ms": 91.0144,
 "latency_p99_seed_mean_ms": 94.7057,
 "latency_max_ms": 100.322,
 "proc_total_mean_ms": 5.1317,
 "proc_total_p95_seed_mean_ms": 7.1824,
 "proc_total_max_ms": 11.5212,
 "proc_precheck_mean_ms": 0.0456,
 "proc_aggregate_mean_ms": 1.3316,
 "proc_aggverify_mean_ms": 3.7468,
 "deadline_misses": 1,
 "miss_rate_pct": 0.0032
}
{
 "scenario": "highway-n20-attack",
 "seeds": 20,
 "messages_total": 37300,
 "attacks_total": 4000,
 "accepted": 33300,
 "rejected": 4000,
 "acceptance_rate_pct": 89.2761,
 "latency_mean_ms": 50.187,
 "latency_mean_ci95": 0.293,
 "t_avg": 16.1,
 "latency_p95_seed_mean_ms": 90.6076,
 "latency_p99_seed_mean_ms": 94.2176,
 "latency_max_ms": 99.076,
 "proc_total_mean_ms": 4.6913,
 "proc_total_p95_seed_mean_ms": 6.7771,
 "proc_total_max_ms": 9.5782,
 "proc_precheck_mean_ms": 0.2048,
 "proc_aggregate_mean_ms": 1.1687,
 "proc_aggverify_mean_ms": 3.3137,
 "deadline_misses": 0,
 "miss_rate_pct": 0.0
}
{
 "scenario": "urban-n30",
 "seeds": 20,
 "messages_total": 44200,
 "attacks_total": 0,
 "accepted": 44200,
 "rejected": 0,
 "acceptance_rate_pct": 100.0,
 "latency_mean_ms": 51.623,
 "latency_mean_ci95": 0.234,
 "t_avg": 19.7,
 "latency_p95_seed_mean_ms": 92.1558,
 "latency_p99_seed_mean_ms": 95.9579,
 "latency_max_ms": 100.685,
 "proc_total_mean_ms": 6.2523,
 "proc_total_p95_seed_mean_ms": 8.5762,
 "proc_total_max_ms": 13.1557,
 "proc_precheck_mean_ms": 0.0594,
 "proc_aggregate_mean_ms": 1.6241,
 "proc_aggverify_mean_ms": 4.5604,
 "deadline_misses": 4,
 "miss_rate_pct": 0.009
}
{
 "scenario": "intersection-n15",
 "seeds": 20,
 "messages_total": 29560,
 "attacks_total": 0,
 "accepted": 29560,
 "rejected": 0,
 "acceptance_rate_pct": 100.0,
 "latency_mean_ms": 52.481,
 "latency_mean_ci95": 0.326,
 "t_avg": 22.4,
 "latency_p95_seed_mean_ms": 92.876,
 "latency_p99_seed_mean_ms": 96.8406,
 "latency_max_ms": 101.683,
 "proc_total_mean_ms": 7.0706,
 "proc_total_p95_seed_mean_ms": 9.6592,
 "proc_total_max_ms": 12.4274,
 "proc_precheck_mean_ms": 0.0529,
 "proc_aggregate_mean_ms": 1.8389,
 "proc_aggverify_mean_ms": 5.1745,
 "deadline_misses": 17,
 "miss_rate_pct": 0.0575
}

Saved e2e_fullpath_W90_digest.json
