[PLATFORM] ESP32 | 240 MHz | 2 core | SDK v5.5.5
[PLATFORM] flash=4194304 B heap=305460 B
[ECDSA] transcript input = 7353 bytes
[1/5] ECDSA-P256 keygen n=20
KG,0,145.182000
KG,1,145.596000
KG,2,144.787000
KG,3,144.865000
KG,4,145.089000
KG,5,144.788000
KG,6,144.863000
KG,7,144.901000
KG,8,144.852000
KG,9,145.041000
KG,10,144.898000
KG,11,145.084000
KG,12,144.982000
KG,13,145.073000
KG,14,144.983000
KG,15,144.915000
KG,16,144.795000
KG,17,144.973000
KG,18,144.846000
KG,19,144.716000
[2/5] ECDSA sign (32-byte digest) n=500
S,0,156.780000
S,1,156.668000
S,2,156.462000
S,3,156.792000
S,4,156.784000
S,5,156.496000
S,6,156.914000
S,7,156.761000
S,8,156.807000
S,9,156.998000
S,10,156.672000
S,11,156.646000
S,12,156.635000
S,13,157.020000
S,14,156.561000
S,15,156.584000
S,16,156.762000
S,17,156.803000
S,18,156.807000
S,19,156.884000
S,20,156.982000
S,21,156.896000
S,22,156.927000
S,23,156.830000
S,24,156.816000
S,25,156.689000
S,26,156.684000
S,27,156.744000
S,28,156.769000
S,29,156.929000
S,30,156.699000
S,31,156.645000
S,32,156.489000
S,33,156.830000
S,34,156.761000
S,35,156.673000
S,36,156.928000
S,37,156.819000
S,38,157.041000
S,39,157.008000
S,40,156.885000
S,41,156.923000
S,42,156.924000
S,43,156.876000
S,44,156.761000
S,45,156.823000
S,46,156.884000
S,47,157.051000
S,48,156.993000
S,49,156.707000
S,50,156.856000
S,51,156.872000
S,52,156.799000
S,53,156.965000
S,54,157.065000
S,55,156.728000
S,56,156.830000
S,57,156.898000
S,58,156.575000
S,59,156.667000
S,60,156.848000
S,61,156.792000
S,62,156.856000
S,63,156.808000
S,64,156.598000
S,65,156.722000
S,66,157.150000
S,67,156.761000
S,68,156.763000
S,69,156.948000
S,70,156.703000
S,71,156.761000
S,72,156.520000
S,73,156.775000
S,74,156.941000
S,75,156.584000
S,76,156.834000
S,77,156.755000
S,78,156.800000
S,79,156.961000
S,80,157.051000
S,81,156.757000
S,82,156.689000
S,83,156.788000
S,84,156.520000
S,85,156.787000
S,86,156.818000
S,87,156.787000
S,88,156.699000
S,89,156.756000
S,90,156.717000
S,91,156.898000
S,92,156.717000
S,93,156.684000
S,94,156.707000
S,95,156.631000
S,96,156.941000
S,97,157.165000
S,98,156.819000
S,99,156.815000
S,100,156.686000
S,101,156.722000
S,102,156.538000
S,103,156.841000
S,104,156.761000
S,105,156.830000
S,106,156.838000
S,107,156.911000
S,108,156.838000
S,109,156.730000
S,110,156.971000
S,111,156.848000
S,112,156.978000
S,113,156.668000
S,114,156.818000
S,115,156.818000
S,116,156.653000
S,117,156.870000
S,118,156.923000
S,119,156.870000
S,120,156.808000
S,121,156.911000
S,122,156.738000
S,123,156.769000
S,124,156.684000
S,125,156.740000
S,126,156.580000
S,127,156.702000
S,128,156.589000
S,129,156.893000
S,130,156.722000
S,131,156.743000
S,132,156.847000
S,133,156.776000
S,134,156.756000
S,135,157.020000
S,136,156.830000
S,137,156.722000
S,138,156.702000
S,139,156.763000
S,140,156.715000
S,141,156.761000
S,142,156.853000
S,143,156.871000
S,144,156.527000
S,145,156.799000
S,146,156.684000
S,147,156.993000
S,148,156.907000
S,149,156.726000
S,150,156.834000
S,151,156.599000
S,152,156.808000
S,153,157.028000
S,154,156.514000
S,155,156.645000
S,156,156.753000
S,157,156.742000
S,158,156.927000
S,159,156.870000
S,160,156.951000
S,161,156.738000
S,162,156.477000
S,163,156.847000
S,164,156.684000
S,165,156.688000
S,166,156.901000
S,167,156.871000
S,168,156.839000
S,169,156.738000
S,170,156.830000
S,171,156.673000
S,172,156.673000
S,173,157.058000
S,174,156.797000
S,175,156.907000
S,176,156.615000
S,177,156.618000
S,178,156.654000
S,179,156.848000
S,180,156.654000
S,181,156.861000
S,182,156.870000
S,183,156.723000
S,184,156.771000
S,185,156.707000
S,186,156.738000
S,187,156.753000
S,188,156.707000
S,189,156.551000
S,190,156.756000
S,191,156.830000
S,192,156.693000
S,193,156.524000
S,194,156.728000
S,195,156.656000
S,196,156.660000
S,197,156.693000
S,198,156.951000
S,199,156.753000
S,200,156.630000
S,201,156.738000
S,202,156.668000
S,203,156.654000
S,204,156.938000
S,205,156.951000
S,206,157.009000
S,207,156.978000
S,208,156.678000
S,209,157.040000
S,210,156.932000
S,211,157.092000
S,212,156.800000
S,213,156.743000
S,214,156.662000
S,215,157.121000
S,216,156.886000
S,217,156.853000
S,218,156.599000
S,219,156.830000
S,220,156.792000
S,221,156.579000
S,222,156.655000
S,223,156.841000
S,224,156.653000
S,225,156.676000
S,226,156.822000
S,227,156.699000
S,228,156.900000
S,229,156.687000
S,230,156.776000
S,231,156.534000
S,232,156.792000
S,233,156.951000
S,234,157.051000
S,235,156.622000
S,236,156.914000
S,237,156.815000
S,238,156.850000
S,239,156.687000
S,240,157.065000
S,241,156.612000
S,242,156.703000
S,243,156.792000
S,244,157.079000
S,245,156.534000
S,246,156.614000
S,247,156.893000
S,248,156.684000
S,249,156.630000
S,250,156.870000
S,251,156.667000
S,252,156.797000
S,253,156.782000
S,254,157.135000
S,255,156.928000
S,256,156.738000
S,257,156.907000
S,258,156.811000
S,259,156.825000
S,260,156.978000
S,261,156.546000
S,262,156.743000
S,263,156.699000
S,264,156.907000
S,265,156.738000
S,266,156.998000
S,267,156.645000
S,268,156.601000
S,269,156.929000
S,270,156.729000
S,271,156.924000
S,272,156.613000
S,273,156.729000
S,274,156.669000
S,275,156.846000
S,276,156.775000
S,277,156.667000
S,278,156.625000
S,279,156.861000
S,280,156.647000
S,281,156.847000
S,282,156.886000
S,283,156.900000
S,284,156.933000
S,285,156.703000
S,286,156.839000
S,287,156.879000
S,288,156.613000
S,289,156.713000
S,290,157.027000
S,291,156.722000
S,292,156.619000
S,293,156.647000
S,294,156.738000
S,295,156.893000
S,296,156.978000
S,297,156.870000
S,298,156.496000
S,299,157.011000
S,300,156.864000
S,301,156.897000
S,302,156.861000
S,303,156.580000
S,304,156.753000
S,305,157.062000
S,306,156.684000
S,307,156.761000
S,308,156.815000
S,309,157.034000
S,310,156.753000
S,311,156.887000
S,312,156.764000
S,313,156.830000
S,314,156.675000
S,315,156.885000
S,316,156.761000
S,317,157.028000
S,318,156.646000
S,319,156.862000
S,320,156.653000
S,321,156.907000
S,322,156.561000
S,323,156.630000
S,324,156.776000
S,325,156.980000
S,326,156.274000
S,327,156.929000
S,328,156.580000
S,329,156.849000
S,330,156.538000
S,331,156.722000
S,332,156.686000
S,333,156.961000
S,334,156.792000
S,335,156.808000
S,336,156.466000
S,337,156.847000
S,338,156.691000
S,339,156.853000
S,340,156.861000
S,341,156.676000
S,342,157.009000
S,343,156.799000
S,344,156.970000
S,345,156.624000
S,346,157.058000
S,347,156.792000
S,348,156.699000
S,349,156.687000
S,350,156.870000
S,351,156.653000
S,352,156.304000
S,353,156.738000
S,354,156.765000
S,355,156.692000
S,356,156.702000
S,357,156.761000
S,358,156.823000
S,359,156.761000
S,360,156.395000
S,361,156.775000
S,362,156.753000
S,363,157.041000
S,364,156.753000
S,365,156.830000
S,366,156.777000
S,367,156.947000
S,368,156.857000
S,369,156.714000
S,370,156.761000
S,371,156.761000
S,372,156.707000
S,373,156.707000
S,374,156.998000
S,375,156.753000
S,376,156.978000
S,377,156.753000
S,378,156.513000
S,379,156.895000
S,380,156.893000
S,381,156.972000
S,382,157.051000
S,383,156.593000
S,384,156.675000
S,385,156.846000
S,386,156.496000
S,387,156.658000
S,388,157.064000
S,389,157.011000
S,390,156.679000
S,391,156.446000
S,392,156.962000
S,393,156.815000
S,394,156.776000
S,395,156.884000
S,396,156.688000
S,397,156.894000
S,398,156.876000
S,399,156.982000
S,400,156.659000
S,401,156.699000
S,402,156.653000
S,403,156.779000
S,404,156.753000
S,405,156.580000
S,406,156.727000
S,407,156.841000
S,408,156.551000
S,409,156.699000
S,410,156.795000
S,411,156.872000
S,412,156.847000
S,413,156.707000
S,414,156.792000
S,415,156.776000
S,416,156.529000
S,417,157.113000
S,418,157.085000
S,419,156.753000
S,420,156.869000
S,421,157.006000
S,422,156.730000
S,423,156.716000
S,424,156.792000
S,425,156.884000
S,426,156.841000
S,427,156.630000
S,428,156.946000
S,429,156.687000
S,430,156.756000
S,431,156.808000
S,432,156.971000
S,433,156.756000
S,434,156.646000
S,435,156.982000
S,436,156.636000
S,437,156.658000
S,438,156.929000
S,439,156.754000
S,440,156.678000
S,441,156.598000
S,442,156.984000
S,443,156.575000
S,444,156.792000
S,445,156.895000
S,446,156.722000
S,447,156.753000
S,448,156.738000
S,449,156.612000
S,450,156.702000
S,451,156.613000
S,452,156.559000
S,453,157.011000
S,454,156.630000
S,455,156.796000
S,456,156.776000
S,457,156.723000
S,458,156.993000
S,459,156.613000
S,460,156.679000
S,461,156.566000
S,462,156.978000
S,463,156.640000
S,464,156.914000
S,465,156.869000
S,466,156.941000
S,467,156.656000
S,468,156.811000
S,469,156.779000
S,470,156.738000
S,471,156.741000
S,472,156.723000
S,473,156.966000
S,474,156.534000
S,475,156.962000
S,476,156.792000
S,477,156.792000
S,478,156.781000
S,479,157.024000
S,480,157.007000
S,481,156.441000
S,482,156.848000
S,483,156.653000
S,484,157.079000
S,485,156.722000
S,486,156.693000
S,487,157.074000
S,488,156.590000
S,489,156.817000
S,490,156.551000
S,491,156.911000
S,492,156.851000
S,493,156.771000
S,494,156.839000
S,495,156.907000
S,496,156.660000
S,497,156.769000
S,498,156.953000
S,499,156.884000
[ECDSA] DER signature length (last) = 71 bytes
[3/5] ECDSA framework sign (SHA-256 over 7353 B + sign) n=500
F,0,157.818000
F,1,157.428000
F,2,157.736000
F,3,157.589000
F,4,157.589000
F,5,157.490000
F,6,157.595000
F,7,157.598000
F,8,157.702000
F,9,157.339000
F,10,157.660000
F,11,157.488000
F,12,157.393000
F,13,157.770000
F,14,157.954000
F,15,157.569000
F,16,157.482000
F,17,157.699000
F,18,157.777000
F,19,157.636000
F,20,157.496000
F,21,157.693000
F,22,157.400000
F,23,157.669000
F,24,157.839000
F,25,157.624000
F,26,157.542000
F,27,157.491000
F,28,157.723000
F,29,157.657000
F,30,157.597000
F,31,157.366000
F,32,157.631000
F,33,157.457000
F,34,157.473000
F,35,157.648000
F,36,157.557000
F,37,157.739000
F,38,157.481000
F,39,157.745000
F,40,157.525000
F,41,157.707000
F,42,157.745000
F,43,157.513000
F,44,157.816000
F,45,157.520000
F,46,157.297000
F,47,157.498000
F,48,157.575000
F,49,157.484000
F,50,157.747000
F,51,157.582000
F,52,157.321000
F,53,157.490000
F,54,157.721000
F,55,157.534000
F,56,157.513000
F,57,157.768000
F,58,157.362000
F,59,157.731000
F,60,157.657000
F,61,157.552000
F,62,157.657000
F,63,157.595000
F,64,157.803000
F,65,157.707000
F,66,157.533000
F,67,157.653000
F,68,157.597000
F,69,157.790000
F,70,157.520000
F,71,157.676000
F,72,157.765000
F,73,157.551000
F,74,157.653000
F,75,157.636000
F,76,157.962000
F,77,157.822000
F,78,157.670000
F,79,157.653000
F,80,157.693000
F,81,157.630000
F,82,157.657000
F,83,157.684000
F,84,157.778000
F,85,157.708000
F,86,157.909000
F,87,157.613000
F,88,157.616000
F,89,157.601000
F,90,157.734000
F,91,157.646000
F,92,157.794000
F,93,157.699000
F,94,157.735000
F,95,157.589000
F,96,157.690000
F,97,157.607000
F,98,157.693000
F,99,157.479000
F,100,157.707000
F,101,157.629000
F,102,157.707000
F,103,157.622000
F,104,157.762000
F,105,157.566000
F,106,157.598000
F,107,157.347000
F,108,157.708000
F,109,157.446000
F,110,157.854000
F,111,157.785000
F,112,157.707000
F,113,157.745000
F,114,157.511000
F,115,157.596000
F,116,157.816000
F,117,157.933000
F,118,157.418000
F,119,157.659000
F,120,157.677000
F,121,157.684000
F,122,157.895000
F,123,157.566000
F,124,157.448000
F,125,157.442000
F,126,157.633000
F,127,157.780000
F,128,157.555000
F,129,157.777000
F,130,157.668000
F,131,157.539000
F,132,157.684000
F,133,157.466000
F,134,157.644000
F,135,157.779000
F,136,157.639000
F,137,157.469000
F,138,157.520000
F,139,157.739000
F,140,157.645000
F,141,157.606000
F,142,157.520000
F,143,157.474000
F,144,157.443000
F,145,157.468000
F,146,157.762000
F,147,156.978000
F,148,157.551000
F,149,157.667000
F,150,157.832000
F,151,157.216000
F,152,157.653000
F,153,157.441000
F,154,157.731000
F,155,157.684000
F,156,157.362000
F,157,157.785000
F,158,157.653000
F,159,157.621000
F,160,157.486000
F,161,157.669000
F,162,157.653000
F,163,157.441000
F,164,157.403000
F,165,157.707000
F,166,157.763000
F,167,157.667000
F,168,157.731000
F,169,157.433000
F,170,157.736000
F,171,157.465000
F,172,157.581000
F,173,157.551000
F,174,157.496000
F,175,157.442000
F,176,157.614000
F,177,157.566000
F,178,157.465000
F,179,157.611000
F,180,157.885000
F,181,157.393000
F,182,157.606000
F,183,157.767000
F,184,157.551000
F,185,157.576000
F,186,157.539000
F,187,157.607000
F,188,157.767000
F,189,157.479000
F,190,157.464000
F,191,157.496000
F,192,157.469000
F,193,157.551000
F,194,157.567000
F,195,157.735000
F,196,157.511000
F,197,157.551000
F,198,157.566000
F,199,157.428000
F,200,157.433000
F,201,157.551000
F,202,157.484000
F,203,157.276000
F,204,158.045000
F,205,157.400000
F,206,157.555000
F,207,157.443000
F,208,157.591000
F,209,157.870000
F,210,157.770000
F,211,157.670000
F,212,157.435000
F,213,157.540000
F,214,157.731000
F,215,157.551000
F,216,157.500000
F,217,157.645000
F,218,157.589000
F,219,157.595000
F,220,157.616000
F,221,157.378000
F,222,157.746000
F,223,157.736000
F,224,157.501000
F,225,157.362000
F,226,157.870000
F,227,157.629000
F,228,157.699000
F,229,157.537000
F,230,157.378000
F,231,157.317000
F,232,157.484000
F,233,157.589000
F,234,157.747000
F,235,157.616000
F,236,157.684000
F,237,157.513000
F,238,157.692000
F,239,157.542000
F,240,157.731000
F,241,157.499000
F,242,157.757000
F,243,157.660000
F,244,157.845000
F,245,157.534000
F,246,157.363000
F,247,157.714000
F,248,157.676000
F,249,157.589000
F,250,157.734000
F,251,157.687000
F,252,157.667000
F,253,157.687000
F,254,157.400000
F,255,157.520000
F,256,157.492000
F,257,157.551000
F,258,157.611000
F,259,157.560000
F,260,157.522000
F,261,157.265000
F,262,157.745000
F,263,157.489000
F,264,157.699000
F,265,157.629000
F,266,157.985000
F,267,157.529000
F,268,157.313000
F,269,157.386000
F,270,157.629000
F,271,157.504000
F,272,157.286000
F,273,157.821000
F,274,157.629000
F,275,157.690000
F,276,157.634000
F,277,157.731000
F,278,157.712000
F,279,157.676000
F,280,157.885000
F,281,157.536000
F,282,157.534000
F,283,157.569000
F,284,157.725000
F,285,157.524000
F,286,157.684000
F,287,157.634000
F,288,157.575000
F,289,157.781000
F,290,157.465000
F,291,157.366000
F,292,157.487000
F,293,157.854000
F,294,157.479000
F,295,157.857000
F,296,157.354000
F,297,157.684000
F,298,157.799000
F,299,157.747000
F,300,157.575000
F,301,157.799000
F,302,157.393000
F,303,157.491000
F,304,157.745000
F,305,157.708000
F,306,157.541000
F,307,157.418000
F,308,157.823000
F,309,157.338000
F,310,157.456000
F,311,157.441000
F,312,157.488000
F,313,157.800000
F,314,157.441000
F,315,157.551000
F,316,157.482000
F,317,157.738000
F,318,157.596000
F,319,157.747000
F,320,157.520000
F,321,157.566000
F,322,157.580000
F,323,157.529000
F,324,157.687000
F,325,157.534000
F,326,157.504000
F,327,157.614000
F,328,157.593000
F,329,157.491000
F,330,157.503000
F,331,157.520000
F,332,157.762000
F,333,157.745000
F,334,157.918000
F,335,157.585000
F,336,157.539000
F,337,157.479000
F,338,157.498000
F,339,157.621000
F,340,157.427000
F,341,157.542000
F,342,157.616000
F,343,157.713000
F,344,157.520000
F,345,157.479000
F,346,157.570000
F,347,157.433000
F,348,157.750000
F,349,157.824000
F,350,157.519000
F,351,157.670000
F,352,157.616000
F,353,157.768000
F,354,157.444000
F,355,157.551000
F,356,157.551000
F,357,157.629000
F,358,157.639000
F,359,157.505000
F,360,157.354000
F,361,157.684000
F,362,157.520000
F,363,157.667000
F,364,157.731000
F,365,157.435000
F,366,157.700000
F,367,157.536000
F,368,157.669000
F,369,157.752000
F,370,157.645000
F,371,157.524000
F,372,157.854000
F,373,157.534000
F,374,157.684000
F,375,157.803000
F,376,157.512000
F,377,157.272000
F,378,157.688000
F,379,157.687000
F,380,157.672000
F,381,157.669000
F,382,157.464000
F,383,157.525000
F,384,157.534000
F,385,157.781000
F,386,157.584000
F,387,157.321000
F,388,157.668000
F,389,157.634000
F,390,157.591000
F,391,157.433000
F,392,157.575000
F,393,157.715000
F,394,157.593000
F,395,157.386000
F,396,157.455000
F,397,157.377000
F,398,157.755000
F,399,157.379000
F,400,157.551000
F,401,157.527000
F,402,157.781000
F,403,157.589000
F,404,157.521000
F,405,157.574000
F,406,157.536000
F,407,157.639000
F,408,157.458000
F,409,157.667000
F,410,157.588000
F,411,157.707000
F,412,157.847000
F,413,157.699000
F,414,157.731000
F,415,157.614000
F,416,157.521000
F,417,157.606000
F,418,157.847000
F,419,157.731000
F,420,157.629000
F,421,157.841000
F,422,157.846000
F,423,157.639000
F,424,157.629000
F,425,157.745000
F,426,157.647000
F,427,157.794000
F,428,157.465000
F,429,157.507000
F,430,157.391000
F,431,157.684000
F,432,157.639000
F,433,157.621000
F,434,157.675000
F,435,157.606000
F,436,157.962000
F,437,157.557000
F,438,157.699000
F,439,157.271000
F,440,157.346000
F,441,157.497000
F,442,157.598000
F,443,157.726000
F,444,157.629000
F,445,157.800000
F,446,157.690000
F,447,157.252000
F,448,157.751000
F,449,157.756000
F,450,157.731000
F,451,157.479000
F,452,157.667000
F,453,157.702000
F,454,157.339000
F,455,157.763000
F,456,157.534000
F,457,157.629000
F,458,157.536000
F,459,157.634000
F,460,157.500000
F,461,157.537000
F,462,157.471000
F,463,157.670000
F,464,157.687000
F,465,157.657000
F,466,157.755000
F,467,157.678000
F,468,157.422000
F,469,158.041000
F,470,157.582000
F,471,157.667000
F,472,157.840000
F,473,157.582000
F,474,157.566000
F,475,157.418000
F,476,157.449000
F,477,157.746000
F,478,157.610000
F,479,157.455000
F,480,157.541000
F,481,157.936000
F,482,157.755000
F,483,157.893000
F,484,157.657000
F,485,157.576000
F,486,157.854000
F,487,157.551000
F,488,157.458000
F,489,157.347000
F,490,157.534000
F,491,157.583000
F,492,157.566000
F,493,157.551000
F,494,157.805000
F,495,157.870000
F,496,157.455000
F,497,157.455000
F,498,157.520000
F,499,157.657000
[4/5] ECDSA verify (32-byte digest) n=500
V,0,310.440000
V,1,310.418000
V,2,310.418000
V,3,310.418000
V,4,310.418000
V,5,310.418000
V,6,310.418000
V,7,310.418000
V,8,310.418000
V,9,310.418000
V,10,310.418000
V,11,310.418000
V,12,310.418000
V,13,310.418000
V,14,310.418000
V,15,310.420000
V,16,310.418000
V,17,310.418000
V,18,310.418000
V,19,310.418000
V,20,310.418000
V,21,310.418000
V,22,310.418000
V,23,310.418000
V,24,310.418000
V,25,310.418000
V,26,310.418000
V,27,310.418000
V,28,310.418000
V,29,310.418000
V,30,310.418000
V,31,310.418000
V,32,310.418000
V,33,310.418000
V,34,310.419000
V,35,310.418000
V,36,310.418000
V,37,310.418000
V,38,310.418000
V,39,310.418000
V,40,310.418000
V,41,310.418000
V,42,310.418000
V,43,310.418000
V,44,310.418000
V,45,310.418000
V,46,310.418000
V,47,310.399000
V,48,310.418000
V,49,310.418000
V,50,310.418000
V,51,310.418000
V,52,310.418000
V,53,310.418000
V,54,310.429000
V,55,310.418000
V,56,310.418000
V,57,310.418000
V,58,310.418000
V,59,310.418000
V,60,310.418000
V,61,310.418000
V,62,310.418000
V,63,310.418000
V,64,310.418000
V,65,310.418000
V,66,310.418000
V,67,310.418000
V,68,310.418000
V,69,310.429000
V,70,310.418000
V,71,310.418000
V,72,310.418000
V,73,310.418000
V,74,310.418000
V,75,310.418000
V,76,310.418000
V,77,310.418000
V,78,310.418000
V,79,310.418000
V,80,310.418000
V,81,310.418000
V,82,310.418000
V,83,310.418000
V,84,310.418000
V,85,310.418000
V,86,310.418000
V,87,310.418000
V,88,310.420000
V,89,310.418000
V,90,310.418000
V,91,310.418000
V,92,310.418000
V,93,310.418000
V,94,310.418000
V,95,310.418000
V,96,310.418000
V,97,310.418000
V,98,310.418000
V,99,310.418000
V,100,310.418000
V,101,310.418000
V,102,310.418000
V,103,310.418000
V,104,310.418000
V,105,310.418000
V,106,310.418000
V,107,310.421000
V,108,310.418000
V,109,310.418000
V,110,310.418000
V,111,310.418000
V,112,310.418000
V,113,310.418000
V,114,310.418000
V,115,310.418000
V,116,310.418000
V,117,310.418000
V,118,310.418000
V,119,310.418000
V,120,310.399000
V,121,310.418000
V,122,310.418000
V,123,310.413000
V,124,310.418000
V,125,310.418000
V,126,310.418000
V,127,310.418000
V,128,310.418000
V,129,310.418000
V,130,310.418000
V,131,310.418000
V,132,310.418000
V,133,310.418000
V,134,310.418000
V,135,310.418000
V,136,310.418000
V,137,310.418000
V,138,310.418000
V,139,310.418000
V,140,310.418000
V,141,310.418000
V,142,310.420000
V,143,310.418000
V,144,310.418000
V,145,310.418000
V,146,310.418000
V,147,310.418000
V,148,310.418000
V,149,310.418000
V,150,310.418000
V,151,310.418000
V,152,310.418000
V,153,310.418000
V,154,310.418000
V,155,310.418000
V,156,310.418000
V,157,310.418000
V,158,310.418000
V,159,310.418000
V,160,310.418000
V,161,310.420000
V,162,310.418000
V,163,310.418000
V,164,310.418000
V,165,310.418000
V,166,310.418000
V,167,310.418000
V,168,310.418000
V,169,310.418000
V,170,310.418000
V,171,310.418000
V,172,310.418000
V,173,310.418000
V,174,310.418000
V,175,310.418000
V,176,310.418000
V,177,310.418000
V,178,310.418000
V,179,310.418000
V,180,310.418000
V,181,310.428000
V,182,310.418000
V,183,310.418000
V,184,310.418000
V,185,310.418000
V,186,310.418000
V,187,310.418000
V,188,310.418000
V,189,310.418000
V,190,310.418000
V,191,310.418000
V,192,310.418000
V,193,310.418000
V,194,310.418000
V,195,310.418000
V,196,310.429000
V,197,310.418000
V,198,310.418000
V,199,310.418000
V,200,310.429000
V,201,310.418000
V,202,310.418000
V,203,310.418000
V,204,310.418000
V,205,310.418000
V,206,310.418000
V,207,310.418000
V,208,310.418000
V,209,310.418000
V,210,310.418000
V,211,310.418000
V,212,310.418000
V,213,310.418000
V,214,310.418000
V,215,310.420000
V,216,310.418000
V,217,310.418000
V,218,310.418000
V,219,310.418000
V,220,310.418000
V,221,310.418000
V,222,310.418000
V,223,310.418000
V,224,310.418000
V,225,310.418000
V,226,310.418000
V,227,310.418000
V,228,310.418000
V,229,310.418000
V,230,310.418000
V,231,310.418000
V,232,310.418000
V,233,310.418000
V,234,310.419000
V,235,310.418000
V,236,310.418000
V,237,310.418000
V,238,310.418000
V,239,310.418000
V,240,310.418000
V,241,310.418000
V,242,310.418000
V,243,310.418000
V,244,310.418000
V,245,310.418000
V,246,310.418000
V,247,310.399000
V,248,310.418000
V,249,310.418000
V,250,310.418000
V,251,310.418000
V,252,310.418000
V,253,310.418000
V,254,310.418000
V,255,310.418000
V,256,310.418000
V,257,310.418000
V,258,310.418000
V,259,310.418000
V,260,310.418000
V,261,310.418000
V,262,310.418000
V,263,310.418000
V,264,310.418000
V,265,310.418000
V,266,310.418000
V,267,310.418000
V,268,310.418000
V,269,310.429000
V,270,310.418000
V,271,310.418000
V,272,310.418000
V,273,310.418000
V,274,310.418000
V,275,310.418000
V,276,310.418000
V,277,310.418000
V,278,310.418000
V,279,310.418000
V,280,310.418000
V,281,310.418000
V,282,310.418000
V,283,310.418000
V,284,310.418000
V,285,310.418000
V,286,310.418000
V,287,310.418000
V,288,310.420000
V,289,310.418000
V,290,310.418000
V,291,310.418000
V,292,310.418000
V,293,310.418000
V,294,310.418000
V,295,310.418000
V,296,310.418000
V,297,310.418000
V,298,310.418000
V,299,310.418000
V,300,310.418000
V,301,310.418000
V,302,310.418000
V,303,310.418000
V,304,310.418000
V,305,310.418000
V,306,310.418000
V,307,310.421000
V,308,310.418000
V,309,310.418000
V,310,310.418000
V,311,310.418000
V,312,310.418000
V,313,310.418000
V,314,310.418000
V,315,310.418000
V,316,310.418000
V,317,310.418000
V,318,310.418000
V,319,310.418000
V,320,310.399000
V,321,310.418000
V,322,310.418000
V,323,310.413000
V,324,310.418000
V,325,310.418000
V,326,310.418000
V,327,310.418000
V,328,310.418000
V,329,310.418000
V,330,310.418000
V,331,310.418000
V,332,310.418000
V,333,310.418000
V,334,310.418000
V,335,310.418000
V,336,310.418000
V,337,310.418000
V,338,310.418000
V,339,310.418000
V,340,310.418000
V,341,310.418000
V,342,310.420000
V,343,310.418000
V,344,310.418000
V,345,310.418000
V,346,310.418000
V,347,310.418000
V,348,310.418000
V,349,310.418000
V,350,310.418000
V,351,310.418000
V,352,310.418000
V,353,310.418000
V,354,310.418000
V,355,310.418000
V,356,310.418000
V,357,310.418000
V,358,310.418000
V,359,310.418000
V,360,310.418000
V,361,310.420000
V,362,310.418000
V,363,310.418000
V,364,310.418000
V,365,310.418000
V,366,310.418000
V,367,310.418000
V,368,310.418000
V,369,310.418000
V,370,310.418000
V,371,310.418000
V,372,310.418000
V,373,310.418000
V,374,310.418000
V,375,310.418000
V,376,310.418000
V,377,310.418000
V,378,310.418000
V,379,310.418000
V,380,310.418000
V,381,310.428000
V,382,310.418000
V,383,310.418000
V,384,310.418000
V,385,310.418000
V,386,310.418000
V,387,310.418000
V,388,310.418000
V,389,310.418000
V,390,310.418000
V,391,310.418000
V,392,310.418000
V,393,310.418000
V,394,310.418000
V,395,310.418000
V,396,310.429000
V,397,310.418000
V,398,310.418000
V,399,310.418000
V,400,310.429000
V,401,310.418000
V,402,310.418000
V,403,310.418000
V,404,310.418000
V,405,310.418000
V,406,310.418000
V,407,310.418000
V,408,310.418000
V,409,310.418000
V,410,310.418000
V,411,310.418000
V,412,310.418000
V,413,310.418000
V,414,310.418000
V,415,310.420000
V,416,310.418000
V,417,310.418000
V,418,310.418000
V,419,310.418000
V,420,310.418000
V,421,310.418000
V,422,310.418000
V,423,310.418000
V,424,310.418000
V,425,310.418000
V,426,310.418000
V,427,310.418000
V,428,310.418000
V,429,310.418000
V,430,310.418000
V,431,310.418000
V,432,310.418000
V,433,310.418000
V,434,310.419000
V,435,310.418000
V,436,310.418000
V,437,310.418000
V,438,310.418000
V,439,310.418000
V,440,310.418000
V,441,310.418000
V,442,310.418000
V,443,310.418000
V,444,310.418000
V,445,310.418000
V,446,310.418000
V,447,310.399000
V,448,310.418000
V,449,310.418000
V,450,310.418000
V,451,310.418000
V,452,310.418000
V,453,310.418000
V,454,310.429000
V,455,310.418000
V,456,310.418000
V,457,310.418000
V,458,310.418000
V,459,310.418000
V,460,310.418000
V,461,310.418000
V,462,310.418000
V,463,310.418000
V,464,310.418000
V,465,310.418000
V,466,310.418000
V,467,310.418000
V,468,310.418000
V,469,310.429000
V,470,310.418000
V,471,310.418000
V,472,310.418000
V,473,310.418000
V,474,310.418000
V,475,310.418000
V,476,310.418000
V,477,310.418000
V,478,310.418000
V,479,310.418000
V,480,310.418000
V,481,310.418000
V,482,310.418000
V,483,310.418000
V,484,310.418000
V,485,310.418000
V,486,310.418000
V,487,310.418000
V,488,310.420000
V,489,310.418000
V,490,310.418000
V,491,310.418000
V,492,310.418000
V,493,310.418000
V,494,310.418000
V,495,310.418000
V,496,310.418000
V,497,310.418000
V,498,310.418000
V,499,310.418000
NEGATIVE_CONTROL,tampered_digest_rc=-19968,REJECTED_OK
[5/5] SHA-256 over 7353 B n=200
H,0,0.796000
H,1,0.758000
H,2,0.758000
H,3,0.758000
H,4,0.758000
H,5,0.758000
H,6,0.758000
H,7,0.758000
H,8,0.758000
H,9,0.758000
H,10,0.758000
H,11,0.758000
H,12,0.758000
H,13,0.758000
H,14,0.758000
H,15,0.758000
H,16,0.758000
H,17,0.758000
H,18,0.758000
H,19,0.758000
H,20,0.756000
H,21,0.758000
H,22,0.758000
H,23,0.758000
H,24,0.758000
H,25,0.758000
H,26,0.758000
H,27,0.758000
H,28,0.758000
H,29,0.758000
H,30,0.758000
H,31,0.758000
H,32,0.758000
H,33,0.758000
H,34,0.758000
H,35,0.758000
H,36,0.758000
H,37,0.758000
H,38,0.758000
H,39,0.758000
H,40,0.758000
H,41,0.758000
H,42,0.758000
H,43,0.758000
H,44,0.758000
H,45,0.758000
H,46,0.758000
H,47,0.758000
H,48,0.758000
H,49,0.758000
H,50,0.758000
H,51,0.758000
H,52,0.758000
H,53,0.758000
H,54,0.758000
H,55,0.758000
H,56,0.758000
H,57,0.758000
H,58,0.758000
H,59,0.758000
H,60,0.758000
H,61,0.758000
H,62,0.758000
H,63,0.758000
H,64,0.758000
H,65,0.758000
H,66,0.758000
H,67,0.758000
H,68,0.758000
H,69,0.756000
H,70,0.758000
H,71,0.758000
H,72,0.758000
H,73,0.758000
H,74,0.758000
H,75,0.758000
H,76,0.758000
H,77,0.758000
H,78,0.758000
H,79,0.758000
H,80,0.758000
H,81,0.758000
H,82,0.758000
H,83,0.758000
H,84,0.758000
H,85,0.758000
H,86,0.758000
H,87,0.758000
H,88,0.758000
H,89,0.758000
H,90,0.758000
H,91,0.758000
H,92,0.758000
H,93,0.758000
H,94,0.758000
H,95,0.758000
H,96,0.758000
H,97,0.758000
H,98,0.758000
H,99,0.758000
H,100,0.758000
H,101,0.758000
H,102,0.758000
H,103,0.758000
H,104,0.758000
H,105,0.758000
H,106,0.758000
H,107,0.758000
H,108,0.758000
H,109,0.758000
H,110,0.758000
H,111,0.758000
H,112,0.758000
H,113,0.756000
H,114,0.758000
H,115,0.758000
H,116,0.758000
H,117,0.758000
H,118,0.758000
H,119,0.758000
H,120,0.758000
H,121,0.758000
H,122,0.758000
H,123,0.758000
H,124,0.758000
H,125,0.758000
H,126,0.758000
H,127,0.758000
H,128,0.758000
H,129,0.758000
H,130,0.758000
H,131,0.758000
H,132,0.758000
H,133,0.758000
H,134,0.758000
H,135,0.758000
H,136,0.758000
H,137,0.758000
H,138,0.758000
H,139,0.758000
H,140,0.758000
H,141,0.758000
H,142,0.758000
H,143,0.758000
H,144,0.758000
H,145,0.758000
H,146,0.758000
H,147,0.758000
H,148,0.756000
H,149,0.758000
H,150,0.758000
H,151,0.758000
H,152,0.758000
H,153,0.758000
H,154,0.758000
H,155,0.758000
H,156,0.758000
H,157,0.758000
H,158,0.758000
H,159,0.758000
H,160,0.758000
H,161,0.758000
H,162,0.758000
H,163,0.758000
H,164,0.758000
H,165,0.758000
H,166,0.758000
H,167,0.758000
H,168,0.758000
H,169,0.758000
H,170,0.758000
H,171,0.758000
H,172,0.758000
H,173,0.758000
H,174,0.758000
H,175,0.758000
H,176,0.758000
H,177,0.758000
H,178,0.758000
H,179,0.758000
H,180,0.758000
H,181,0.758000
H,182,0.758000
H,183,0.756000
H,184,0.758000
H,185,0.758000
H,186,0.758000
H,187,0.758000
H,188,0.758000
H,189,0.758000
H,190,0.758000
H,191,0.758000
H,192,0.758000
H,193,0.758000
H,194,0.758000
H,195,0.758000
H,196,0.758000
H,197,0.758000
H,198,0.758000
H,199,0.758000

--- SUMMARY ---
KEYGEN         n=20 mean=144.961450 sd=0.187748 min=144.716000 median=144.908000 p95=145.202700 p99=145.517340 max=145.596000 ms
SIGN_DIGEST    n=500 mean=156.783906 sd=0.144145 min=156.274000 median=156.776000 p95=157.028000 p99=157.092210 max=157.165000 ms
FRAME_SIGN     n=500 mean=157.606840 sd=0.145109 min=156.978000 median=157.606500 p95=157.845050 p99=157.954080 max=158.045000 ms
VERIFY         n=500 mean=310.418130 sd=0.002713 min=310.399000 median=310.418000 p95=310.419000 p99=310.429000 max=310.440000 ms
SHA256_7353    n=200 mean=0.758140 sd=0.002702 min=0.756000 median=0.758000 p95=0.758000 p99=0.758000 max=0.796000 ms
FRAME_SIGN_over_100ms=500/500
heap free=269452 min=243816
ESP32_ECDSA_BASELINE_OK
