[PLATFORM] ESP32 | 240 MHz | 2 core | SDK v5.5.5
[PLATFORM] flash=4194304 B heap=305608 B
[ECDSA] transcript input = 7353 bytes
[1/5] ECDSA-P256 keygen n=20
KG,0,145.144000
KG,1,145.590000
KG,2,144.839000
KG,3,144.903000
KG,4,144.796000
KG,5,144.782000
KG,6,145.074000
KG,7,144.640000
KG,8,144.654000
KG,9,145.095000
KG,10,144.860000
KG,11,144.942000
KG,12,144.902000
KG,13,144.910000
KG,14,144.798000
KG,15,145.032000
KG,16,145.124000
KG,17,144.820000
KG,18,144.935000
KG,19,144.693000
[2/5] ECDSA sign (32-byte digest) n=500
S,0,157.011000
S,1,156.806000
S,2,156.529000
S,3,156.718000
S,4,156.939000
S,5,156.674000
S,6,156.917000
S,7,156.741000
S,8,157.053000
S,9,156.769000
S,10,156.741000
S,11,157.030000
S,12,156.654000
S,13,156.864000
S,14,157.087000
S,15,157.159000
S,16,156.453000
S,17,156.645000
S,18,156.846000
S,19,156.779000
S,20,156.867000
S,21,156.723000
S,22,156.354000
S,23,156.795000
S,24,156.792000
S,25,156.585000
S,26,156.551000
S,27,156.822000
S,28,156.691000
S,29,156.769000
S,30,156.956000
S,31,156.848000
S,32,156.891000
S,33,156.496000
S,34,156.714000
S,35,156.643000
S,36,156.663000
S,37,156.773000
S,38,156.918000
S,39,156.733000
S,40,156.728000
S,41,156.792000
S,42,156.753000
S,43,156.694000
S,44,156.676000
S,45,156.745000
S,46,156.964000
S,47,156.800000
S,48,156.760000
S,49,156.796000
S,50,156.968000
S,51,156.866000
S,52,156.927000
S,53,156.587000
S,54,157.087000
S,55,156.668000
S,56,156.849000
S,57,156.753000
S,58,156.652000
S,59,156.848000
S,60,156.923000
S,61,157.083000
S,62,156.903000
S,63,156.923000
S,64,156.615000
S,65,156.698000
S,66,156.691000
S,67,156.823000
S,68,156.741000
S,69,156.923000
S,70,156.771000
S,71,156.880000
S,72,156.509000
S,73,156.514000
S,74,156.895000
S,75,156.665000
S,76,156.860000
S,77,156.542000
S,78,156.620000
S,79,156.669000
S,80,156.840000
S,81,156.853000
S,82,156.614000
S,83,156.792000
S,84,156.621000
S,85,156.565000
S,86,156.868000
S,87,156.606000
S,88,156.473000
S,89,156.542000
S,90,156.838000
S,91,156.640000
S,92,156.852000
S,93,156.823000
S,94,156.747000
S,95,156.891000
S,96,156.860000
S,97,156.813000
S,98,157.051000
S,99,156.631000
S,100,156.472000
S,101,156.668000
S,102,156.557000
S,103,156.738000
S,104,156.976000
S,105,156.738000
S,106,156.784000
S,107,156.800000
S,108,156.530000
S,109,156.575000
S,110,156.771000
S,111,156.730000
S,112,156.876000
S,113,156.691000
S,114,156.853000
S,115,156.732000
S,116,156.860000
S,117,156.637000
S,118,156.778000
S,119,156.956000
S,120,156.560000
S,121,156.784000
S,122,156.792000
S,123,156.660000
S,124,156.853000
S,125,156.906000
S,126,156.741000
S,127,156.794000
S,128,156.905000
S,129,156.825000
S,130,156.638000
S,131,156.864000
S,132,156.435000
S,133,157.083000
S,134,156.755000
S,135,156.826000
S,136,156.676000
S,137,156.546000
S,138,156.904000
S,139,156.860000
S,140,156.848000
S,141,156.675000
S,142,156.963000
S,143,156.752000
S,144,156.860000
S,145,156.806000
S,146,157.102000
S,147,156.597000
S,148,156.837000
S,149,156.605000
S,150,156.866000
S,151,156.776000
S,152,156.654000
S,153,156.625000
S,154,156.652000
S,155,156.753000
S,156,156.770000
S,157,156.730000
S,158,156.522000
S,159,156.738000
S,160,156.986000
S,161,156.721000
S,162,156.709000
S,163,156.679000
S,164,156.847000
S,165,156.587000
S,166,156.903000
S,167,156.787000
S,168,156.723000
S,169,156.552000
S,170,156.823000
S,171,156.707000
S,172,156.741000
S,173,156.846000
S,174,156.863000
S,175,156.585000
S,176,156.676000
S,177,156.956000
S,178,156.696000
S,179,156.879000
S,180,156.630000
S,181,156.799000
S,182,156.812000
S,183,156.771000
S,184,156.871000
S,185,157.022000
S,186,156.585000
S,187,156.652000
S,188,156.529000
S,189,156.747000
S,190,156.691000
S,191,156.904000
S,192,157.025000
S,193,156.728000
S,194,156.776000
S,195,156.691000
S,196,156.846000
S,197,156.723000
S,198,156.811000
S,199,156.812000
S,200,156.621000
S,201,156.852000
S,202,156.551000
S,203,156.876000
S,204,156.751000
S,205,156.829000
S,206,156.630000
S,207,156.838000
S,208,156.806000
S,209,156.884000
S,210,156.397000
S,211,156.818000
S,212,156.976000
S,213,156.684000
S,214,157.006000
S,215,156.435000
S,216,156.846000
S,217,156.691000
S,218,156.637000
S,219,156.884000
S,220,156.784000
S,221,156.552000
S,222,156.823000
S,223,156.876000
S,224,156.816000
S,225,156.747000
S,226,157.034000
S,227,156.937000
S,228,156.847000
S,229,156.838000
S,230,156.527000
S,231,156.676000
S,232,156.637000
S,233,156.877000
S,234,156.838000
S,235,156.755000
S,236,156.622000
S,237,156.599000
S,238,156.949000
S,239,156.808000
S,240,156.551000
S,241,156.876000
S,242,157.051000
S,243,156.605000
S,244,156.763000
S,245,156.900000
S,246,156.763000
S,247,156.678000
S,248,156.800000
S,249,156.660000
S,250,157.038000
S,251,156.769000
S,252,156.668000
S,253,156.662000
S,254,156.412000
S,255,156.719000
S,256,156.691000
S,257,156.600000
S,258,156.660000
S,259,156.622000
S,260,156.838000
S,261,156.812000
S,262,156.825000
S,263,156.853000
S,264,156.971000
S,265,156.637000
S,266,156.606000
S,267,156.662000
S,268,156.637000
S,269,156.611000
S,270,156.721000
S,271,157.128000
S,272,156.747000
S,273,156.476000
S,274,156.853000
S,275,156.676000
S,276,157.007000
S,277,156.822000
S,278,156.551000
S,279,156.666000
S,280,156.806000
S,281,156.905000
S,282,156.891000
S,283,156.699000
S,284,156.806000
S,285,156.706000
S,286,156.612000
S,287,156.902000
S,288,156.691000
S,289,156.807000
S,290,156.881000
S,291,156.719000
S,292,156.565000
S,293,156.661000
S,294,156.709000
S,295,156.865000
S,296,156.714000
S,297,156.752000
S,298,156.752000
S,299,156.792000
S,300,156.728000
S,301,156.876000
S,302,156.769000
S,303,156.770000
S,304,156.825000
S,305,156.825000
S,306,156.860000
S,307,157.069000
S,308,156.850000
S,309,156.818000
S,310,156.709000
S,311,156.799000
S,312,156.744000
S,313,156.741000
S,314,156.582000
S,315,156.923000
S,316,156.730000
S,317,156.691000
S,318,156.606000
S,319,156.528000
S,320,156.675000
S,321,156.708000
S,322,156.555000
S,323,156.637000
S,324,156.774000
S,325,156.927000
S,326,156.714000
S,327,156.884000
S,328,156.906000
S,329,156.755000
S,330,156.674000
S,331,156.892000
S,332,156.848000
S,333,156.745000
S,334,156.504000
S,335,156.822000
S,336,156.740000
S,337,156.706000
S,338,156.846000
S,339,156.670000
S,340,157.038000
S,341,156.784000
S,342,156.929000
S,343,157.058000
S,344,156.784000
S,345,156.504000
S,346,156.846000
S,347,156.794000
S,348,156.907000
S,349,156.914000
S,350,157.153000
S,351,156.794000
S,352,156.685000
S,353,156.613000
S,354,156.851000
S,355,156.741000
S,356,156.848000
S,357,156.714000
S,358,156.676000
S,359,156.784000
S,360,156.776000
S,361,156.665000
S,362,156.565000
S,363,156.546000
S,364,156.825000
S,365,156.849000
S,366,156.956000
S,367,156.592000
S,368,156.923000
S,369,156.814000
S,370,156.838000
S,371,156.840000
S,372,156.738000
S,373,156.574000
S,374,156.846000
S,375,156.923000
S,376,156.542000
S,377,156.806000
S,378,156.977000
S,379,156.838000
S,380,156.918000
S,381,156.891000
S,382,156.660000
S,383,156.696000
S,384,156.850000
S,385,156.841000
S,386,157.051000
S,387,156.639000
S,388,156.938000
S,389,156.924000
S,390,156.822000
S,391,156.620000
S,392,156.850000
S,393,156.590000
S,394,156.853000
S,395,156.784000
S,396,156.848000
S,397,156.532000
S,398,156.792000
S,399,156.729000
S,400,156.799000
S,401,156.964000
S,402,157.041000
S,403,156.823000
S,404,156.645000
S,405,156.923000
S,406,156.741000
S,407,156.968000
S,408,156.838000
S,409,156.527000
S,410,156.627000
S,411,156.723000
S,412,156.694000
S,413,157.063000
S,414,156.491000
S,415,156.738000
S,416,156.876000
S,417,156.905000
S,418,156.772000
S,419,156.900000
S,420,156.752000
S,421,156.917000
S,422,156.885000
S,423,156.887000
S,424,156.823000
S,425,156.945000
S,426,156.680000
S,427,156.752000
S,428,156.738000
S,429,156.714000
S,430,156.899000
S,431,156.776000
S,432,156.738000
S,433,156.787000
S,434,156.806000
S,435,156.660000
S,436,156.741000
S,437,156.752000
S,438,156.652000
S,439,156.977000
S,440,156.929000
S,441,156.716000
S,442,156.660000
S,443,156.637000
S,444,156.720000
S,445,156.970000
S,446,157.067000
S,447,156.514000
S,448,156.928000
S,449,156.686000
S,450,156.827000
S,451,156.701000
S,452,156.838000
S,453,156.734000
S,454,156.982000
S,455,156.551000
S,456,156.853000
S,457,156.876000
S,458,156.723000
S,459,156.792000
S,460,156.810000
S,461,156.792000
S,462,156.825000
S,463,156.841000
S,464,156.822000
S,465,156.693000
S,466,156.917000
S,467,156.674000
S,468,157.034000
S,469,156.626000
S,470,156.732000
S,471,156.907000
S,472,156.738000
S,473,156.606000
S,474,156.899000
S,475,156.774000
S,476,156.729000
S,477,156.982000
S,478,156.838000
S,479,156.779000
S,480,156.738000
S,481,156.733000
S,482,156.377000
S,483,156.676000
S,484,156.784000
S,485,156.460000
S,486,156.784000
S,487,156.929000
S,488,156.818000
S,489,156.729000
S,490,156.806000
S,491,156.744000
S,492,156.722000
S,493,156.806000
S,494,156.940000
S,495,156.792000
S,496,156.876000
S,497,156.806000
S,498,156.529000
S,499,156.771000
[ECDSA] DER signature length (last) = 70 bytes
[3/5] ECDSA framework sign (SHA-256 over 7353 B + sign) n=500
F,0,157.363000
F,1,157.418000
F,2,157.687000
F,3,157.598000
F,4,157.761000
F,5,157.458000
F,6,157.530000
F,7,157.527000
F,8,157.420000
F,9,157.660000
F,10,157.465000
F,11,157.284000
F,12,157.869000
F,13,157.757000
F,14,157.473000
F,15,157.487000
F,16,157.450000
F,17,157.840000
F,18,157.388000
F,19,157.653000
F,20,157.465000
F,21,157.696000
F,22,157.445000
F,23,157.480000
F,24,157.613000
F,25,157.834000
F,26,157.489000
F,27,157.752000
F,28,157.506000
F,29,157.615000
F,30,157.271000
F,31,157.927000
F,32,157.494000
F,33,157.816000
F,34,157.784000
F,35,157.519000
F,36,157.613000
F,37,157.592000
F,38,157.605000
F,39,157.669000
F,40,157.473000
F,41,157.538000
F,42,157.394000
F,43,157.660000
F,44,157.445000
F,45,157.564000
F,46,157.559000
F,47,157.487000
F,48,157.560000
F,49,157.748000
F,50,157.380000
F,51,157.499000
F,52,157.559000
F,53,157.587000
F,54,157.596000
F,55,157.460000
F,56,157.662000
F,57,157.763000
F,58,157.396000
F,59,157.504000
F,60,157.636000
F,61,157.354000
F,62,157.615000
F,63,157.321000
F,64,157.830000
F,65,157.645000
F,66,157.527000
F,67,157.519000
F,68,157.386000
F,69,157.660000
F,70,157.654000
F,71,157.776000
F,72,157.589000
F,73,157.547000
F,74,157.460000
F,75,157.473000
F,76,157.569000
F,77,157.473000
F,78,157.533000
F,79,157.527000
F,80,157.315000
F,81,157.547000
F,82,157.629000
F,83,157.549000
F,84,157.249000
F,85,157.723000
F,86,157.504000
F,87,157.757000
F,88,157.753000
F,89,157.600000
F,90,157.614000
F,91,157.377000
F,92,157.643000
F,93,157.799000
F,94,157.608000
F,95,157.569000
F,96,157.474000
F,97,157.424000
F,98,157.605000
F,99,157.474000
F,100,157.365000
F,101,157.449000
F,102,157.401000
F,103,157.709000
F,104,157.561000
F,105,157.514000
F,106,157.473000
F,107,157.362000
F,108,157.410000
F,109,157.680000
F,110,157.669000
F,111,157.504000
F,112,157.460000
F,113,157.435000
F,114,157.687000
F,115,157.527000
F,116,157.490000
F,117,157.290000
F,118,157.362000
F,119,157.668000
F,120,157.546000
F,121,157.834000
F,122,157.691000
F,123,157.715000
F,124,157.674000
F,125,157.582000
F,126,157.878000
F,127,157.300000
F,128,157.729000
F,129,157.473000
F,130,157.271000
F,131,157.477000
F,132,157.628000
F,133,157.575000
F,134,157.605000
F,135,157.445000
F,136,157.450000
F,137,157.752000
F,138,157.432000
F,139,157.504000
F,140,157.589000
F,141,157.776000
F,142,157.507000
F,143,157.771000
F,144,157.281000
F,145,157.691000
F,146,157.686000
F,147,157.453000
F,148,157.651000
F,149,157.618000
F,150,157.302000
F,151,157.354000
F,152,157.354000
F,153,157.488000
F,154,157.449000
F,155,157.566000
F,156,157.660000
F,157,157.598000
F,158,157.687000
F,159,157.651000
F,160,157.559000
F,161,157.709000
F,162,157.891000
F,163,157.679000
F,164,157.644000
F,165,157.543000
F,166,157.636000
F,167,157.504000
F,168,157.661000
F,169,157.354000
F,170,157.559000
F,171,157.607000
F,172,157.381000
F,173,157.589000
F,174,157.394000
F,175,157.613000
F,176,157.401000
F,177,157.519000
F,178,157.715000
F,179,157.582000
F,180,157.329000
F,181,157.453000
F,182,157.381000
F,183,157.660000
F,184,157.910000
F,185,157.354000
F,186,157.706000
F,187,157.487000
F,188,157.432000
F,189,157.778000
F,190,157.582000
F,191,157.547000
F,192,157.646000
F,193,157.439000
F,194,157.293000
F,195,157.608000
F,196,157.740000
F,197,157.460000
F,198,157.628000
F,199,157.457000
F,200,157.636000
F,201,157.453000
F,202,157.457000
F,203,157.522000
F,204,157.409000
F,205,157.583000
F,206,157.504000
F,207,157.504000
F,208,157.706000
F,209,157.537000
F,210,157.638000
F,211,157.553000
F,212,157.244000
F,213,157.794000
F,214,157.669000
F,215,157.601000
F,216,157.728000
F,217,157.653000
F,218,157.651000
F,219,157.582000
F,220,157.613000
F,221,157.824000
F,222,157.270000
F,223,157.562000
F,224,157.674000
F,225,157.563000
F,226,157.756000
F,227,157.466000
F,228,157.654000
F,229,157.256000
F,230,157.569000
F,231,157.636000
F,232,157.449000
F,233,157.477000
F,234,157.738000
F,235,157.363000
F,236,157.477000
F,237,157.487000
F,238,157.706000
F,239,157.660000
F,240,157.691000
F,241,157.464000
F,242,157.810000
F,243,157.609000
F,244,157.533000
F,245,157.380000
F,246,157.715000
F,247,157.651000
F,248,157.563000
F,249,157.512000
F,250,157.284000
F,251,157.544000
F,252,157.527000
F,253,157.559000
F,254,157.559000
F,255,157.753000
F,256,157.283000
F,257,157.700000
F,258,157.582000
F,259,157.562000
F,260,157.669000
F,261,157.473000
F,262,157.536000
F,263,157.646000
F,264,157.752000
F,265,157.619000
F,266,157.339000
F,267,157.661000
F,268,157.412000
F,269,157.490000
F,270,157.453000
F,271,157.434000
F,272,157.694000
F,273,157.608000
F,274,157.668000
F,275,157.305000
F,276,157.733000
F,277,157.619000
F,278,157.589000
F,279,157.473000
F,280,157.507000
F,281,157.602000
F,282,157.511000
F,283,157.637000
F,284,157.379000
F,285,157.386000
F,286,157.315000
F,287,157.575000
F,288,157.346000
F,289,157.771000
F,290,157.687000
F,291,157.666000
F,292,157.442000
F,293,157.510000
F,294,157.293000
F,295,157.400000
F,296,157.548000
F,297,157.473000
F,298,157.543000
F,299,157.394000
F,300,157.345000
F,301,157.345000
F,302,157.389000
F,303,157.527000
F,304,157.769000
F,305,157.504000
F,306,157.521000
F,307,157.366000
F,308,157.700000
F,309,157.453000
F,310,157.535000
F,311,157.326000
F,312,157.613000
F,313,157.453000
F,314,157.435000
F,315,157.567000
F,316,157.636000
F,317,157.369000
F,318,157.504000
F,319,157.490000
F,320,157.706000
F,321,157.274000
F,322,157.510000
F,323,157.288000
F,324,157.455000
F,325,157.674000
F,326,157.205000
F,327,157.326000
F,328,157.376000
F,329,157.715000
F,330,157.347000
F,331,157.559000
F,332,157.349000
F,333,157.519000
F,334,157.721000
F,335,157.583000
F,336,157.362000
F,337,157.440000
F,338,157.496000
F,339,157.389000
F,340,157.376000
F,341,157.381000
F,342,157.475000
F,343,157.660000
F,344,157.432000
F,345,157.585000
F,346,157.569000
F,347,157.362000
F,348,157.566000
F,349,157.453000
F,350,157.326000
F,351,157.394000
F,352,157.547000
F,353,157.439000
F,354,157.583000
F,355,157.629000
F,356,157.675000
F,357,157.488000
F,358,157.660000
F,359,157.548000
F,360,157.669000
F,361,157.582000
F,362,157.589000
F,363,157.699000
F,364,157.371000
F,365,157.381000
F,366,157.538000
F,367,157.848000
F,368,157.669000
F,369,157.613000
F,370,157.582000
F,371,157.362000
F,372,158.039000
F,373,157.769000
F,374,157.668000
F,375,157.583000
F,376,157.569000
F,377,157.504000
F,378,157.323000
F,379,157.706000
F,380,157.418000
F,381,157.599000
F,382,157.884000
F,383,157.418000
F,384,157.538000
F,385,157.681000
F,386,157.432000
F,387,157.490000
F,388,157.614000
F,389,157.514000
F,390,157.401000
F,391,157.678000
F,392,157.442000
F,393,157.426000
F,394,157.591000
F,395,157.477000
F,396,157.432000
F,397,157.753000
F,398,157.792000
F,399,157.605000
F,400,157.549000
F,401,157.529000
F,402,157.661000
F,403,157.418000
F,404,157.773000
F,405,157.366000
F,406,157.424000
F,407,157.530000
F,408,157.478000
F,409,157.536000
F,410,157.551000
F,411,157.522000
F,412,157.242000
F,413,157.507000
F,414,157.542000
F,415,157.587000
F,416,157.418000
F,417,157.527000
F,418,157.879000
F,419,157.490000
F,420,157.482000
F,421,157.752000
F,422,157.560000
F,423,157.418000
F,424,157.274000
F,425,157.482000
F,426,157.345000
F,427,157.601000
F,428,157.420000
F,429,157.454000
F,430,157.607000
F,431,157.870000
F,432,157.449000
F,433,157.687000
F,434,157.684000
F,435,157.660000
F,436,157.504000
F,437,157.691000
F,438,157.326000
F,439,157.645000
F,440,157.615000
F,441,157.340000
F,442,157.771000
F,443,157.528000
F,444,157.628000
F,445,157.453000
F,446,157.646000
F,447,157.642000
F,448,157.527000
F,449,157.660000
F,450,157.542000
F,451,157.700000
F,452,157.362000
F,453,157.317000
F,454,157.394000
F,455,157.460000
F,456,157.574000
F,457,157.641000
F,458,157.599000
F,459,157.418000
F,460,157.551000
F,461,157.487000
F,462,157.418000
F,463,157.598000
F,464,157.559000
F,465,157.807000
F,466,157.886000
F,467,157.444000
F,468,157.541000
F,469,157.613000
F,470,157.506000
F,471,157.771000
F,472,157.559000
F,473,157.674000
F,474,157.532000
F,475,157.696000
F,476,157.549000
F,477,157.475000
F,478,157.411000
F,479,157.613000
F,480,157.559000
F,481,157.432000
F,482,157.589000
F,483,157.787000
F,484,157.607000
F,485,157.623000
F,486,157.504000
F,487,157.489000
F,488,157.569000
F,489,157.613000
F,490,157.401000
F,491,157.395000
F,492,157.362000
F,493,157.677000
F,494,157.574000
F,495,157.613000
F,496,157.643000
F,497,157.473000
F,498,157.598000
F,499,157.495000
[4/5] ECDSA verify (32-byte digest) n=500
V,0,310.024000
V,1,309.980000
V,2,309.980000
V,3,309.980000
V,4,309.980000
V,5,309.980000
V,6,309.980000
V,7,309.980000
V,8,309.980000
V,9,310.008000
V,10,309.980000
V,11,309.980000
V,12,309.981000
V,13,309.980000
V,14,309.980000
V,15,309.980000
V,16,309.980000
V,17,309.980000
V,18,309.980000
V,19,309.980000
V,20,309.980000
V,21,309.980000
V,22,309.980000
V,23,309.980000
V,24,309.980000
V,25,309.980000
V,26,309.980000
V,27,309.980000
V,28,309.980000
V,29,309.980000
V,30,309.980000
V,31,309.980000
V,32,309.980000
V,33,309.980000
V,34,309.980000
V,35,309.980000
V,36,309.980000
V,37,309.980000
V,38,309.980000
V,39,309.980000
V,40,309.980000
V,41,309.980000
V,42,309.980000
V,43,309.980000
V,44,309.980000
V,45,309.980000
V,46,309.980000
V,47,309.980000
V,48,309.980000
V,49,309.980000
V,50,309.980000
V,51,309.980000
V,52,309.980000
V,53,309.980000
V,54,309.980000
V,55,309.980000
V,56,309.980000
V,57,309.980000
V,58,309.980000
V,59,309.980000
V,60,309.971000
V,61,309.980000
V,62,309.980000
V,63,309.980000
V,64,309.980000
V,65,309.980000
V,66,309.981000
V,67,309.980000
V,68,309.980000
V,69,309.980000
V,70,309.980000
V,71,309.980000
V,72,309.980000
V,73,309.980000
V,74,309.980000
V,75,309.980000
V,76,309.980000
V,77,309.980000
V,78,309.980000
V,79,309.971000
V,80,309.980000
V,81,309.980000
V,82,310.008000
V,83,309.980000
V,84,309.980000
V,85,309.981000
V,86,309.980000
V,87,309.980000
V,88,309.980000
V,89,309.980000
V,90,309.980000
V,91,309.980000
V,92,309.980000
V,93,309.980000
V,94,309.980000
V,95,309.971000
V,96,309.980000
V,97,309.980000
V,98,309.980000
V,99,309.980000
V,100,309.980000
V,101,309.980000
V,102,309.980000
V,103,309.980000
V,104,309.980000
V,105,309.980000
V,106,309.980000
V,107,309.980000
V,108,309.980000
V,109,309.980000
V,110,309.980000
V,111,309.980000
V,112,309.980000
V,113,309.980000
V,114,309.971000
V,115,309.980000
V,116,309.980000
V,117,309.980000
V,118,309.980000
V,119,309.980000
V,120,309.981000
V,121,309.980000
V,122,309.980000
V,123,309.980000
V,124,309.980000
V,125,309.980000
V,126,309.980000
V,127,309.980000
V,128,309.980000
V,129,309.980000
V,130,309.980000
V,131,309.980000
V,132,309.980000
V,133,309.980000
V,134,309.980000
V,135,309.980000
V,136,309.980000
V,137,309.980000
V,138,309.980000
V,139,309.983000
V,140,309.980000
V,141,309.980000
V,142,309.980000
V,143,309.980000
V,144,309.980000
V,145,309.980000
V,146,309.980000
V,147,309.980000
V,148,309.980000
V,149,309.980000
V,150,309.980000
V,151,309.980000
V,152,309.971000
V,153,309.980000
V,154,309.980000
V,155,309.980000
V,156,309.980000
V,157,309.980000
V,158,309.981000
V,159,309.980000
V,160,309.980000
V,161,309.980000
V,162,309.980000
V,163,309.980000
V,164,309.980000
V,165,309.980000
V,166,309.980000
V,167,309.980000
V,168,309.980000
V,169,309.980000
V,170,309.980000
V,171,309.980000
V,172,309.980000
V,173,309.980000
V,174,309.980000
V,175,309.980000
V,176,309.980000
V,177,309.980000
V,178,309.980000
V,179,309.980000
V,180,309.980000
V,181,309.980000
V,182,309.980000
V,183,309.980000
V,184,309.980000
V,185,309.980000
V,186,309.980000
V,187,309.971000
V,188,309.980000
V,189,309.980000
V,190,309.980000
V,191,309.980000
V,192,309.980000
V,193,309.993000
V,194,309.980000
V,195,309.980000
V,196,309.980000
V,197,309.980000
V,198,309.980000
V,199,309.980000
V,200,309.980000
V,201,309.980000
V,202,309.980000
V,203,309.980000
V,204,309.980000
V,205,309.980000
V,206,309.980000
V,207,309.980000
V,208,309.980000
V,209,310.008000
V,210,309.980000
V,211,309.980000
V,212,309.981000
V,213,309.980000
V,214,309.980000
V,215,309.980000
V,216,309.980000
V,217,309.980000
V,218,309.980000
V,219,309.980000
V,220,309.980000
V,221,309.980000
V,222,309.980000
V,223,309.980000
V,224,309.980000
V,225,309.980000
V,226,309.980000
V,227,309.980000
V,228,309.980000
V,229,309.980000
V,230,309.980000
V,231,309.980000
V,232,309.980000
V,233,309.980000
V,234,309.980000
V,235,309.980000
V,236,309.980000
V,237,309.980000
V,238,309.980000
V,239,309.980000
V,240,309.980000
V,241,309.980000
V,242,309.980000
V,243,309.980000
V,244,309.980000
V,245,309.980000
V,246,309.980000
V,247,309.980000
V,248,309.980000
V,249,309.980000
V,250,309.980000
V,251,309.980000
V,252,309.980000
V,253,309.980000
V,254,309.980000
V,255,309.980000
V,256,309.980000
V,257,309.980000
V,258,309.980000
V,259,309.980000
V,260,309.971000
V,261,309.980000
V,262,309.980000
V,263,309.980000
V,264,309.980000
V,265,309.980000
V,266,309.981000
V,267,309.980000
V,268,309.980000
V,269,309.980000
V,270,309.980000
V,271,309.980000
V,272,309.980000
V,273,309.980000
V,274,309.980000
V,275,309.980000
V,276,309.980000
V,277,309.980000
V,278,309.980000
V,279,309.971000
V,280,309.980000
V,281,309.980000
V,282,310.008000
V,283,309.980000
V,284,309.980000
V,285,309.981000
V,286,309.980000
V,287,309.980000
V,288,309.980000
V,289,309.980000
V,290,309.980000
V,291,309.980000
V,292,309.980000
V,293,309.980000
V,294,309.980000
V,295,309.971000
V,296,309.980000
V,297,309.980000
V,298,309.980000
V,299,309.980000
V,300,309.980000
V,301,309.980000
V,302,309.980000
V,303,309.980000
V,304,309.980000
V,305,309.980000
V,306,309.980000
V,307,309.980000
V,308,309.980000
V,309,309.980000
V,310,309.980000
V,311,309.980000
V,312,309.980000
V,313,309.980000
V,314,309.971000
V,315,309.980000
V,316,309.980000
V,317,309.980000
V,318,309.980000
V,319,309.980000
V,320,309.981000
V,321,309.980000
V,322,309.980000
V,323,309.980000
V,324,309.980000
V,325,309.980000
V,326,309.980000
V,327,309.980000
V,328,309.980000
V,329,309.980000
V,330,309.980000
V,331,309.980000
V,332,309.980000
V,333,309.980000
V,334,309.980000
V,335,309.980000
V,336,309.980000
V,337,309.980000
V,338,309.980000
V,339,309.983000
V,340,309.980000
V,341,309.980000
V,342,309.980000
V,343,309.980000
V,344,309.980000
V,345,309.980000
V,346,309.980000
V,347,309.980000
V,348,309.980000
V,349,309.980000
V,350,309.980000
V,351,309.980000
V,352,309.971000
V,353,309.980000
V,354,309.980000
V,355,309.980000
V,356,309.980000
V,357,309.980000
V,358,309.981000
V,359,309.980000
V,360,309.980000
V,361,309.980000
V,362,309.980000
V,363,309.980000
V,364,309.980000
V,365,309.980000
V,366,309.980000
V,367,309.980000
V,368,309.980000
V,369,309.980000
V,370,309.980000
V,371,309.980000
V,372,309.980000
V,373,309.980000
V,374,309.980000
V,375,309.980000
V,376,309.980000
V,377,309.980000
V,378,309.980000
V,379,309.980000
V,380,309.980000
V,381,309.980000
V,382,309.980000
V,383,309.980000
V,384,309.980000
V,385,309.980000
V,386,309.980000
V,387,309.971000
V,388,309.980000
V,389,309.980000
V,390,309.980000
V,391,309.980000
V,392,309.980000
V,393,309.993000
V,394,309.980000
V,395,309.980000
V,396,309.980000
V,397,309.980000
V,398,309.980000
V,399,309.980000
V,400,309.980000
V,401,309.980000
V,402,309.980000
V,403,309.980000
V,404,309.980000
V,405,309.980000
V,406,309.980000
V,407,309.980000
V,408,309.980000
V,409,310.008000
V,410,309.980000
V,411,309.980000
V,412,309.981000
V,413,309.980000
V,414,309.980000
V,415,309.980000
V,416,309.980000
V,417,309.980000
V,418,309.980000
V,419,309.980000
V,420,309.980000
V,421,309.980000
V,422,309.980000
V,423,309.980000
V,424,309.980000
V,425,309.980000
V,426,309.980000
V,427,309.980000
V,428,309.980000
V,429,309.980000
V,430,309.980000
V,431,309.980000
V,432,309.980000
V,433,309.980000
V,434,309.980000
V,435,309.980000
V,436,309.980000
V,437,309.980000
V,438,309.980000
V,439,309.980000
V,440,309.980000
V,441,309.980000
V,442,309.980000
V,443,309.980000
V,444,309.980000
V,445,309.980000
V,446,309.980000
V,447,309.980000
V,448,309.980000
V,449,309.980000
V,450,309.980000
V,451,309.980000
V,452,309.980000
V,453,309.980000
V,454,309.980000
V,455,309.980000
V,456,309.980000
V,457,309.980000
V,458,309.980000
V,459,309.980000
V,460,309.971000
V,461,309.980000
V,462,309.980000
V,463,309.980000
V,464,309.980000
V,465,309.980000
V,466,309.981000
V,467,309.980000
V,468,309.980000
V,469,309.980000
V,470,309.980000
V,471,309.980000
V,472,309.980000
V,473,309.980000
V,474,309.980000
V,475,309.980000
V,476,309.980000
V,477,309.980000
V,478,309.980000
V,479,309.971000
V,480,309.980000
V,481,309.980000
V,482,310.008000
V,483,309.980000
V,484,309.980000
V,485,309.981000
V,486,309.980000
V,487,309.980000
V,488,309.980000
V,489,309.980000
V,490,309.980000
V,491,309.980000
V,492,309.980000
V,493,309.980000
V,494,309.980000
V,495,309.971000
V,496,309.980000
V,497,309.980000
V,498,309.980000
V,499,309.980000
NEGATIVE_CONTROL,tampered_digest_rc=-19968,REJECTED_OK
[5/5] SHA-256 over 7353 B n=200
H,0,0.796000
H,1,0.758000
H,2,0.758000
H,3,0.758000
H,4,0.758000
H,5,0.758000
H,6,0.758000
H,7,0.758000
H,8,0.758000
H,9,0.758000
H,10,0.758000
H,11,0.758000
H,12,0.758000
H,13,0.758000
H,14,0.758000
H,15,0.758000
H,16,0.758000
H,17,0.758000
H,18,0.758000
H,19,0.756000
H,20,0.758000
H,21,0.758000
H,22,0.758000
H,23,0.758000
H,24,0.758000
H,25,0.758000
H,26,0.758000
H,27,0.758000
H,28,0.758000
H,29,0.758000
H,30,0.758000
H,31,0.758000
H,32,0.758000
H,33,0.758000
H,34,0.758000
H,35,0.758000
H,36,0.758000
H,37,0.758000
H,38,0.758000
H,39,0.758000
H,40,0.758000
H,41,0.758000
H,42,0.758000
H,43,0.758000
H,44,0.758000
H,45,0.758000
H,46,0.758000
H,47,0.758000
H,48,0.758000
H,49,0.758000
H,50,0.758000
H,51,0.758000
H,52,0.758000
H,53,0.758000
H,54,0.758000
H,55,0.758000
H,56,0.758000
H,57,0.758000
H,58,0.758000
H,59,0.758000
H,60,0.758000
H,61,0.758000
H,62,0.758000
H,63,0.758000
H,64,0.758000
H,65,0.758000
H,66,0.758000
H,67,0.758000
H,68,0.756000
H,69,0.758000
H,70,0.758000
H,71,0.758000
H,72,0.758000
H,73,0.758000
H,74,0.758000
H,75,0.758000
H,76,0.758000
H,77,0.758000
H,78,0.758000
H,79,0.758000
H,80,0.758000
H,81,0.758000
H,82,0.758000
H,83,0.758000
H,84,0.758000
H,85,0.758000
H,86,0.758000
H,87,0.758000
H,88,0.758000
H,89,0.758000
H,90,0.758000
H,91,0.758000
H,92,0.758000
H,93,0.758000
H,94,0.758000
H,95,0.758000
H,96,0.758000
H,97,0.758000
H,98,0.758000
H,99,0.758000
H,100,0.758000
H,101,0.758000
H,102,0.758000
H,103,0.758000
H,104,0.758000
H,105,0.758000
H,106,0.758000
H,107,0.758000
H,108,0.758000
H,109,0.758000
H,110,0.758000
H,111,0.758000
H,112,0.756000
H,113,0.758000
H,114,0.758000
H,115,0.758000
H,116,0.758000
H,117,0.758000
H,118,0.758000
H,119,0.758000
H,120,0.758000
H,121,0.758000
H,122,0.758000
H,123,0.758000
H,124,0.758000
H,125,0.758000
H,126,0.758000
H,127,0.758000
H,128,0.758000
H,129,0.758000
H,130,0.758000
H,131,0.758000
H,132,0.758000
H,133,0.758000
H,134,0.758000
H,135,0.758000
H,136,0.758000
H,137,0.758000
H,138,0.758000
H,139,0.758000
H,140,0.758000
H,141,0.758000
H,142,0.758000
H,143,0.758000
H,144,0.758000
H,145,0.758000
H,146,0.758000
H,147,0.756000
H,148,0.758000
H,149,0.758000
H,150,0.758000
H,151,0.758000
H,152,0.758000
H,153,0.758000
H,154,0.758000
H,155,0.758000
H,156,0.758000
H,157,0.758000
H,158,0.758000
H,159,0.758000
H,160,0.758000
H,161,0.758000
H,162,0.758000
H,163,0.758000
H,164,0.758000
H,165,0.758000
H,166,0.758000
H,167,0.758000
H,168,0.758000
H,169,0.758000
H,170,0.758000
H,171,0.758000
H,172,0.758000
H,173,0.758000
H,174,0.758000
H,175,0.758000
H,176,0.758000
H,177,0.758000
H,178,0.758000
H,179,0.758000
H,180,0.758000
H,181,0.758000
H,182,0.756000
H,183,0.758000
H,184,0.758000
H,185,0.758000
H,186,0.758000
H,187,0.758000
H,188,0.758000
H,189,0.758000
H,190,0.758000
H,191,0.758000
H,192,0.758000
H,193,0.758000
H,194,0.758000
H,195,0.758000
H,196,0.758000
H,197,0.758000
H,198,0.758000
H,199,0.758000

--- SUMMARY ---
KEYGEN         n=20 mean=144.926650 sd=0.209555 min=144.640000 median=144.902500 p95=145.166300 p99=145.505260 max=145.590000 ms
SIGN_DIGEST    n=500 mean=156.769982 sd=0.139782 min=156.354000 median=156.776000 p95=157.007200 p99=157.087000 max=157.159000 ms
FRAME_SIGN     n=500 mean=157.548208 sd=0.140956 min=157.205000 median=157.547000 p95=157.776100 p99=157.884020 max=158.039000 ms
VERIFY         n=500 mean=309.980244 sd=0.004048 min=309.971000 median=309.980000 p95=309.980000 p99=310.008000 max=310.024000 ms
SHA256_7353    n=200 mean=0.758140 sd=0.002702 min=0.756000 median=0.758000 p95=0.758000 p99=0.758000 max=0.796000 ms
FRAME_SIGN_over_100ms=500/500
heap free=269600 min=243964
ESP32_ECDSA_BASELINE_OK
