[PLATFORM] ESP32 | 240 MHz | 2 core | SDK v5.5.5
[PLATFORM] flash=4194304 B heap=250628 B

==============================================
 PQ-CBAS-DSH ESP32 FINAL BENCHMARK
==============================================
PQClean commit : 0586a824fc0d49df0b6b6e9179d8d15d06d0974f
Algorithm      : ML-DSA-65
kappa          : 384 bit / 48 B
pk/sk/sig      : 1952 / 4032 / 3309 B
frame input    : 7353 B
CPU            : 240 MHz

[1/6] keypair n=20
[2/6] SHAKE256 DSH n=200 input=7353 B output=48 B
[3/6] ML-DSA sign core n=500
[4/6] framework sign n=500
[5/6] verify n=500
[6/6] sequential verify m=1,2,5,10

--- SUMMARY ---
keypair            mean=27.481100 sd=0.176787 min=27.418000 max=28.033000 ms
DSH-48             mean=6.111665 sd=0.002413 min=6.110000 max=6.133000 ms
sign-core          n=500 mean=84.158822 sd=53.217219 min=37.832000 p95=180.120650 p99=290.127150 max=393.324000 ms
framework-sign     n=500 mean=91.949836 sd=54.143767 min=43.949000 p95=203.430850 p99=311.274770 max=433.852000 ms
verify             n=500 mean=27.668132 sd=0.002996 min=27.667000 p95=27.668000 p99=27.668010 max=27.735000 ms

--- SEQUENTIAL VERIFY (not AggVerify) ---
m=1 n=10 mean=27.669300 sd=0.003900 min=27.668000 max=27.681000 ms per_tuple=27.669300 ms
m=2 n=10 mean=55.339100 sd=0.000300 min=55.339000 max=55.340000 ms per_tuple=27.669550 ms
m=5 n=10 mean=138.327100 sd=0.000300 min=138.327000 max=138.328000 ms per_tuple=27.665420 ms
m=10 n=10 mean=276.644900 sd=0.000831 min=276.644000 max=276.646000 ms per_tuple=27.664490 ms

--- RAW SIGN CORE ---
RAW_SIGN,0,59.483000
RAW_SIGN,1,106.734000
RAW_SIGN,2,63.748000
RAW_SIGN,3,89.690000
RAW_SIGN,4,106.789000
RAW_SIGN,5,74.451000
RAW_SIGN,6,113.333000
RAW_SIGN,7,154.087000
RAW_SIGN,8,158.514000
RAW_SIGN,9,188.810000
RAW_SIGN,10,37.843000
RAW_SIGN,11,111.084000
RAW_SIGN,12,37.841000
RAW_SIGN,13,37.842000
RAW_SIGN,14,208.023000
RAW_SIGN,15,143.343000
RAW_SIGN,16,48.581000
RAW_SIGN,17,37.842000
RAW_SIGN,18,37.842000
RAW_SIGN,19,50.771000
RAW_SIGN,20,108.945000
RAW_SIGN,21,98.186000
RAW_SIGN,22,48.604000
RAW_SIGN,23,130.491000
RAW_SIGN,24,98.119000
RAW_SIGN,25,50.789000
RAW_SIGN,26,50.776000
RAW_SIGN,27,50.817000
RAW_SIGN,28,137.053000
RAW_SIGN,29,48.571000
RAW_SIGN,30,74.495000
RAW_SIGN,31,61.513000
RAW_SIGN,32,218.757000
RAW_SIGN,33,37.842000
RAW_SIGN,34,108.908000
RAW_SIGN,35,50.766000
RAW_SIGN,36,93.788000
RAW_SIGN,37,50.805000
RAW_SIGN,38,100.342000
RAW_SIGN,39,74.525000
RAW_SIGN,40,61.501000
RAW_SIGN,41,37.842000
RAW_SIGN,42,50.818000
RAW_SIGN,43,238.184000
RAW_SIGN,44,50.776000
RAW_SIGN,45,37.842000
RAW_SIGN,46,147.804000
RAW_SIGN,47,87.476000
RAW_SIGN,48,93.829000
RAW_SIGN,49,74.500000
RAW_SIGN,50,63.767000
RAW_SIGN,51,37.841000
RAW_SIGN,52,50.778000
RAW_SIGN,53,50.769000
RAW_SIGN,54,48.607000
RAW_SIGN,55,37.842000
RAW_SIGN,56,61.527000
RAW_SIGN,57,83.054000
RAW_SIGN,58,48.610000
RAW_SIGN,59,143.316000
RAW_SIGN,60,95.939000
RAW_SIGN,61,63.742000
RAW_SIGN,62,70.121000
RAW_SIGN,63,37.841000
RAW_SIGN,64,80.834000
RAW_SIGN,65,76.720000
RAW_SIGN,66,240.370000
RAW_SIGN,67,63.753000
RAW_SIGN,68,50.801000
RAW_SIGN,69,212.210000
RAW_SIGN,70,126.282000
RAW_SIGN,71,50.780000
RAW_SIGN,72,48.584000
RAW_SIGN,73,61.507000
RAW_SIGN,74,48.600000
RAW_SIGN,75,63.765000
RAW_SIGN,76,37.841000
RAW_SIGN,77,145.530000
RAW_SIGN,78,48.577000
RAW_SIGN,79,59.351000
RAW_SIGN,80,83.060000
RAW_SIGN,81,98.127000
RAW_SIGN,82,253.420000
RAW_SIGN,83,61.523000
RAW_SIGN,84,100.389000
RAW_SIGN,85,100.354000
RAW_SIGN,86,48.593000
RAW_SIGN,87,74.535000
RAW_SIGN,88,87.445000
RAW_SIGN,89,85.230000
RAW_SIGN,90,100.399000
RAW_SIGN,91,145.568000
RAW_SIGN,92,37.842000
RAW_SIGN,93,59.313000
RAW_SIGN,94,37.842000
RAW_SIGN,95,70.057000
RAW_SIGN,96,93.796000
RAW_SIGN,97,177.883000
RAW_SIGN,98,160.706000
RAW_SIGN,99,37.842000
RAW_SIGN,100,74.501000
RAW_SIGN,101,61.556000
RAW_SIGN,102,72.263000
RAW_SIGN,103,72.311000
RAW_SIGN,104,76.658000
RAW_SIGN,105,121.842000
RAW_SIGN,106,37.843000
RAW_SIGN,107,83.090000
RAW_SIGN,108,48.573000
RAW_SIGN,109,37.843000
RAW_SIGN,110,61.561000
RAW_SIGN,111,98.170000
RAW_SIGN,112,72.317000
RAW_SIGN,113,61.511000
RAW_SIGN,114,61.538000
RAW_SIGN,115,80.798000
RAW_SIGN,116,145.549000
RAW_SIGN,117,37.842000
RAW_SIGN,118,177.847000
RAW_SIGN,119,37.842000
RAW_SIGN,120,85.234000
RAW_SIGN,121,59.359000
RAW_SIGN,122,134.851000
RAW_SIGN,123,190.852000
RAW_SIGN,124,145.521000
RAW_SIGN,125,50.770000
RAW_SIGN,126,37.842000
RAW_SIGN,127,74.524000
RAW_SIGN,128,63.785000
RAW_SIGN,129,48.603000
RAW_SIGN,130,70.130000
RAW_SIGN,131,63.735000
RAW_SIGN,132,37.842000
RAW_SIGN,133,382.529000
RAW_SIGN,134,74.544000
RAW_SIGN,135,61.592000
RAW_SIGN,136,48.592000
RAW_SIGN,137,72.301000
RAW_SIGN,138,61.545000
RAW_SIGN,139,37.842000
RAW_SIGN,140,132.636000
RAW_SIGN,141,83.055000
RAW_SIGN,142,37.842000
RAW_SIGN,143,37.842000
RAW_SIGN,144,124.128000
RAW_SIGN,145,93.776000
RAW_SIGN,146,50.789000
RAW_SIGN,147,50.766000
RAW_SIGN,148,98.138000
RAW_SIGN,149,108.971000
RAW_SIGN,150,37.832000
RAW_SIGN,151,37.842000
RAW_SIGN,152,37.842000
RAW_SIGN,153,300.735000
RAW_SIGN,154,48.583000
RAW_SIGN,155,37.842000
RAW_SIGN,156,134.804000
RAW_SIGN,157,37.842000
RAW_SIGN,158,203.737000
RAW_SIGN,159,145.570000
RAW_SIGN,160,37.842000
RAW_SIGN,161,37.842000
RAW_SIGN,162,208.068000
RAW_SIGN,163,106.753000
RAW_SIGN,164,76.703000
RAW_SIGN,165,50.786000
RAW_SIGN,166,74.451000
RAW_SIGN,167,37.842000
RAW_SIGN,168,121.815000
RAW_SIGN,169,98.190000
RAW_SIGN,170,74.508000
RAW_SIGN,171,50.776000
RAW_SIGN,172,37.841000
RAW_SIGN,173,83.026000
RAW_SIGN,174,48.601000
RAW_SIGN,175,61.512000
RAW_SIGN,176,169.247000
RAW_SIGN,177,201.543000
RAW_SIGN,178,61.537000
RAW_SIGN,179,111.084000
RAW_SIGN,180,48.582000
RAW_SIGN,181,132.691000
RAW_SIGN,182,37.842000
RAW_SIGN,183,74.476000
RAW_SIGN,184,48.584000
RAW_SIGN,185,50.776000
RAW_SIGN,186,50.799000
RAW_SIGN,187,50.813000
RAW_SIGN,188,37.842000
RAW_SIGN,189,95.972000
RAW_SIGN,190,102.572000
RAW_SIGN,191,37.841000
RAW_SIGN,192,98.195000
RAW_SIGN,193,59.355000
RAW_SIGN,194,37.842000
RAW_SIGN,195,48.589000
RAW_SIGN,196,37.841000
RAW_SIGN,197,100.382000
RAW_SIGN,198,63.738000
RAW_SIGN,199,63.791000
RAW_SIGN,200,63.737000
RAW_SIGN,201,87.446000
RAW_SIGN,202,145.526000
RAW_SIGN,203,50.789000
RAW_SIGN,204,179.933000
RAW_SIGN,205,48.607000
RAW_SIGN,206,177.853000
RAW_SIGN,207,37.842000
RAW_SIGN,208,160.657000
RAW_SIGN,209,37.842000
RAW_SIGN,210,121.940000
RAW_SIGN,211,37.842000
RAW_SIGN,212,61.545000
RAW_SIGN,213,63.743000
RAW_SIGN,214,85.248000
RAW_SIGN,215,93.762000
RAW_SIGN,216,145.534000
RAW_SIGN,217,50.801000
RAW_SIGN,218,48.571000
RAW_SIGN,219,48.589000
RAW_SIGN,220,37.842000
RAW_SIGN,221,37.841000
RAW_SIGN,222,48.595000
RAW_SIGN,223,96.012000
RAW_SIGN,224,72.272000
RAW_SIGN,225,95.989000
RAW_SIGN,226,37.842000
RAW_SIGN,227,96.035000
RAW_SIGN,228,171.495000
RAW_SIGN,229,59.336000
RAW_SIGN,230,50.784000
RAW_SIGN,231,61.533000
RAW_SIGN,232,197.182000
RAW_SIGN,233,70.060000
RAW_SIGN,234,145.503000
RAW_SIGN,235,130.388000
RAW_SIGN,236,48.605000
RAW_SIGN,237,70.115000
RAW_SIGN,238,162.642000
RAW_SIGN,239,108.980000
RAW_SIGN,240,87.458000
RAW_SIGN,241,87.458000
RAW_SIGN,242,63.731000
RAW_SIGN,243,37.843000
RAW_SIGN,244,74.522000
RAW_SIGN,245,132.608000
RAW_SIGN,246,134.782000
RAW_SIGN,247,50.797000
RAW_SIGN,248,210.347000
RAW_SIGN,249,50.797000
RAW_SIGN,250,134.805000
RAW_SIGN,251,50.779000
RAW_SIGN,252,37.843000
RAW_SIGN,253,85.278000
RAW_SIGN,254,48.610000
RAW_SIGN,255,72.269000
RAW_SIGN,256,106.700000
RAW_SIGN,257,37.841000
RAW_SIGN,258,89.591000
RAW_SIGN,259,74.473000
RAW_SIGN,260,37.842000
RAW_SIGN,261,108.879000
RAW_SIGN,262,74.453000
RAW_SIGN,263,37.842000
RAW_SIGN,264,37.842000
RAW_SIGN,265,61.541000
RAW_SIGN,266,115.257000
RAW_SIGN,267,74.444000
RAW_SIGN,268,48.581000
RAW_SIGN,269,76.676000
RAW_SIGN,270,186.656000
RAW_SIGN,271,119.640000
RAW_SIGN,272,37.842000
RAW_SIGN,273,63.752000
RAW_SIGN,274,145.626000
RAW_SIGN,275,61.513000
RAW_SIGN,276,61.580000
RAW_SIGN,277,37.842000
RAW_SIGN,278,48.582000
RAW_SIGN,279,37.842000
RAW_SIGN,280,50.810000
RAW_SIGN,281,87.380000
RAW_SIGN,282,61.512000
RAW_SIGN,283,106.723000
RAW_SIGN,284,48.602000
RAW_SIGN,285,37.842000
RAW_SIGN,286,50.780000
RAW_SIGN,287,121.818000
RAW_SIGN,288,48.610000
RAW_SIGN,289,50.771000
RAW_SIGN,290,37.842000
RAW_SIGN,291,98.133000
RAW_SIGN,292,50.792000
RAW_SIGN,293,37.842000
RAW_SIGN,294,48.584000
RAW_SIGN,295,37.842000
RAW_SIGN,296,50.768000
RAW_SIGN,297,59.318000
RAW_SIGN,298,95.948000
RAW_SIGN,299,100.374000
RAW_SIGN,300,50.786000
RAW_SIGN,301,37.842000
RAW_SIGN,302,393.324000
RAW_SIGN,303,63.694000
RAW_SIGN,304,37.842000
RAW_SIGN,305,37.842000
RAW_SIGN,306,169.208000
RAW_SIGN,307,59.370000
RAW_SIGN,308,37.841000
RAW_SIGN,309,50.766000
RAW_SIGN,310,100.410000
RAW_SIGN,311,89.632000
RAW_SIGN,312,87.411000
RAW_SIGN,313,108.951000
RAW_SIGN,314,37.842000
RAW_SIGN,315,50.792000
RAW_SIGN,316,74.478000
RAW_SIGN,317,50.776000
RAW_SIGN,318,182.299000
RAW_SIGN,319,171.431000
RAW_SIGN,320,87.434000
RAW_SIGN,321,37.842000
RAW_SIGN,322,143.377000
RAW_SIGN,323,96.009000
RAW_SIGN,324,87.385000
RAW_SIGN,325,48.613000
RAW_SIGN,326,111.076000
RAW_SIGN,327,85.264000
RAW_SIGN,328,37.842000
RAW_SIGN,329,37.842000
RAW_SIGN,330,50.770000
RAW_SIGN,331,50.771000
RAW_SIGN,332,48.597000
RAW_SIGN,333,59.352000
RAW_SIGN,334,121.851000
RAW_SIGN,335,85.291000
RAW_SIGN,336,147.800000
RAW_SIGN,337,72.281000
RAW_SIGN,338,59.366000
RAW_SIGN,339,37.842000
RAW_SIGN,340,50.770000
RAW_SIGN,341,85.258000
RAW_SIGN,342,59.345000
RAW_SIGN,343,37.842000
RAW_SIGN,344,48.583000
RAW_SIGN,345,100.355000
RAW_SIGN,346,37.842000
RAW_SIGN,347,214.458000
RAW_SIGN,348,102.320000
RAW_SIGN,349,61.529000
RAW_SIGN,350,74.465000
RAW_SIGN,351,119.692000
RAW_SIGN,352,158.605000
RAW_SIGN,353,111.134000
RAW_SIGN,354,59.365000
RAW_SIGN,355,37.841000
RAW_SIGN,356,48.609000
RAW_SIGN,357,132.690000
RAW_SIGN,358,132.619000
RAW_SIGN,359,37.841000
RAW_SIGN,360,72.316000
RAW_SIGN,361,63.742000
RAW_SIGN,362,74.472000
RAW_SIGN,363,119.642000
RAW_SIGN,364,50.785000
RAW_SIGN,365,59.335000
RAW_SIGN,366,37.842000
RAW_SIGN,367,132.668000
RAW_SIGN,368,74.475000
RAW_SIGN,369,37.842000
RAW_SIGN,370,37.842000
RAW_SIGN,371,37.842000
RAW_SIGN,372,93.764000
RAW_SIGN,373,74.456000
RAW_SIGN,374,50.767000
RAW_SIGN,375,59.341000
RAW_SIGN,376,72.295000
RAW_SIGN,377,37.841000
RAW_SIGN,378,162.671000
RAW_SIGN,379,37.841000
RAW_SIGN,380,121.808000
RAW_SIGN,381,50.772000
RAW_SIGN,382,37.842000
RAW_SIGN,383,113.339000
RAW_SIGN,384,384.804000
RAW_SIGN,385,37.842000
RAW_SIGN,386,37.842000
RAW_SIGN,387,149.914000
RAW_SIGN,388,37.842000
RAW_SIGN,389,93.749000
RAW_SIGN,390,37.842000
RAW_SIGN,391,180.012000
RAW_SIGN,392,37.842000
RAW_SIGN,393,48.613000
RAW_SIGN,394,104.535000
RAW_SIGN,395,108.882000
RAW_SIGN,396,37.841000
RAW_SIGN,397,137.082000
RAW_SIGN,398,61.507000
RAW_SIGN,399,238.150000
RAW_SIGN,400,151.916000
RAW_SIGN,401,59.346000
RAW_SIGN,402,74.468000
RAW_SIGN,403,98.145000
RAW_SIGN,404,160.719000
RAW_SIGN,405,72.303000
RAW_SIGN,406,37.842000
RAW_SIGN,407,37.842000
RAW_SIGN,408,87.395000
RAW_SIGN,409,98.163000
RAW_SIGN,410,74.462000
RAW_SIGN,411,48.575000
RAW_SIGN,412,76.677000
RAW_SIGN,413,37.842000
RAW_SIGN,414,70.105000
RAW_SIGN,415,70.070000
RAW_SIGN,416,37.842000
RAW_SIGN,417,61.515000
RAW_SIGN,418,59.355000
RAW_SIGN,419,85.219000
RAW_SIGN,420,48.570000
RAW_SIGN,421,139.298000
RAW_SIGN,422,87.405000
RAW_SIGN,423,119.686000
RAW_SIGN,424,37.841000
RAW_SIGN,425,48.614000
RAW_SIGN,426,61.548000
RAW_SIGN,427,126.306000
RAW_SIGN,428,50.801000
RAW_SIGN,429,76.682000
RAW_SIGN,430,37.842000
RAW_SIGN,431,61.536000
RAW_SIGN,432,111.176000
RAW_SIGN,433,48.593000
RAW_SIGN,434,37.843000
RAW_SIGN,435,50.785000
RAW_SIGN,436,83.047000
RAW_SIGN,437,93.812000
RAW_SIGN,438,74.494000
RAW_SIGN,439,37.842000
RAW_SIGN,440,121.842000
RAW_SIGN,441,87.399000
RAW_SIGN,442,156.210000
RAW_SIGN,443,167.092000
RAW_SIGN,444,93.815000
RAW_SIGN,445,167.042000
RAW_SIGN,446,50.765000
RAW_SIGN,447,98.159000
RAW_SIGN,448,290.020000
RAW_SIGN,449,244.783000
RAW_SIGN,450,358.940000
RAW_SIGN,451,72.311000
RAW_SIGN,452,50.773000
RAW_SIGN,453,167.042000
RAW_SIGN,454,100.338000
RAW_SIGN,455,61.548000
RAW_SIGN,456,37.842000
RAW_SIGN,457,182.185000
RAW_SIGN,458,37.842000
RAW_SIGN,459,121.873000
RAW_SIGN,460,61.504000
RAW_SIGN,461,136.989000
RAW_SIGN,462,50.795000
RAW_SIGN,463,98.189000
RAW_SIGN,464,98.181000
RAW_SIGN,465,61.496000
RAW_SIGN,466,61.504000
RAW_SIGN,467,87.432000
RAW_SIGN,468,111.098000
RAW_SIGN,469,37.842000
RAW_SIGN,470,111.118000
RAW_SIGN,471,50.806000
RAW_SIGN,472,50.799000
RAW_SIGN,473,85.222000
RAW_SIGN,474,76.660000
RAW_SIGN,475,37.842000
RAW_SIGN,476,164.894000
RAW_SIGN,477,63.711000
RAW_SIGN,478,61.542000
RAW_SIGN,479,50.778000
RAW_SIGN,480,85.303000
RAW_SIGN,481,61.535000
RAW_SIGN,482,104.486000
RAW_SIGN,483,37.842000
RAW_SIGN,484,85.243000
RAW_SIGN,485,132.561000
RAW_SIGN,486,98.133000
RAW_SIGN,487,37.841000
RAW_SIGN,488,50.790000
RAW_SIGN,489,50.775000
RAW_SIGN,490,48.580000
RAW_SIGN,491,61.561000
RAW_SIGN,492,128.483000
RAW_SIGN,493,85.259000
RAW_SIGN,494,37.842000
RAW_SIGN,495,100.404000
RAW_SIGN,496,59.334000
RAW_SIGN,497,87.411000
RAW_SIGN,498,119.675000
RAW_SIGN,499,61.543000

--- RAW FRAMEWORK SIGN ---
RAW_FRAME_SIGN,0,86.939000
RAW_FRAME_SIGN,1,69.821000
RAW_FRAME_SIGN,2,123.584000
RAW_FRAME_SIGN,3,91.309000
RAW_FRAME_SIGN,4,115.008000
RAW_FRAME_SIGN,5,114.977000
RAW_FRAME_SIGN,6,127.925000
RAW_FRAME_SIGN,7,54.718000
RAW_FRAME_SIGN,8,43.951000
RAW_FRAME_SIGN,9,54.714000
RAW_FRAME_SIGN,10,65.473000
RAW_FRAME_SIGN,11,183.884000
RAW_FRAME_SIGN,12,54.678000
RAW_FRAME_SIGN,13,216.332000
RAW_FRAME_SIGN,14,78.381000
RAW_FRAME_SIGN,15,56.874000
RAW_FRAME_SIGN,16,99.895000
RAW_FRAME_SIGN,17,82.815000
RAW_FRAME_SIGN,18,99.881000
RAW_FRAME_SIGN,19,216.638000
RAW_FRAME_SIGN,20,43.949000
RAW_FRAME_SIGN,21,358.550000
RAW_FRAME_SIGN,22,43.950000
RAW_FRAME_SIGN,23,43.951000
RAW_FRAME_SIGN,24,43.950000
RAW_FRAME_SIGN,25,56.897000
RAW_FRAME_SIGN,26,106.477000
RAW_FRAME_SIGN,27,188.434000
RAW_FRAME_SIGN,28,78.383000
RAW_FRAME_SIGN,29,80.586000
RAW_FRAME_SIGN,30,130.162000
RAW_FRAME_SIGN,31,155.890000
RAW_FRAME_SIGN,32,91.375000
RAW_FRAME_SIGN,33,43.951000
RAW_FRAME_SIGN,34,123.579000
RAW_FRAME_SIGN,35,54.714000
RAW_FRAME_SIGN,36,78.394000
RAW_FRAME_SIGN,37,205.394000
RAW_FRAME_SIGN,38,117.264000
RAW_FRAME_SIGN,39,43.949000
RAW_FRAME_SIGN,40,54.681000
RAW_FRAME_SIGN,41,78.397000
RAW_FRAME_SIGN,42,91.359000
RAW_FRAME_SIGN,43,54.690000
RAW_FRAME_SIGN,44,104.311000
RAW_FRAME_SIGN,45,78.389000
RAW_FRAME_SIGN,46,43.949000
RAW_FRAME_SIGN,47,69.811000
RAW_FRAME_SIGN,48,54.696000
RAW_FRAME_SIGN,49,43.949000
RAW_FRAME_SIGN,50,69.828000
RAW_FRAME_SIGN,51,67.666000
RAW_FRAME_SIGN,52,67.657000
RAW_FRAME_SIGN,53,43.949000
RAW_FRAME_SIGN,54,240.107000
RAW_FRAME_SIGN,55,78.369000
RAW_FRAME_SIGN,56,56.884000
RAW_FRAME_SIGN,57,218.289000
RAW_FRAME_SIGN,58,43.949000
RAW_FRAME_SIGN,59,43.949000
RAW_FRAME_SIGN,60,117.253000
RAW_FRAME_SIGN,61,43.950000
RAW_FRAME_SIGN,62,69.856000
RAW_FRAME_SIGN,63,91.302000
RAW_FRAME_SIGN,64,80.644000
RAW_FRAME_SIGN,65,43.950000
RAW_FRAME_SIGN,66,115.034000
RAW_FRAME_SIGN,67,311.231000
RAW_FRAME_SIGN,68,43.950000
RAW_FRAME_SIGN,69,89.167000
RAW_FRAME_SIGN,70,43.949000
RAW_FRAME_SIGN,71,43.949000
RAW_FRAME_SIGN,72,104.276000
RAW_FRAME_SIGN,73,67.630000
RAW_FRAME_SIGN,74,136.546000
RAW_FRAME_SIGN,75,89.164000
RAW_FRAME_SIGN,76,82.786000
RAW_FRAME_SIGN,77,56.901000
RAW_FRAME_SIGN,78,127.919000
RAW_FRAME_SIGN,79,69.807000
RAW_FRAME_SIGN,80,93.574000
RAW_FRAME_SIGN,81,54.704000
RAW_FRAME_SIGN,82,164.683000
RAW_FRAME_SIGN,83,43.951000
RAW_FRAME_SIGN,84,104.249000
RAW_FRAME_SIGN,85,43.950000
RAW_FRAME_SIGN,86,67.619000
RAW_FRAME_SIGN,87,115.104000
RAW_FRAME_SIGN,88,127.944000
RAW_FRAME_SIGN,89,130.168000
RAW_FRAME_SIGN,90,76.236000
RAW_FRAME_SIGN,91,125.773000
RAW_FRAME_SIGN,92,67.664000
RAW_FRAME_SIGN,93,112.876000
RAW_FRAME_SIGN,94,78.353000
RAW_FRAME_SIGN,95,91.309000
RAW_FRAME_SIGN,96,93.575000
RAW_FRAME_SIGN,97,132.137000
RAW_FRAME_SIGN,98,56.914000
RAW_FRAME_SIGN,99,43.949000
RAW_FRAME_SIGN,100,130.264000
RAW_FRAME_SIGN,101,43.950000
RAW_FRAME_SIGN,102,56.877000
RAW_FRAME_SIGN,103,147.210000
RAW_FRAME_SIGN,104,67.621000
RAW_FRAME_SIGN,105,67.659000
RAW_FRAME_SIGN,106,69.844000
RAW_FRAME_SIGN,107,69.898000
RAW_FRAME_SIGN,108,43.949000
RAW_FRAME_SIGN,109,43.950000
RAW_FRAME_SIGN,110,56.885000
RAW_FRAME_SIGN,111,91.292000
RAW_FRAME_SIGN,112,125.760000
RAW_FRAME_SIGN,113,140.948000
RAW_FRAME_SIGN,114,80.564000
RAW_FRAME_SIGN,115,43.951000
RAW_FRAME_SIGN,116,183.862000
RAW_FRAME_SIGN,117,115.031000
RAW_FRAME_SIGN,118,80.566000
RAW_FRAME_SIGN,119,78.372000
RAW_FRAME_SIGN,120,67.674000
RAW_FRAME_SIGN,121,54.703000
RAW_FRAME_SIGN,122,149.518000
RAW_FRAME_SIGN,123,43.950000
RAW_FRAME_SIGN,124,115.054000
RAW_FRAME_SIGN,125,67.649000
RAW_FRAME_SIGN,126,93.523000
RAW_FRAME_SIGN,127,164.669000
RAW_FRAME_SIGN,128,54.721000
RAW_FRAME_SIGN,129,102.090000
RAW_FRAME_SIGN,130,78.380000
RAW_FRAME_SIGN,131,67.693000
RAW_FRAME_SIGN,132,93.594000
RAW_FRAME_SIGN,133,54.691000
RAW_FRAME_SIGN,134,67.642000
RAW_FRAME_SIGN,135,115.061000
RAW_FRAME_SIGN,136,95.738000
RAW_FRAME_SIGN,137,54.690000
RAW_FRAME_SIGN,138,78.406000
RAW_FRAME_SIGN,139,80.608000
RAW_FRAME_SIGN,140,114.971000
RAW_FRAME_SIGN,141,186.083000
RAW_FRAME_SIGN,142,67.644000
RAW_FRAME_SIGN,143,43.949000
RAW_FRAME_SIGN,144,54.684000
RAW_FRAME_SIGN,145,156.028000
RAW_FRAME_SIGN,146,54.683000
RAW_FRAME_SIGN,147,43.950000
RAW_FRAME_SIGN,148,93.556000
RAW_FRAME_SIGN,149,162.430000
RAW_FRAME_SIGN,150,43.950000
RAW_FRAME_SIGN,151,43.949000
RAW_FRAME_SIGN,152,138.726000
RAW_FRAME_SIGN,153,67.657000
RAW_FRAME_SIGN,154,80.619000
RAW_FRAME_SIGN,155,93.523000
RAW_FRAME_SIGN,156,56.884000
RAW_FRAME_SIGN,157,125.785000
RAW_FRAME_SIGN,158,43.950000
RAW_FRAME_SIGN,159,151.701000
RAW_FRAME_SIGN,160,130.208000
RAW_FRAME_SIGN,161,91.323000
RAW_FRAME_SIGN,162,56.873000
RAW_FRAME_SIGN,163,278.732000
RAW_FRAME_SIGN,164,43.949000
RAW_FRAME_SIGN,165,65.497000
RAW_FRAME_SIGN,166,261.655000
RAW_FRAME_SIGN,167,43.949000
RAW_FRAME_SIGN,168,54.688000
RAW_FRAME_SIGN,169,272.271000
RAW_FRAME_SIGN,170,82.768000
RAW_FRAME_SIGN,171,67.680000
RAW_FRAME_SIGN,172,69.848000
RAW_FRAME_SIGN,173,89.144000
RAW_FRAME_SIGN,174,78.408000
RAW_FRAME_SIGN,175,80.640000
RAW_FRAME_SIGN,176,164.649000
RAW_FRAME_SIGN,177,54.698000
RAW_FRAME_SIGN,178,140.885000
RAW_FRAME_SIGN,179,56.917000
RAW_FRAME_SIGN,180,80.561000
RAW_FRAME_SIGN,181,93.554000
RAW_FRAME_SIGN,182,54.702000
RAW_FRAME_SIGN,183,67.674000
RAW_FRAME_SIGN,184,65.441000
RAW_FRAME_SIGN,185,56.893000
RAW_FRAME_SIGN,186,102.138000
RAW_FRAME_SIGN,187,138.728000
RAW_FRAME_SIGN,188,43.950000
RAW_FRAME_SIGN,189,56.874000
RAW_FRAME_SIGN,190,287.531000
RAW_FRAME_SIGN,191,433.852000
RAW_FRAME_SIGN,192,56.881000
RAW_FRAME_SIGN,193,65.460000
RAW_FRAME_SIGN,194,54.710000
RAW_FRAME_SIGN,195,149.454000
RAW_FRAME_SIGN,196,89.147000
RAW_FRAME_SIGN,197,56.879000
RAW_FRAME_SIGN,198,80.583000
RAW_FRAME_SIGN,199,104.316000
RAW_FRAME_SIGN,200,173.182000
RAW_FRAME_SIGN,201,114.980000
RAW_FRAME_SIGN,202,67.677000
RAW_FRAME_SIGN,203,82.775000
RAW_FRAME_SIGN,204,56.872000
RAW_FRAME_SIGN,205,102.105000
RAW_FRAME_SIGN,206,181.730000
RAW_FRAME_SIGN,207,149.564000
RAW_FRAME_SIGN,208,140.960000
RAW_FRAME_SIGN,209,43.950000
RAW_FRAME_SIGN,210,43.949000
RAW_FRAME_SIGN,211,67.671000
RAW_FRAME_SIGN,212,179.502000
RAW_FRAME_SIGN,213,43.950000
RAW_FRAME_SIGN,214,54.683000
RAW_FRAME_SIGN,215,78.373000
RAW_FRAME_SIGN,216,93.477000
RAW_FRAME_SIGN,217,43.949000
RAW_FRAME_SIGN,218,43.949000
RAW_FRAME_SIGN,219,54.694000
RAW_FRAME_SIGN,220,56.881000
RAW_FRAME_SIGN,221,330.425000
RAW_FRAME_SIGN,222,54.722000
RAW_FRAME_SIGN,223,69.841000
RAW_FRAME_SIGN,224,160.225000
RAW_FRAME_SIGN,225,43.950000
RAW_FRAME_SIGN,226,80.552000
RAW_FRAME_SIGN,227,43.949000
RAW_FRAME_SIGN,228,43.949000
RAW_FRAME_SIGN,229,56.928000
RAW_FRAME_SIGN,230,175.331000
RAW_FRAME_SIGN,231,78.408000
RAW_FRAME_SIGN,232,43.950000
RAW_FRAME_SIGN,233,95.726000
RAW_FRAME_SIGN,234,54.713000
RAW_FRAME_SIGN,235,69.830000
RAW_FRAME_SIGN,236,104.318000
RAW_FRAME_SIGN,237,54.688000
RAW_FRAME_SIGN,238,125.762000
RAW_FRAME_SIGN,239,56.921000
RAW_FRAME_SIGN,240,67.625000
RAW_FRAME_SIGN,241,132.411000
RAW_FRAME_SIGN,242,54.683000
RAW_FRAME_SIGN,243,160.283000
RAW_FRAME_SIGN,244,67.639000
RAW_FRAME_SIGN,245,80.587000
RAW_FRAME_SIGN,246,65.464000
RAW_FRAME_SIGN,247,106.570000
RAW_FRAME_SIGN,248,132.419000
RAW_FRAME_SIGN,249,115.027000
RAW_FRAME_SIGN,250,43.950000
RAW_FRAME_SIGN,251,67.685000
RAW_FRAME_SIGN,252,136.555000
RAW_FRAME_SIGN,253,117.171000
RAW_FRAME_SIGN,254,91.292000
RAW_FRAME_SIGN,255,106.466000
RAW_FRAME_SIGN,256,76.167000
RAW_FRAME_SIGN,257,99.931000
RAW_FRAME_SIGN,258,65.483000
RAW_FRAME_SIGN,259,43.950000
RAW_FRAME_SIGN,260,67.652000
RAW_FRAME_SIGN,261,104.242000
RAW_FRAME_SIGN,262,123.595000
RAW_FRAME_SIGN,263,67.679000
RAW_FRAME_SIGN,264,130.202000
RAW_FRAME_SIGN,265,160.273000
RAW_FRAME_SIGN,266,117.202000
RAW_FRAME_SIGN,267,43.949000
RAW_FRAME_SIGN,268,151.573000
RAW_FRAME_SIGN,269,67.629000
RAW_FRAME_SIGN,270,143.111000
RAW_FRAME_SIGN,271,43.950000
RAW_FRAME_SIGN,272,43.949000
RAW_FRAME_SIGN,273,43.949000
RAW_FRAME_SIGN,274,56.883000
RAW_FRAME_SIGN,275,56.906000
RAW_FRAME_SIGN,276,43.950000
RAW_FRAME_SIGN,277,43.950000
RAW_FRAME_SIGN,278,56.914000
RAW_FRAME_SIGN,279,43.949000
RAW_FRAME_SIGN,280,93.498000
RAW_FRAME_SIGN,281,149.508000
RAW_FRAME_SIGN,282,43.949000
RAW_FRAME_SIGN,283,76.156000
RAW_FRAME_SIGN,284,43.950000
RAW_FRAME_SIGN,285,67.628000
RAW_FRAME_SIGN,286,43.949000
RAW_FRAME_SIGN,287,80.595000
RAW_FRAME_SIGN,288,43.950000
RAW_FRAME_SIGN,289,91.353000
RAW_FRAME_SIGN,290,106.433000
RAW_FRAME_SIGN,291,76.204000
RAW_FRAME_SIGN,292,257.362000
RAW_FRAME_SIGN,293,56.895000
RAW_FRAME_SIGN,294,93.532000
RAW_FRAME_SIGN,295,179.499000
RAW_FRAME_SIGN,296,106.490000
RAW_FRAME_SIGN,297,220.553000
RAW_FRAME_SIGN,298,80.580000
RAW_FRAME_SIGN,299,65.465000
RAW_FRAME_SIGN,300,207.669000
RAW_FRAME_SIGN,301,205.691000
RAW_FRAME_SIGN,302,67.650000
RAW_FRAME_SIGN,303,56.878000
RAW_FRAME_SIGN,304,123.579000
RAW_FRAME_SIGN,305,54.695000
RAW_FRAME_SIGN,306,89.114000
RAW_FRAME_SIGN,307,56.895000
RAW_FRAME_SIGN,308,80.583000
RAW_FRAME_SIGN,309,102.054000
RAW_FRAME_SIGN,310,78.409000
RAW_FRAME_SIGN,311,69.815000
RAW_FRAME_SIGN,312,43.950000
RAW_FRAME_SIGN,313,56.910000
RAW_FRAME_SIGN,314,78.421000
RAW_FRAME_SIGN,315,43.951000
RAW_FRAME_SIGN,316,115.024000
RAW_FRAME_SIGN,317,95.693000
RAW_FRAME_SIGN,318,69.799000
RAW_FRAME_SIGN,319,65.414000
RAW_FRAME_SIGN,320,99.865000
RAW_FRAME_SIGN,321,67.655000
RAW_FRAME_SIGN,322,119.428000
RAW_FRAME_SIGN,323,43.949000
RAW_FRAME_SIGN,324,56.928000
RAW_FRAME_SIGN,325,121.640000
RAW_FRAME_SIGN,326,43.950000
RAW_FRAME_SIGN,327,130.160000
RAW_FRAME_SIGN,328,43.949000
RAW_FRAME_SIGN,329,56.878000
RAW_FRAME_SIGN,330,207.565000
RAW_FRAME_SIGN,331,43.949000
RAW_FRAME_SIGN,332,125.776000
RAW_FRAME_SIGN,333,80.605000
RAW_FRAME_SIGN,334,65.455000
RAW_FRAME_SIGN,335,106.460000
RAW_FRAME_SIGN,336,93.559000
RAW_FRAME_SIGN,337,54.703000
RAW_FRAME_SIGN,338,190.305000
RAW_FRAME_SIGN,339,93.477000
RAW_FRAME_SIGN,340,201.291000
RAW_FRAME_SIGN,341,78.434000
RAW_FRAME_SIGN,342,134.602000
RAW_FRAME_SIGN,343,102.065000
RAW_FRAME_SIGN,344,82.803000
RAW_FRAME_SIGN,345,80.578000
RAW_FRAME_SIGN,346,89.182000
RAW_FRAME_SIGN,347,134.247000
RAW_FRAME_SIGN,348,95.758000
RAW_FRAME_SIGN,349,80.577000
RAW_FRAME_SIGN,350,67.688000
RAW_FRAME_SIGN,351,102.147000
RAW_FRAME_SIGN,352,99.932000
RAW_FRAME_SIGN,353,56.905000
RAW_FRAME_SIGN,354,43.949000
RAW_FRAME_SIGN,355,56.899000
RAW_FRAME_SIGN,356,231.309000
RAW_FRAME_SIGN,357,56.881000
RAW_FRAME_SIGN,358,93.578000
RAW_FRAME_SIGN,359,104.302000
RAW_FRAME_SIGN,360,99.904000
RAW_FRAME_SIGN,361,80.599000
RAW_FRAME_SIGN,362,54.707000
RAW_FRAME_SIGN,363,54.707000
RAW_FRAME_SIGN,364,69.832000
RAW_FRAME_SIGN,365,78.383000
RAW_FRAME_SIGN,366,67.624000
RAW_FRAME_SIGN,367,91.344000
RAW_FRAME_SIGN,368,43.950000
RAW_FRAME_SIGN,369,43.950000
RAW_FRAME_SIGN,370,56.876000
RAW_FRAME_SIGN,371,192.693000
RAW_FRAME_SIGN,372,91.379000
RAW_FRAME_SIGN,373,102.058000
RAW_FRAME_SIGN,374,65.416000
RAW_FRAME_SIGN,375,80.614000
RAW_FRAME_SIGN,376,156.076000
RAW_FRAME_SIGN,377,43.950000
RAW_FRAME_SIGN,378,80.561000
RAW_FRAME_SIGN,379,54.697000
RAW_FRAME_SIGN,380,54.718000
RAW_FRAME_SIGN,381,54.705000
RAW_FRAME_SIGN,382,177.661000
RAW_FRAME_SIGN,383,117.215000
RAW_FRAME_SIGN,384,67.657000
RAW_FRAME_SIGN,385,69.848000
RAW_FRAME_SIGN,386,93.525000
RAW_FRAME_SIGN,387,78.403000
RAW_FRAME_SIGN,388,43.949000
RAW_FRAME_SIGN,389,56.904000
RAW_FRAME_SIGN,390,151.661000
RAW_FRAME_SIGN,391,43.949000
RAW_FRAME_SIGN,392,54.712000
RAW_FRAME_SIGN,393,80.572000
RAW_FRAME_SIGN,394,166.879000
RAW_FRAME_SIGN,395,69.815000
RAW_FRAME_SIGN,396,91.369000
RAW_FRAME_SIGN,397,140.852000
RAW_FRAME_SIGN,398,115.061000
RAW_FRAME_SIGN,399,78.391000
RAW_FRAME_SIGN,400,82.828000
RAW_FRAME_SIGN,401,95.747000
RAW_FRAME_SIGN,402,67.692000
RAW_FRAME_SIGN,403,89.085000
RAW_FRAME_SIGN,404,54.693000
RAW_FRAME_SIGN,405,119.483000
RAW_FRAME_SIGN,406,65.442000
RAW_FRAME_SIGN,407,43.950000
RAW_FRAME_SIGN,408,43.950000
RAW_FRAME_SIGN,409,112.836000
RAW_FRAME_SIGN,410,112.875000
RAW_FRAME_SIGN,411,110.589000
RAW_FRAME_SIGN,412,93.496000
RAW_FRAME_SIGN,413,149.429000
RAW_FRAME_SIGN,414,315.608000
RAW_FRAME_SIGN,415,119.413000
RAW_FRAME_SIGN,416,56.893000
RAW_FRAME_SIGN,417,115.008000
RAW_FRAME_SIGN,418,82.788000
RAW_FRAME_SIGN,419,43.949000
RAW_FRAME_SIGN,420,110.584000
RAW_FRAME_SIGN,421,227.083000
RAW_FRAME_SIGN,422,119.483000
RAW_FRAME_SIGN,423,43.949000
RAW_FRAME_SIGN,424,130.171000
RAW_FRAME_SIGN,425,56.928000
RAW_FRAME_SIGN,426,78.387000
RAW_FRAME_SIGN,427,89.121000
RAW_FRAME_SIGN,428,194.628000
RAW_FRAME_SIGN,429,130.229000
RAW_FRAME_SIGN,430,43.949000
RAW_FRAME_SIGN,431,91.329000
RAW_FRAME_SIGN,432,128.046000
RAW_FRAME_SIGN,433,43.950000
RAW_FRAME_SIGN,434,78.371000
RAW_FRAME_SIGN,435,43.949000
RAW_FRAME_SIGN,436,203.466000
RAW_FRAME_SIGN,437,89.121000
RAW_FRAME_SIGN,438,43.950000
RAW_FRAME_SIGN,439,67.628000
RAW_FRAME_SIGN,440,91.307000
RAW_FRAME_SIGN,441,65.442000
RAW_FRAME_SIGN,442,319.622000
RAW_FRAME_SIGN,443,124.062000
RAW_FRAME_SIGN,444,54.696000
RAW_FRAME_SIGN,445,117.203000
RAW_FRAME_SIGN,446,43.949000
RAW_FRAME_SIGN,447,196.887000
RAW_FRAME_SIGN,448,82.760000
RAW_FRAME_SIGN,449,76.167000
RAW_FRAME_SIGN,450,67.651000
RAW_FRAME_SIGN,451,65.449000
RAW_FRAME_SIGN,452,43.949000
RAW_FRAME_SIGN,453,93.533000
RAW_FRAME_SIGN,454,43.950000
RAW_FRAME_SIGN,455,65.469000
RAW_FRAME_SIGN,456,65.467000
RAW_FRAME_SIGN,457,136.550000
RAW_FRAME_SIGN,458,54.697000
RAW_FRAME_SIGN,459,67.613000
RAW_FRAME_SIGN,460,56.894000
RAW_FRAME_SIGN,461,43.950000
RAW_FRAME_SIGN,462,91.353000
RAW_FRAME_SIGN,463,56.903000
RAW_FRAME_SIGN,464,43.950000
RAW_FRAME_SIGN,465,78.366000
RAW_FRAME_SIGN,466,43.949000
RAW_FRAME_SIGN,467,43.950000
RAW_FRAME_SIGN,468,67.624000
RAW_FRAME_SIGN,469,56.915000
RAW_FRAME_SIGN,470,54.699000
RAW_FRAME_SIGN,471,67.679000
RAW_FRAME_SIGN,472,106.411000
RAW_FRAME_SIGN,473,104.203000
RAW_FRAME_SIGN,474,160.232000
RAW_FRAME_SIGN,475,43.949000
RAW_FRAME_SIGN,476,56.896000
RAW_FRAME_SIGN,477,54.712000
RAW_FRAME_SIGN,478,43.950000
RAW_FRAME_SIGN,479,203.429000
RAW_FRAME_SIGN,480,43.949000
RAW_FRAME_SIGN,481,93.557000
RAW_FRAME_SIGN,482,259.382000
RAW_FRAME_SIGN,483,108.689000
RAW_FRAME_SIGN,484,43.949000
RAW_FRAME_SIGN,485,54.711000
RAW_FRAME_SIGN,486,67.646000
RAW_FRAME_SIGN,487,43.949000
RAW_FRAME_SIGN,488,67.653000
RAW_FRAME_SIGN,489,67.646000
RAW_FRAME_SIGN,490,56.929000
RAW_FRAME_SIGN,491,218.244000
RAW_FRAME_SIGN,492,43.950000
RAW_FRAME_SIGN,493,56.874000
RAW_FRAME_SIGN,494,43.950000
RAW_FRAME_SIGN,495,67.611000
RAW_FRAME_SIGN,496,43.949000
RAW_FRAME_SIGN,497,43.950000
RAW_FRAME_SIGN,498,43.949000
RAW_FRAME_SIGN,499,125.840000

--- RAW VERIFY ---
RAW_VERIFY,0,27.735000
RAW_VERIFY,1,27.668000
RAW_VERIFY,2,27.668000
RAW_VERIFY,3,27.668000
RAW_VERIFY,4,27.668000
RAW_VERIFY,5,27.668000
RAW_VERIFY,6,27.668000
RAW_VERIFY,7,27.668000
RAW_VERIFY,8,27.668000
RAW_VERIFY,9,27.668000
RAW_VERIFY,10,27.668000
RAW_VERIFY,11,27.668000
RAW_VERIFY,12,27.668000
RAW_VERIFY,13,27.668000
RAW_VERIFY,14,27.668000
RAW_VERIFY,15,27.668000
RAW_VERIFY,16,27.668000
RAW_VERIFY,17,27.668000
RAW_VERIFY,18,27.668000
RAW_VERIFY,19,27.668000
RAW_VERIFY,20,27.668000
RAW_VERIFY,21,27.668000
RAW_VERIFY,22,27.668000
RAW_VERIFY,23,27.668000
RAW_VERIFY,24,27.669000
RAW_VERIFY,25,27.668000
RAW_VERIFY,26,27.668000
RAW_VERIFY,27,27.668000
RAW_VERIFY,28,27.668000
RAW_VERIFY,29,27.668000
RAW_VERIFY,30,27.668000
RAW_VERIFY,31,27.668000
RAW_VERIFY,32,27.668000
RAW_VERIFY,33,27.668000
RAW_VERIFY,34,27.668000
RAW_VERIFY,35,27.668000
RAW_VERIFY,36,27.668000
RAW_VERIFY,37,27.668000
RAW_VERIFY,38,27.668000
RAW_VERIFY,39,27.668000
RAW_VERIFY,40,27.668000
RAW_VERIFY,41,27.668000
RAW_VERIFY,42,27.668000
RAW_VERIFY,43,27.668000
RAW_VERIFY,44,27.668000
RAW_VERIFY,45,27.668000
RAW_VERIFY,46,27.668000
RAW_VERIFY,47,27.668000
RAW_VERIFY,48,27.668000
RAW_VERIFY,49,27.668000
RAW_VERIFY,50,27.668000
RAW_VERIFY,51,27.668000
RAW_VERIFY,52,27.668000
RAW_VERIFY,53,27.668000
RAW_VERIFY,54,27.668000
RAW_VERIFY,55,27.668000
RAW_VERIFY,56,27.668000
RAW_VERIFY,57,27.668000
RAW_VERIFY,58,27.668000
RAW_VERIFY,59,27.668000
RAW_VERIFY,60,27.668000
RAW_VERIFY,61,27.668000
RAW_VERIFY,62,27.668000
RAW_VERIFY,63,27.668000
RAW_VERIFY,64,27.668000
RAW_VERIFY,65,27.668000
RAW_VERIFY,66,27.668000
RAW_VERIFY,67,27.668000
RAW_VERIFY,68,27.668000
RAW_VERIFY,69,27.668000
RAW_VERIFY,70,27.668000
RAW_VERIFY,71,27.668000
RAW_VERIFY,72,27.668000
RAW_VERIFY,73,27.668000
RAW_VERIFY,74,27.668000
RAW_VERIFY,75,27.668000
RAW_VERIFY,76,27.668000
RAW_VERIFY,77,27.668000
RAW_VERIFY,78,27.668000
RAW_VERIFY,79,27.668000
RAW_VERIFY,80,27.668000
RAW_VERIFY,81,27.668000
RAW_VERIFY,82,27.668000
RAW_VERIFY,83,27.668000
RAW_VERIFY,84,27.668000
RAW_VERIFY,85,27.668000
RAW_VERIFY,86,27.668000
RAW_VERIFY,87,27.668000
RAW_VERIFY,88,27.668000
RAW_VERIFY,89,27.668000
RAW_VERIFY,90,27.668000
RAW_VERIFY,91,27.668000
RAW_VERIFY,92,27.668000
RAW_VERIFY,93,27.668000
RAW_VERIFY,94,27.668000
RAW_VERIFY,95,27.668000
RAW_VERIFY,96,27.668000
RAW_VERIFY,97,27.668000
RAW_VERIFY,98,27.668000
RAW_VERIFY,99,27.668000
RAW_VERIFY,100,27.668000
RAW_VERIFY,101,27.668000
RAW_VERIFY,102,27.668000
RAW_VERIFY,103,27.668000
RAW_VERIFY,104,27.668000
RAW_VERIFY,105,27.668000
RAW_VERIFY,106,27.668000
RAW_VERIFY,107,27.668000
RAW_VERIFY,108,27.668000
RAW_VERIFY,109,27.668000
RAW_VERIFY,110,27.668000
RAW_VERIFY,111,27.668000
RAW_VERIFY,112,27.668000
RAW_VERIFY,113,27.668000
RAW_VERIFY,114,27.668000
RAW_VERIFY,115,27.668000
RAW_VERIFY,116,27.668000
RAW_VERIFY,117,27.668000
RAW_VERIFY,118,27.668000
RAW_VERIFY,119,27.668000
RAW_VERIFY,120,27.668000
RAW_VERIFY,121,27.668000
RAW_VERIFY,122,27.668000
RAW_VERIFY,123,27.668000
RAW_VERIFY,124,27.668000
RAW_VERIFY,125,27.668000
RAW_VERIFY,126,27.668000
RAW_VERIFY,127,27.668000
RAW_VERIFY,128,27.668000
RAW_VERIFY,129,27.668000
RAW_VERIFY,130,27.668000
RAW_VERIFY,131,27.668000
RAW_VERIFY,132,27.667000
RAW_VERIFY,133,27.668000
RAW_VERIFY,134,27.668000
RAW_VERIFY,135,27.668000
RAW_VERIFY,136,27.668000
RAW_VERIFY,137,27.668000
RAW_VERIFY,138,27.668000
RAW_VERIFY,139,27.668000
RAW_VERIFY,140,27.668000
RAW_VERIFY,141,27.668000
RAW_VERIFY,142,27.668000
RAW_VERIFY,143,27.668000
RAW_VERIFY,144,27.668000
RAW_VERIFY,145,27.668000
RAW_VERIFY,146,27.668000
RAW_VERIFY,147,27.668000
RAW_VERIFY,148,27.668000
RAW_VERIFY,149,27.668000
RAW_VERIFY,150,27.668000
RAW_VERIFY,151,27.668000
RAW_VERIFY,152,27.668000
RAW_VERIFY,153,27.668000
RAW_VERIFY,154,27.668000
RAW_VERIFY,155,27.668000
RAW_VERIFY,156,27.668000
RAW_VERIFY,157,27.668000
RAW_VERIFY,158,27.668000
RAW_VERIFY,159,27.668000
RAW_VERIFY,160,27.668000
RAW_VERIFY,161,27.668000
RAW_VERIFY,162,27.668000
RAW_VERIFY,163,27.668000
RAW_VERIFY,164,27.668000
RAW_VERIFY,165,27.668000
RAW_VERIFY,166,27.668000
RAW_VERIFY,167,27.669000
RAW_VERIFY,168,27.668000
RAW_VERIFY,169,27.668000
RAW_VERIFY,170,27.668000
RAW_VERIFY,171,27.668000
RAW_VERIFY,172,27.668000
RAW_VERIFY,173,27.668000
RAW_VERIFY,174,27.668000
RAW_VERIFY,175,27.668000
RAW_VERIFY,176,27.668000
RAW_VERIFY,177,27.668000
RAW_VERIFY,178,27.668000
RAW_VERIFY,179,27.668000
RAW_VERIFY,180,27.668000
RAW_VERIFY,181,27.668000
RAW_VERIFY,182,27.668000
RAW_VERIFY,183,27.668000
RAW_VERIFY,184,27.668000
RAW_VERIFY,185,27.668000
RAW_VERIFY,186,27.668000
RAW_VERIFY,187,27.668000
RAW_VERIFY,188,27.668000
RAW_VERIFY,189,27.668000
RAW_VERIFY,190,27.668000
RAW_VERIFY,191,27.668000
RAW_VERIFY,192,27.668000
RAW_VERIFY,193,27.668000
RAW_VERIFY,194,27.668000
RAW_VERIFY,195,27.668000
RAW_VERIFY,196,27.668000
RAW_VERIFY,197,27.668000
RAW_VERIFY,198,27.668000
RAW_VERIFY,199,27.668000
RAW_VERIFY,200,27.668000
RAW_VERIFY,201,27.668000
RAW_VERIFY,202,27.668000
RAW_VERIFY,203,27.668000
RAW_VERIFY,204,27.668000
RAW_VERIFY,205,27.668000
RAW_VERIFY,206,27.668000
RAW_VERIFY,207,27.668000
RAW_VERIFY,208,27.668000
RAW_VERIFY,209,27.668000
RAW_VERIFY,210,27.668000
RAW_VERIFY,211,27.668000
RAW_VERIFY,212,27.668000
RAW_VERIFY,213,27.668000
RAW_VERIFY,214,27.667000
RAW_VERIFY,215,27.668000
RAW_VERIFY,216,27.668000
RAW_VERIFY,217,27.668000
RAW_VERIFY,218,27.668000
RAW_VERIFY,219,27.668000
RAW_VERIFY,220,27.668000
RAW_VERIFY,221,27.668000
RAW_VERIFY,222,27.667000
RAW_VERIFY,223,27.668000
RAW_VERIFY,224,27.668000
RAW_VERIFY,225,27.668000
RAW_VERIFY,226,27.668000
RAW_VERIFY,227,27.668000
RAW_VERIFY,228,27.668000
RAW_VERIFY,229,27.668000
RAW_VERIFY,230,27.668000
RAW_VERIFY,231,27.668000
RAW_VERIFY,232,27.668000
RAW_VERIFY,233,27.668000
RAW_VERIFY,234,27.668000
RAW_VERIFY,235,27.668000
RAW_VERIFY,236,27.668000
RAW_VERIFY,237,27.668000
RAW_VERIFY,238,27.668000
RAW_VERIFY,239,27.668000
RAW_VERIFY,240,27.668000
RAW_VERIFY,241,27.668000
RAW_VERIFY,242,27.668000
RAW_VERIFY,243,27.668000
RAW_VERIFY,244,27.668000
RAW_VERIFY,245,27.668000
RAW_VERIFY,246,27.668000
RAW_VERIFY,247,27.668000
RAW_VERIFY,248,27.668000
RAW_VERIFY,249,27.668000
RAW_VERIFY,250,27.668000
RAW_VERIFY,251,27.668000
RAW_VERIFY,252,27.668000
RAW_VERIFY,253,27.668000
RAW_VERIFY,254,27.668000
RAW_VERIFY,255,27.668000
RAW_VERIFY,256,27.668000
RAW_VERIFY,257,27.668000
RAW_VERIFY,258,27.668000
RAW_VERIFY,259,27.668000
RAW_VERIFY,260,27.668000
RAW_VERIFY,261,27.668000
RAW_VERIFY,262,27.668000
RAW_VERIFY,263,27.668000
RAW_VERIFY,264,27.668000
RAW_VERIFY,265,27.668000
RAW_VERIFY,266,27.668000
RAW_VERIFY,267,27.668000
RAW_VERIFY,268,27.668000
RAW_VERIFY,269,27.668000
RAW_VERIFY,270,27.668000
RAW_VERIFY,271,27.668000
RAW_VERIFY,272,27.668000
RAW_VERIFY,273,27.668000
RAW_VERIFY,274,27.668000
RAW_VERIFY,275,27.668000
RAW_VERIFY,276,27.668000
RAW_VERIFY,277,27.668000
RAW_VERIFY,278,27.668000
RAW_VERIFY,279,27.668000
RAW_VERIFY,280,27.668000
RAW_VERIFY,281,27.668000
RAW_VERIFY,282,27.668000
RAW_VERIFY,283,27.668000
RAW_VERIFY,284,27.668000
RAW_VERIFY,285,27.668000
RAW_VERIFY,286,27.667000
RAW_VERIFY,287,27.668000
RAW_VERIFY,288,27.668000
RAW_VERIFY,289,27.668000
RAW_VERIFY,290,27.668000
RAW_VERIFY,291,27.668000
RAW_VERIFY,292,27.668000
RAW_VERIFY,293,27.668000
RAW_VERIFY,294,27.668000
RAW_VERIFY,295,27.668000
RAW_VERIFY,296,27.668000
RAW_VERIFY,297,27.668000
RAW_VERIFY,298,27.668000
RAW_VERIFY,299,27.668000
RAW_VERIFY,300,27.668000
RAW_VERIFY,301,27.668000
RAW_VERIFY,302,27.668000
RAW_VERIFY,303,27.668000
RAW_VERIFY,304,27.668000
RAW_VERIFY,305,27.668000
RAW_VERIFY,306,27.668000
RAW_VERIFY,307,27.668000
RAW_VERIFY,308,27.668000
RAW_VERIFY,309,27.668000
RAW_VERIFY,310,27.668000
RAW_VERIFY,311,27.668000
RAW_VERIFY,312,27.668000
RAW_VERIFY,313,27.668000
RAW_VERIFY,314,27.668000
RAW_VERIFY,315,27.668000
RAW_VERIFY,316,27.668000
RAW_VERIFY,317,27.668000
RAW_VERIFY,318,27.668000
RAW_VERIFY,319,27.668000
RAW_VERIFY,320,27.668000
RAW_VERIFY,321,27.668000
RAW_VERIFY,322,27.668000
RAW_VERIFY,323,27.668000
RAW_VERIFY,324,27.668000
RAW_VERIFY,325,27.668000
RAW_VERIFY,326,27.668000
RAW_VERIFY,327,27.668000
RAW_VERIFY,328,27.668000
RAW_VERIFY,329,27.668000
RAW_VERIFY,330,27.668000
RAW_VERIFY,331,27.668000
RAW_VERIFY,332,27.668000
RAW_VERIFY,333,27.668000
RAW_VERIFY,334,27.668000
RAW_VERIFY,335,27.668000
RAW_VERIFY,336,27.668000
RAW_VERIFY,337,27.668000
RAW_VERIFY,338,27.668000
RAW_VERIFY,339,27.668000
RAW_VERIFY,340,27.668000
RAW_VERIFY,341,27.668000
RAW_VERIFY,342,27.668000
RAW_VERIFY,343,27.668000
RAW_VERIFY,344,27.668000
RAW_VERIFY,345,27.668000
RAW_VERIFY,346,27.669000
RAW_VERIFY,347,27.668000
RAW_VERIFY,348,27.668000
RAW_VERIFY,349,27.668000
RAW_VERIFY,350,27.668000
RAW_VERIFY,351,27.668000
RAW_VERIFY,352,27.668000
RAW_VERIFY,353,27.668000
RAW_VERIFY,354,27.668000
RAW_VERIFY,355,27.668000
RAW_VERIFY,356,27.668000
RAW_VERIFY,357,27.668000
RAW_VERIFY,358,27.668000
RAW_VERIFY,359,27.668000
RAW_VERIFY,360,27.668000
RAW_VERIFY,361,27.668000
RAW_VERIFY,362,27.668000
RAW_VERIFY,363,27.668000
RAW_VERIFY,364,27.668000
RAW_VERIFY,365,27.668000
RAW_VERIFY,366,27.668000
RAW_VERIFY,367,27.668000
RAW_VERIFY,368,27.668000
RAW_VERIFY,369,27.668000
RAW_VERIFY,370,27.668000
RAW_VERIFY,371,27.668000
RAW_VERIFY,372,27.668000
RAW_VERIFY,373,27.668000
RAW_VERIFY,374,27.668000
RAW_VERIFY,375,27.668000
RAW_VERIFY,376,27.668000
RAW_VERIFY,377,27.668000
RAW_VERIFY,378,27.668000
RAW_VERIFY,379,27.668000
RAW_VERIFY,380,27.668000
RAW_VERIFY,381,27.668000
RAW_VERIFY,382,27.667000
RAW_VERIFY,383,27.668000
RAW_VERIFY,384,27.668000
RAW_VERIFY,385,27.668000
RAW_VERIFY,386,27.668000
RAW_VERIFY,387,27.668000
RAW_VERIFY,388,27.668000
RAW_VERIFY,389,27.668000
RAW_VERIFY,390,27.668000
RAW_VERIFY,391,27.668000
RAW_VERIFY,392,27.668000
RAW_VERIFY,393,27.668000
RAW_VERIFY,394,27.668000
RAW_VERIFY,395,27.668000
RAW_VERIFY,396,27.668000
RAW_VERIFY,397,27.668000
RAW_VERIFY,398,27.668000
RAW_VERIFY,399,27.668000
RAW_VERIFY,400,27.668000
RAW_VERIFY,401,27.668000
RAW_VERIFY,402,27.668000
RAW_VERIFY,403,27.668000
RAW_VERIFY,404,27.668000
RAW_VERIFY,405,27.668000
RAW_VERIFY,406,27.668000
RAW_VERIFY,407,27.668000
RAW_VERIFY,408,27.668000
RAW_VERIFY,409,27.668000
RAW_VERIFY,410,27.668000
RAW_VERIFY,411,27.668000
RAW_VERIFY,412,27.668000
RAW_VERIFY,413,27.668000
RAW_VERIFY,414,27.668000
RAW_VERIFY,415,27.668000
RAW_VERIFY,416,27.668000
RAW_VERIFY,417,27.669000
RAW_VERIFY,418,27.668000
RAW_VERIFY,419,27.668000
RAW_VERIFY,420,27.668000
RAW_VERIFY,421,27.668000
RAW_VERIFY,422,27.668000
RAW_VERIFY,423,27.668000
RAW_VERIFY,424,27.668000
RAW_VERIFY,425,27.668000
RAW_VERIFY,426,27.668000
RAW_VERIFY,427,27.668000
RAW_VERIFY,428,27.668000
RAW_VERIFY,429,27.668000
RAW_VERIFY,430,27.668000
RAW_VERIFY,431,27.668000
RAW_VERIFY,432,27.668000
RAW_VERIFY,433,27.668000
RAW_VERIFY,434,27.668000
RAW_VERIFY,435,27.668000
RAW_VERIFY,436,27.668000
RAW_VERIFY,437,27.668000
RAW_VERIFY,438,27.668000
RAW_VERIFY,439,27.668000
RAW_VERIFY,440,27.668000
RAW_VERIFY,441,27.668000
RAW_VERIFY,442,27.668000
RAW_VERIFY,443,27.668000
RAW_VERIFY,444,27.668000
RAW_VERIFY,445,27.668000
RAW_VERIFY,446,27.668000
RAW_VERIFY,447,27.668000
RAW_VERIFY,448,27.668000
RAW_VERIFY,449,27.668000
RAW_VERIFY,450,27.668000
RAW_VERIFY,451,27.668000
RAW_VERIFY,452,27.668000
RAW_VERIFY,453,27.668000
RAW_VERIFY,454,27.668000
RAW_VERIFY,455,27.668000
RAW_VERIFY,456,27.668000
RAW_VERIFY,457,27.668000
RAW_VERIFY,458,27.668000
RAW_VERIFY,459,27.668000
RAW_VERIFY,460,27.668000
RAW_VERIFY,461,27.668000
RAW_VERIFY,462,27.668000
RAW_VERIFY,463,27.668000
RAW_VERIFY,464,27.668000
RAW_VERIFY,465,27.668000
RAW_VERIFY,466,27.668000
RAW_VERIFY,467,27.668000
RAW_VERIFY,468,27.668000
RAW_VERIFY,469,27.668000
RAW_VERIFY,470,27.668000
RAW_VERIFY,471,27.668000
RAW_VERIFY,472,27.668000
RAW_VERIFY,473,27.668000
RAW_VERIFY,474,27.668000
RAW_VERIFY,475,27.668000
RAW_VERIFY,476,27.668000
RAW_VERIFY,477,27.668000
RAW_VERIFY,478,27.668000
RAW_VERIFY,479,27.668000
RAW_VERIFY,480,27.668000
RAW_VERIFY,481,27.668000
RAW_VERIFY,482,27.668000
RAW_VERIFY,483,27.668000
RAW_VERIFY,484,27.668000
RAW_VERIFY,485,27.668000
RAW_VERIFY,486,27.668000
RAW_VERIFY,487,27.668000
RAW_VERIFY,488,27.668000
RAW_VERIFY,489,27.668000
RAW_VERIFY,490,27.668000
RAW_VERIFY,491,27.668000
RAW_VERIFY,492,27.668000
RAW_VERIFY,493,27.668000
RAW_VERIFY,494,27.668000
RAW_VERIFY,495,27.668000
RAW_VERIFY,496,27.668000
RAW_VERIFY,497,27.668000
RAW_VERIFY,498,27.668000
RAW_VERIFY,499,27.668000

--- FINAL JSON ---
{"platform":"esp32","algorithm":"ML-DSA-65","pqclean_commit":"0586a824fc0d49df0b6b6e9179d8d15d06d0974f","cpu_mhz":240,"kappa_bytes":48,"pk_bytes":1952,"sk_bytes":4032,"sig_bytes":3309,"frame_sign_input_bytes":7353,"n_sign":500,"n_frame_sign":500,"n_verify":500,"sign_core_mean_ms":84.158822,"sign_core_sd_ms":53.217219,"sign_core_p95_ms":180.120650,"sign_core_p99_ms":290.127150,"sign_core_max_ms":393.324000,"framework_sign_mean_ms":91.949836,"framework_sign_sd_ms":54.143767,"framework_sign_p95_ms":203.430850,"framework_sign_p99_ms":311.274770,"framework_sign_max_ms":433.852000,"verify_mean_ms":27.668132,"verify_sd_ms":0.002996,"verify_p95_ms":27.668000,"verify_p99_ms":27.668010,"verify_max_ms":27.735000,"heap_free":147572,"heap_min":116212}

ESP32_FINAL_BENCHMARK_OK
