[PLATFORM] ESP32 | 240 MHz | 2 core | SDK v5.5.5
[PLATFORM] flash=4194304 B heap=250480 B

==============================================
 PQ-CBAS-DSH ESP32 FINAL BENCHMARK
==============================================
PQClean commit : 0586a824fc0d49df0b6b6e9179d8d15d06d0974f
Algorithm      : ML-DSA-65
kappa          : 384 bit / 48 B
pk/sk/sig      : 1952 / 4032 / 3309 B
frame input    : 7353 B
CPU            : 240 MHz

[1/6] keypair n=20
[2/6] SHAKE256 DSH n=200 input=7353 B output=48 B
[3/6] ML-DSA sign core n=500
[4/6] framework sign n=500
[5/6] verify n=500
[6/6] sequential verify m=1,2,5,10

--- SUMMARY ---
keypair            mean=27.481050 sd=0.177150 min=27.416000 max=28.035000 ms
DSH-48             mean=6.111640 sd=0.002486 min=6.110000 max=6.133000 ms
sign-core          n=500 mean=89.164418 sd=60.582995 min=37.824000 p95=197.758050 p99=274.969510 max=675.687000 ms
framework-sign     n=500 mean=92.244672 sd=53.012507 min=43.945000 p95=203.535600 p99=274.736490 max=419.005000 ms
verify             n=500 mean=27.668096 sd=0.003006 min=27.667000 p95=27.668000 p99=27.669000 max=27.735000 ms

--- SEQUENTIAL VERIFY (not AggVerify) ---
m=1 n=10 mean=27.669800 sd=0.004094 min=27.668000 max=27.682000 ms per_tuple=27.669800 ms
m=2 n=10 mean=55.338400 sd=0.000490 min=55.338000 max=55.339000 ms per_tuple=27.669200 ms
m=5 n=10 mean=138.328000 sd=0.000775 min=138.327000 max=138.330000 ms per_tuple=27.665600 ms
m=10 n=10 mean=276.648800 sd=0.001077 min=276.648000 max=276.651000 ms per_tuple=27.664880 ms

--- RAW SIGN CORE ---
RAW_SIGN,0,61.683000
RAW_SIGN,1,37.841000
RAW_SIGN,2,50.809000
RAW_SIGN,3,48.592000
RAW_SIGN,4,162.832000
RAW_SIGN,5,87.481000
RAW_SIGN,6,37.842000
RAW_SIGN,7,137.062000
RAW_SIGN,8,37.842000
RAW_SIGN,9,154.155000
RAW_SIGN,10,87.405000
RAW_SIGN,11,37.842000
RAW_SIGN,12,37.842000
RAW_SIGN,13,76.704000
RAW_SIGN,14,173.638000
RAW_SIGN,15,143.352000
RAW_SIGN,16,63.735000
RAW_SIGN,17,48.607000
RAW_SIGN,18,74.471000
RAW_SIGN,19,37.841000
RAW_SIGN,20,50.772000
RAW_SIGN,21,83.042000
RAW_SIGN,22,93.855000
RAW_SIGN,23,63.696000
RAW_SIGN,24,50.801000
RAW_SIGN,25,37.841000
RAW_SIGN,26,162.828000
RAW_SIGN,27,63.701000
RAW_SIGN,28,50.770000
RAW_SIGN,29,96.027000
RAW_SIGN,30,37.842000
RAW_SIGN,31,98.111000
RAW_SIGN,32,61.529000
RAW_SIGN,33,63.772000
RAW_SIGN,34,37.841000
RAW_SIGN,35,173.787000
RAW_SIGN,36,37.841000
RAW_SIGN,37,231.579000
RAW_SIGN,38,74.482000
RAW_SIGN,39,50.770000
RAW_SIGN,40,121.815000
RAW_SIGN,41,197.360000
RAW_SIGN,42,50.770000
RAW_SIGN,43,63.731000
RAW_SIGN,44,37.842000
RAW_SIGN,45,119.692000
RAW_SIGN,46,132.623000
RAW_SIGN,47,205.920000
RAW_SIGN,48,50.767000
RAW_SIGN,49,76.706000
RAW_SIGN,50,37.840000
RAW_SIGN,51,111.136000
RAW_SIGN,52,85.293000
RAW_SIGN,53,50.775000
RAW_SIGN,54,63.729000
RAW_SIGN,55,145.571000
RAW_SIGN,56,37.842000
RAW_SIGN,57,48.592000
RAW_SIGN,58,175.580000
RAW_SIGN,59,50.766000
RAW_SIGN,60,87.448000
RAW_SIGN,61,37.840000
RAW_SIGN,62,100.404000
RAW_SIGN,63,83.014000
RAW_SIGN,64,195.064000
RAW_SIGN,65,119.718000
RAW_SIGN,66,96.021000
RAW_SIGN,67,61.556000
RAW_SIGN,68,85.231000
RAW_SIGN,69,50.804000
RAW_SIGN,70,137.034000
RAW_SIGN,71,89.657000
RAW_SIGN,72,270.514000
RAW_SIGN,73,169.290000
RAW_SIGN,74,61.533000
RAW_SIGN,75,149.951000
RAW_SIGN,76,37.842000
RAW_SIGN,77,74.509000
RAW_SIGN,78,37.840000
RAW_SIGN,79,85.278000
RAW_SIGN,80,126.300000
RAW_SIGN,81,108.860000
RAW_SIGN,82,74.467000
RAW_SIGN,83,195.151000
RAW_SIGN,84,61.537000
RAW_SIGN,85,274.776000
RAW_SIGN,86,63.764000
RAW_SIGN,87,182.317000
RAW_SIGN,88,48.583000
RAW_SIGN,89,48.573000
RAW_SIGN,90,37.842000
RAW_SIGN,91,145.588000
RAW_SIGN,92,48.615000
RAW_SIGN,93,154.183000
RAW_SIGN,94,418.976000
RAW_SIGN,95,37.824000
RAW_SIGN,96,59.312000
RAW_SIGN,97,48.585000
RAW_SIGN,98,61.545000
RAW_SIGN,99,37.841000
RAW_SIGN,100,130.412000
RAW_SIGN,101,188.619000
RAW_SIGN,102,70.094000
RAW_SIGN,103,37.842000
RAW_SIGN,104,50.769000
RAW_SIGN,105,48.617000
RAW_SIGN,106,108.941000
RAW_SIGN,107,50.805000
RAW_SIGN,108,50.801000
RAW_SIGN,109,108.871000
RAW_SIGN,110,132.596000
RAW_SIGN,111,126.199000
RAW_SIGN,112,74.536000
RAW_SIGN,113,61.529000
RAW_SIGN,114,83.014000
RAW_SIGN,115,48.599000
RAW_SIGN,116,37.841000
RAW_SIGN,117,61.539000
RAW_SIGN,118,76.681000
RAW_SIGN,119,173.725000
RAW_SIGN,120,50.784000
RAW_SIGN,121,98.203000
RAW_SIGN,122,59.327000
RAW_SIGN,123,223.233000
RAW_SIGN,124,359.073000
RAW_SIGN,125,89.589000
RAW_SIGN,126,231.793000
RAW_SIGN,127,70.095000
RAW_SIGN,128,37.841000
RAW_SIGN,129,50.768000
RAW_SIGN,130,87.442000
RAW_SIGN,131,100.383000
RAW_SIGN,132,37.842000
RAW_SIGN,133,37.840000
RAW_SIGN,134,63.705000
RAW_SIGN,135,63.693000
RAW_SIGN,136,87.460000
RAW_SIGN,137,37.840000
RAW_SIGN,138,37.840000
RAW_SIGN,139,106.718000
RAW_SIGN,140,59.322000
RAW_SIGN,141,61.543000
RAW_SIGN,142,37.842000
RAW_SIGN,143,139.028000
RAW_SIGN,144,37.841000
RAW_SIGN,145,134.790000
RAW_SIGN,146,98.223000
RAW_SIGN,147,102.620000
RAW_SIGN,148,37.841000
RAW_SIGN,149,37.840000
RAW_SIGN,150,106.737000
RAW_SIGN,151,37.842000
RAW_SIGN,152,37.840000
RAW_SIGN,153,98.225000
RAW_SIGN,154,214.500000
RAW_SIGN,155,37.841000
RAW_SIGN,156,50.776000
RAW_SIGN,157,48.593000
RAW_SIGN,158,124.064000
RAW_SIGN,159,128.263000
RAW_SIGN,160,61.535000
RAW_SIGN,161,121.910000
RAW_SIGN,162,106.773000
RAW_SIGN,163,87.447000
RAW_SIGN,164,59.330000
RAW_SIGN,165,63.718000
RAW_SIGN,166,61.535000
RAW_SIGN,167,37.840000
RAW_SIGN,168,50.813000
RAW_SIGN,169,72.281000
RAW_SIGN,170,124.070000
RAW_SIGN,171,50.789000
RAW_SIGN,172,37.841000
RAW_SIGN,173,87.382000
RAW_SIGN,174,37.840000
RAW_SIGN,175,37.841000
RAW_SIGN,176,50.775000
RAW_SIGN,177,37.840000
RAW_SIGN,178,63.692000
RAW_SIGN,179,80.823000
RAW_SIGN,180,70.074000
RAW_SIGN,181,89.850000
RAW_SIGN,182,37.841000
RAW_SIGN,183,197.448000
RAW_SIGN,184,113.385000
RAW_SIGN,185,85.217000
RAW_SIGN,186,37.840000
RAW_SIGN,187,113.340000
RAW_SIGN,188,61.526000
RAW_SIGN,189,100.357000
RAW_SIGN,190,137.006000
RAW_SIGN,191,87.498000
RAW_SIGN,192,106.740000
RAW_SIGN,193,63.753000
RAW_SIGN,194,48.598000
RAW_SIGN,195,89.673000
RAW_SIGN,196,95.937000
RAW_SIGN,197,121.849000
RAW_SIGN,198,205.889000
RAW_SIGN,199,89.599000
RAW_SIGN,200,117.506000
RAW_SIGN,201,37.843000
RAW_SIGN,202,93.746000
RAW_SIGN,203,87.444000
RAW_SIGN,204,76.630000
RAW_SIGN,205,85.270000
RAW_SIGN,206,37.842000
RAW_SIGN,207,115.522000
RAW_SIGN,208,93.823000
RAW_SIGN,209,192.894000
RAW_SIGN,210,37.843000
RAW_SIGN,211,37.842000
RAW_SIGN,212,72.285000
RAW_SIGN,213,37.842000
RAW_SIGN,214,37.842000
RAW_SIGN,215,130.451000
RAW_SIGN,216,37.841000
RAW_SIGN,217,108.948000
RAW_SIGN,218,151.987000
RAW_SIGN,219,37.842000
RAW_SIGN,220,98.206000
RAW_SIGN,221,70.130000
RAW_SIGN,222,37.840000
RAW_SIGN,223,37.842000
RAW_SIGN,224,48.606000
RAW_SIGN,225,72.287000
RAW_SIGN,226,147.784000
RAW_SIGN,227,50.768000
RAW_SIGN,228,61.535000
RAW_SIGN,229,138.977000
RAW_SIGN,230,48.589000
RAW_SIGN,231,182.234000
RAW_SIGN,232,50.780000
RAW_SIGN,233,63.692000
RAW_SIGN,234,74.482000
RAW_SIGN,235,132.644000
RAW_SIGN,236,72.323000
RAW_SIGN,237,300.749000
RAW_SIGN,238,37.841000
RAW_SIGN,239,37.842000
RAW_SIGN,240,119.677000
RAW_SIGN,241,149.691000
RAW_SIGN,242,37.842000
RAW_SIGN,243,108.846000
RAW_SIGN,244,48.572000
RAW_SIGN,245,37.841000
RAW_SIGN,246,37.842000
RAW_SIGN,247,108.980000
RAW_SIGN,248,50.775000
RAW_SIGN,249,50.765000
RAW_SIGN,250,175.832000
RAW_SIGN,251,48.599000
RAW_SIGN,252,132.658000
RAW_SIGN,253,76.660000
RAW_SIGN,254,141.198000
RAW_SIGN,255,37.840000
RAW_SIGN,256,72.330000
RAW_SIGN,257,91.586000
RAW_SIGN,258,132.679000
RAW_SIGN,259,98.161000
RAW_SIGN,260,117.454000
RAW_SIGN,261,85.221000
RAW_SIGN,262,72.267000
RAW_SIGN,263,74.472000
RAW_SIGN,264,37.840000
RAW_SIGN,265,63.694000
RAW_SIGN,266,37.842000
RAW_SIGN,267,37.842000
RAW_SIGN,268,59.352000
RAW_SIGN,269,50.783000
RAW_SIGN,270,154.121000
RAW_SIGN,271,37.842000
RAW_SIGN,272,171.369000
RAW_SIGN,273,59.343000
RAW_SIGN,274,48.578000
RAW_SIGN,275,85.187000
RAW_SIGN,276,37.842000
RAW_SIGN,277,61.517000
RAW_SIGN,278,37.841000
RAW_SIGN,279,37.841000
RAW_SIGN,280,63.761000
RAW_SIGN,281,48.599000
RAW_SIGN,282,63.712000
RAW_SIGN,283,85.248000
RAW_SIGN,284,59.349000
RAW_SIGN,285,48.591000
RAW_SIGN,286,154.168000
RAW_SIGN,287,95.943000
RAW_SIGN,288,48.593000
RAW_SIGN,289,48.583000
RAW_SIGN,290,242.520000
RAW_SIGN,291,37.842000
RAW_SIGN,292,37.841000
RAW_SIGN,293,59.389000
RAW_SIGN,294,121.831000
RAW_SIGN,295,214.465000
RAW_SIGN,296,59.351000
RAW_SIGN,297,106.725000
RAW_SIGN,298,48.591000
RAW_SIGN,299,119.684000
RAW_SIGN,300,48.589000
RAW_SIGN,301,48.600000
RAW_SIGN,302,50.789000
RAW_SIGN,303,37.842000
RAW_SIGN,304,61.525000
RAW_SIGN,305,236.229000
RAW_SIGN,306,104.554000
RAW_SIGN,307,61.566000
RAW_SIGN,308,48.582000
RAW_SIGN,309,37.842000
RAW_SIGN,310,111.178000
RAW_SIGN,311,137.150000
RAW_SIGN,312,132.586000
RAW_SIGN,313,59.345000
RAW_SIGN,314,37.842000
RAW_SIGN,315,74.490000
RAW_SIGN,316,134.804000
RAW_SIGN,317,48.605000
RAW_SIGN,318,119.702000
RAW_SIGN,319,128.210000
RAW_SIGN,320,50.808000
RAW_SIGN,321,61.543000
RAW_SIGN,322,61.541000
RAW_SIGN,323,37.842000
RAW_SIGN,324,143.360000
RAW_SIGN,325,124.092000
RAW_SIGN,326,63.754000
RAW_SIGN,327,186.572000
RAW_SIGN,328,98.105000
RAW_SIGN,329,83.027000
RAW_SIGN,330,74.471000
RAW_SIGN,331,61.525000
RAW_SIGN,332,95.937000
RAW_SIGN,333,87.405000
RAW_SIGN,334,37.841000
RAW_SIGN,335,48.611000
RAW_SIGN,336,108.912000
RAW_SIGN,337,37.842000
RAW_SIGN,338,89.627000
RAW_SIGN,339,74.504000
RAW_SIGN,340,119.709000
RAW_SIGN,341,95.989000
RAW_SIGN,342,87.461000
RAW_SIGN,343,50.793000
RAW_SIGN,344,83.073000
RAW_SIGN,345,48.578000
RAW_SIGN,346,61.554000
RAW_SIGN,347,50.777000
RAW_SIGN,348,242.527000
RAW_SIGN,349,83.054000
RAW_SIGN,350,37.841000
RAW_SIGN,351,50.796000
RAW_SIGN,352,82.964000
RAW_SIGN,353,72.283000
RAW_SIGN,354,50.762000
RAW_SIGN,355,50.797000
RAW_SIGN,356,37.841000
RAW_SIGN,357,37.841000
RAW_SIGN,358,294.127000
RAW_SIGN,359,98.191000
RAW_SIGN,360,143.400000
RAW_SIGN,361,251.084000
RAW_SIGN,362,50.778000
RAW_SIGN,363,50.790000
RAW_SIGN,364,37.842000
RAW_SIGN,365,119.673000
RAW_SIGN,366,141.210000
RAW_SIGN,367,108.964000
RAW_SIGN,368,37.841000
RAW_SIGN,369,85.219000
RAW_SIGN,370,50.792000
RAW_SIGN,371,121.867000
RAW_SIGN,372,37.841000
RAW_SIGN,373,72.254000
RAW_SIGN,374,89.611000
RAW_SIGN,375,98.212000
RAW_SIGN,376,104.558000
RAW_SIGN,377,63.729000
RAW_SIGN,378,164.918000
RAW_SIGN,379,74.477000
RAW_SIGN,380,37.842000
RAW_SIGN,381,61.548000
RAW_SIGN,382,85.200000
RAW_SIGN,383,203.649000
RAW_SIGN,384,63.776000
RAW_SIGN,385,50.764000
RAW_SIGN,386,70.060000
RAW_SIGN,387,37.841000
RAW_SIGN,388,37.841000
RAW_SIGN,389,37.842000
RAW_SIGN,390,37.842000
RAW_SIGN,391,63.711000
RAW_SIGN,392,106.736000
RAW_SIGN,393,130.425000
RAW_SIGN,394,98.192000
RAW_SIGN,395,106.709000
RAW_SIGN,396,87.430000
RAW_SIGN,397,59.340000
RAW_SIGN,398,48.573000
RAW_SIGN,399,63.724000
RAW_SIGN,400,48.607000
RAW_SIGN,401,72.284000
RAW_SIGN,402,83.069000
RAW_SIGN,403,37.840000
RAW_SIGN,404,37.841000
RAW_SIGN,405,85.209000
RAW_SIGN,406,74.465000
RAW_SIGN,407,63.708000
RAW_SIGN,408,74.462000
RAW_SIGN,409,147.745000
RAW_SIGN,410,48.574000
RAW_SIGN,411,134.826000
RAW_SIGN,412,93.767000
RAW_SIGN,413,59.364000
RAW_SIGN,414,37.842000
RAW_SIGN,415,48.579000
RAW_SIGN,416,50.821000
RAW_SIGN,417,100.334000
RAW_SIGN,418,48.616000
RAW_SIGN,419,50.778000
RAW_SIGN,420,61.515000
RAW_SIGN,421,147.786000
RAW_SIGN,422,98.151000
RAW_SIGN,423,37.840000
RAW_SIGN,424,130.393000
RAW_SIGN,425,37.842000
RAW_SIGN,426,59.317000
RAW_SIGN,427,50.767000
RAW_SIGN,428,63.717000
RAW_SIGN,429,106.794000
RAW_SIGN,430,48.592000
RAW_SIGN,431,48.577000
RAW_SIGN,432,132.491000
RAW_SIGN,433,74.467000
RAW_SIGN,434,63.736000
RAW_SIGN,435,675.687000
RAW_SIGN,436,61.540000
RAW_SIGN,437,141.130000
RAW_SIGN,438,108.964000
RAW_SIGN,439,48.573000
RAW_SIGN,440,37.836000
RAW_SIGN,441,259.670000
RAW_SIGN,442,85.254000
RAW_SIGN,443,50.783000
RAW_SIGN,444,37.841000
RAW_SIGN,445,48.588000
RAW_SIGN,446,106.693000
RAW_SIGN,447,145.543000
RAW_SIGN,448,85.269000
RAW_SIGN,449,83.045000
RAW_SIGN,450,108.982000
RAW_SIGN,451,100.444000
RAW_SIGN,452,164.775000
RAW_SIGN,453,207.838000
RAW_SIGN,454,37.842000
RAW_SIGN,455,37.841000
RAW_SIGN,456,50.767000
RAW_SIGN,457,76.716000
RAW_SIGN,458,61.526000
RAW_SIGN,459,37.842000
RAW_SIGN,460,111.069000
RAW_SIGN,461,72.231000
RAW_SIGN,462,248.976000
RAW_SIGN,463,130.448000
RAW_SIGN,464,108.935000
RAW_SIGN,465,164.881000
RAW_SIGN,466,139.477000
RAW_SIGN,467,50.802000
RAW_SIGN,468,113.220000
RAW_SIGN,469,37.840000
RAW_SIGN,470,37.841000
RAW_SIGN,471,37.840000
RAW_SIGN,472,63.715000
RAW_SIGN,473,195.121000
RAW_SIGN,474,240.357000
RAW_SIGN,475,61.503000
RAW_SIGN,476,48.618000
RAW_SIGN,477,132.600000
RAW_SIGN,478,83.075000
RAW_SIGN,479,124.076000
RAW_SIGN,480,85.234000
RAW_SIGN,481,83.025000
RAW_SIGN,482,95.955000
RAW_SIGN,483,87.412000
RAW_SIGN,484,50.766000
RAW_SIGN,485,186.559000
RAW_SIGN,486,253.257000
RAW_SIGN,487,177.811000
RAW_SIGN,488,117.431000
RAW_SIGN,489,130.426000
RAW_SIGN,490,182.070000
RAW_SIGN,491,61.536000
RAW_SIGN,492,37.842000
RAW_SIGN,493,61.502000
RAW_SIGN,494,98.228000
RAW_SIGN,495,111.148000
RAW_SIGN,496,83.061000
RAW_SIGN,497,128.183000
RAW_SIGN,498,205.813000
RAW_SIGN,499,37.841000

--- RAW FRAMEWORK SIGN ---
RAW_FRAME_SIGN,0,125.808000
RAW_FRAME_SIGN,1,54.694000
RAW_FRAME_SIGN,2,93.571000
RAW_FRAME_SIGN,3,127.972000
RAW_FRAME_SIGN,4,102.125000
RAW_FRAME_SIGN,5,56.881000
RAW_FRAME_SIGN,6,43.949000
RAW_FRAME_SIGN,7,127.932000
RAW_FRAME_SIGN,8,65.425000
RAW_FRAME_SIGN,9,43.950000
RAW_FRAME_SIGN,10,168.977000
RAW_FRAME_SIGN,11,115.010000
RAW_FRAME_SIGN,12,43.948000
RAW_FRAME_SIGN,13,106.509000
RAW_FRAME_SIGN,14,69.834000
RAW_FRAME_SIGN,15,80.636000
RAW_FRAME_SIGN,16,212.039000
RAW_FRAME_SIGN,17,117.294000
RAW_FRAME_SIGN,18,56.911000
RAW_FRAME_SIGN,19,65.451000
RAW_FRAME_SIGN,20,43.949000
RAW_FRAME_SIGN,21,177.495000
RAW_FRAME_SIGN,22,43.949000
RAW_FRAME_SIGN,23,93.568000
RAW_FRAME_SIGN,24,89.129000
RAW_FRAME_SIGN,25,93.503000
RAW_FRAME_SIGN,26,91.359000
RAW_FRAME_SIGN,27,106.535000
RAW_FRAME_SIGN,28,54.694000
RAW_FRAME_SIGN,29,123.595000
RAW_FRAME_SIGN,30,56.896000
RAW_FRAME_SIGN,31,80.610000
RAW_FRAME_SIGN,32,67.648000
RAW_FRAME_SIGN,33,43.949000
RAW_FRAME_SIGN,34,43.949000
RAW_FRAME_SIGN,35,54.714000
RAW_FRAME_SIGN,36,164.680000
RAW_FRAME_SIGN,37,235.746000
RAW_FRAME_SIGN,38,67.662000
RAW_FRAME_SIGN,39,80.611000
RAW_FRAME_SIGN,40,56.891000
RAW_FRAME_SIGN,41,56.882000
RAW_FRAME_SIGN,42,93.523000
RAW_FRAME_SIGN,43,54.703000
RAW_FRAME_SIGN,44,82.786000
RAW_FRAME_SIGN,45,127.962000
RAW_FRAME_SIGN,46,78.371000
RAW_FRAME_SIGN,47,43.949000
RAW_FRAME_SIGN,48,54.686000
RAW_FRAME_SIGN,49,43.949000
RAW_FRAME_SIGN,50,56.926000
RAW_FRAME_SIGN,51,43.949000
RAW_FRAME_SIGN,52,80.587000
RAW_FRAME_SIGN,53,54.697000
RAW_FRAME_SIGN,54,67.651000
RAW_FRAME_SIGN,55,56.894000
RAW_FRAME_SIGN,56,212.121000
RAW_FRAME_SIGN,57,117.250000
RAW_FRAME_SIGN,58,43.949000
RAW_FRAME_SIGN,59,43.949000
RAW_FRAME_SIGN,60,82.746000
RAW_FRAME_SIGN,61,65.461000
RAW_FRAME_SIGN,62,67.694000
RAW_FRAME_SIGN,63,54.688000
RAW_FRAME_SIGN,64,65.459000
RAW_FRAME_SIGN,65,128.010000
RAW_FRAME_SIGN,66,43.949000
RAW_FRAME_SIGN,67,56.885000
RAW_FRAME_SIGN,68,82.863000
RAW_FRAME_SIGN,69,132.359000
RAW_FRAME_SIGN,70,54.683000
RAW_FRAME_SIGN,71,54.682000
RAW_FRAME_SIGN,72,56.889000
RAW_FRAME_SIGN,73,67.638000
RAW_FRAME_SIGN,74,43.949000
RAW_FRAME_SIGN,75,149.491000
RAW_FRAME_SIGN,76,54.700000
RAW_FRAME_SIGN,77,91.346000
RAW_FRAME_SIGN,78,237.954000
RAW_FRAME_SIGN,79,117.268000
RAW_FRAME_SIGN,80,106.789000
RAW_FRAME_SIGN,81,54.703000
RAW_FRAME_SIGN,82,106.483000
RAW_FRAME_SIGN,83,112.827000
RAW_FRAME_SIGN,84,80.610000
RAW_FRAME_SIGN,85,80.589000
RAW_FRAME_SIGN,86,104.248000
RAW_FRAME_SIGN,87,138.808000
RAW_FRAME_SIGN,88,43.949000
RAW_FRAME_SIGN,89,171.304000
RAW_FRAME_SIGN,90,65.456000
RAW_FRAME_SIGN,91,65.454000
RAW_FRAME_SIGN,92,67.640000
RAW_FRAME_SIGN,93,43.949000
RAW_FRAME_SIGN,94,89.181000
RAW_FRAME_SIGN,95,93.507000
RAW_FRAME_SIGN,96,54.692000
RAW_FRAME_SIGN,97,56.928000
RAW_FRAME_SIGN,98,69.864000
RAW_FRAME_SIGN,99,89.149000
RAW_FRAME_SIGN,100,80.593000
RAW_FRAME_SIGN,101,140.963000
RAW_FRAME_SIGN,102,233.420000
RAW_FRAME_SIGN,103,149.491000
RAW_FRAME_SIGN,104,56.886000
RAW_FRAME_SIGN,105,222.735000
RAW_FRAME_SIGN,106,43.949000
RAW_FRAME_SIGN,107,43.949000
RAW_FRAME_SIGN,108,112.886000
RAW_FRAME_SIGN,109,86.947000
RAW_FRAME_SIGN,110,82.771000
RAW_FRAME_SIGN,111,67.613000
RAW_FRAME_SIGN,112,78.424000
RAW_FRAME_SIGN,113,56.929000
RAW_FRAME_SIGN,114,106.514000
RAW_FRAME_SIGN,115,177.579000
RAW_FRAME_SIGN,116,115.035000
RAW_FRAME_SIGN,117,65.457000
RAW_FRAME_SIGN,118,95.781000
RAW_FRAME_SIGN,119,43.949000
RAW_FRAME_SIGN,120,43.949000
RAW_FRAME_SIGN,121,43.949000
RAW_FRAME_SIGN,122,205.434000
RAW_FRAME_SIGN,123,43.949000
RAW_FRAME_SIGN,124,194.656000
RAW_FRAME_SIGN,125,43.949000
RAW_FRAME_SIGN,126,104.345000
RAW_FRAME_SIGN,127,43.949000
RAW_FRAME_SIGN,128,80.582000
RAW_FRAME_SIGN,129,112.864000
RAW_FRAME_SIGN,130,69.828000
RAW_FRAME_SIGN,131,140.896000
RAW_FRAME_SIGN,132,186.163000
RAW_FRAME_SIGN,133,117.217000
RAW_FRAME_SIGN,134,54.713000
RAW_FRAME_SIGN,135,162.355000
RAW_FRAME_SIGN,136,56.883000
RAW_FRAME_SIGN,137,43.948000
RAW_FRAME_SIGN,138,56.913000
RAW_FRAME_SIGN,139,143.070000
RAW_FRAME_SIGN,140,56.880000
RAW_FRAME_SIGN,141,56.926000
RAW_FRAME_SIGN,142,91.356000
RAW_FRAME_SIGN,143,102.119000
RAW_FRAME_SIGN,144,43.949000
RAW_FRAME_SIGN,145,153.892000
RAW_FRAME_SIGN,146,104.323000
RAW_FRAME_SIGN,147,186.030000
RAW_FRAME_SIGN,148,43.949000
RAW_FRAME_SIGN,149,43.948000
RAW_FRAME_SIGN,150,56.897000
RAW_FRAME_SIGN,151,65.431000
RAW_FRAME_SIGN,152,67.647000
RAW_FRAME_SIGN,153,78.409000
RAW_FRAME_SIGN,154,43.949000
RAW_FRAME_SIGN,155,78.412000
RAW_FRAME_SIGN,156,69.815000
RAW_FRAME_SIGN,157,67.637000
RAW_FRAME_SIGN,158,283.079000
RAW_FRAME_SIGN,159,170.937000
RAW_FRAME_SIGN,160,136.512000
RAW_FRAME_SIGN,161,43.949000
RAW_FRAME_SIGN,162,205.390000
RAW_FRAME_SIGN,163,93.528000
RAW_FRAME_SIGN,164,147.236000
RAW_FRAME_SIGN,165,43.949000
RAW_FRAME_SIGN,166,43.949000
RAW_FRAME_SIGN,167,69.891000
RAW_FRAME_SIGN,168,43.949000
RAW_FRAME_SIGN,169,125.802000
RAW_FRAME_SIGN,170,54.678000
RAW_FRAME_SIGN,171,112.847000
RAW_FRAME_SIGN,172,54.683000
RAW_FRAME_SIGN,173,80.569000
RAW_FRAME_SIGN,174,56.874000
RAW_FRAME_SIGN,175,65.440000
RAW_FRAME_SIGN,176,78.414000
RAW_FRAME_SIGN,177,203.438000
RAW_FRAME_SIGN,178,82.805000
RAW_FRAME_SIGN,179,274.672000
RAW_FRAME_SIGN,180,43.949000
RAW_FRAME_SIGN,181,140.897000
RAW_FRAME_SIGN,182,194.968000
RAW_FRAME_SIGN,183,43.945000
RAW_FRAME_SIGN,184,97.694000
RAW_FRAME_SIGN,185,54.717000
RAW_FRAME_SIGN,186,54.685000
RAW_FRAME_SIGN,187,82.746000
RAW_FRAME_SIGN,188,89.121000
RAW_FRAME_SIGN,189,43.950000
RAW_FRAME_SIGN,190,56.890000
RAW_FRAME_SIGN,191,80.616000
RAW_FRAME_SIGN,192,76.163000
RAW_FRAME_SIGN,193,395.172000
RAW_FRAME_SIGN,194,80.620000
RAW_FRAME_SIGN,195,102.097000
RAW_FRAME_SIGN,196,140.877000
RAW_FRAME_SIGN,197,104.306000
RAW_FRAME_SIGN,198,43.949000
RAW_FRAME_SIGN,199,43.949000
RAW_FRAME_SIGN,200,78.400000
RAW_FRAME_SIGN,201,65.487000
RAW_FRAME_SIGN,202,43.949000
RAW_FRAME_SIGN,203,65.473000
RAW_FRAME_SIGN,204,69.835000
RAW_FRAME_SIGN,205,56.898000
RAW_FRAME_SIGN,206,89.154000
RAW_FRAME_SIGN,207,54.725000
RAW_FRAME_SIGN,208,102.070000
RAW_FRAME_SIGN,209,43.949000
RAW_FRAME_SIGN,210,54.680000
RAW_FRAME_SIGN,211,140.942000
RAW_FRAME_SIGN,212,65.470000
RAW_FRAME_SIGN,213,54.711000
RAW_FRAME_SIGN,214,112.888000
RAW_FRAME_SIGN,215,91.335000
RAW_FRAME_SIGN,216,56.903000
RAW_FRAME_SIGN,217,54.713000
RAW_FRAME_SIGN,218,78.391000
RAW_FRAME_SIGN,219,112.858000
RAW_FRAME_SIGN,220,91.377000
RAW_FRAME_SIGN,221,65.469000
RAW_FRAME_SIGN,222,138.662000
RAW_FRAME_SIGN,223,56.909000
RAW_FRAME_SIGN,224,157.966000
RAW_FRAME_SIGN,225,102.095000
RAW_FRAME_SIGN,226,56.888000
RAW_FRAME_SIGN,227,91.349000
RAW_FRAME_SIGN,228,56.930000
RAW_FRAME_SIGN,229,56.911000
RAW_FRAME_SIGN,230,56.890000
RAW_FRAME_SIGN,231,67.663000
RAW_FRAME_SIGN,232,43.949000
RAW_FRAME_SIGN,233,225.043000
RAW_FRAME_SIGN,234,69.836000
RAW_FRAME_SIGN,235,78.396000
RAW_FRAME_SIGN,236,106.431000
RAW_FRAME_SIGN,237,43.949000
RAW_FRAME_SIGN,238,43.949000
RAW_FRAME_SIGN,239,78.410000
RAW_FRAME_SIGN,240,123.650000
RAW_FRAME_SIGN,241,43.949000
RAW_FRAME_SIGN,242,43.949000
RAW_FRAME_SIGN,243,112.864000
RAW_FRAME_SIGN,244,149.465000
RAW_FRAME_SIGN,245,69.850000
RAW_FRAME_SIGN,246,78.397000
RAW_FRAME_SIGN,247,56.872000
RAW_FRAME_SIGN,248,147.273000
RAW_FRAME_SIGN,249,78.394000
RAW_FRAME_SIGN,250,43.949000
RAW_FRAME_SIGN,251,54.692000
RAW_FRAME_SIGN,252,93.511000
RAW_FRAME_SIGN,253,69.823000
RAW_FRAME_SIGN,254,89.123000
RAW_FRAME_SIGN,255,112.803000
RAW_FRAME_SIGN,256,69.840000
RAW_FRAME_SIGN,257,128.020000
RAW_FRAME_SIGN,258,43.949000
RAW_FRAME_SIGN,259,43.950000
RAW_FRAME_SIGN,260,56.879000
RAW_FRAME_SIGN,261,127.939000
RAW_FRAME_SIGN,262,117.215000
RAW_FRAME_SIGN,263,164.637000
RAW_FRAME_SIGN,264,65.488000
RAW_FRAME_SIGN,265,160.225000
RAW_FRAME_SIGN,266,56.873000
RAW_FRAME_SIGN,267,82.752000
RAW_FRAME_SIGN,268,69.827000
RAW_FRAME_SIGN,269,78.394000
RAW_FRAME_SIGN,270,43.950000
RAW_FRAME_SIGN,271,115.075000
RAW_FRAME_SIGN,272,119.464000
RAW_FRAME_SIGN,273,117.272000
RAW_FRAME_SIGN,274,281.121000
RAW_FRAME_SIGN,275,93.484000
RAW_FRAME_SIGN,276,43.948000
RAW_FRAME_SIGN,277,78.360000
RAW_FRAME_SIGN,278,67.666000
RAW_FRAME_SIGN,279,43.948000
RAW_FRAME_SIGN,280,283.059000
RAW_FRAME_SIGN,281,43.950000
RAW_FRAME_SIGN,282,82.769000
RAW_FRAME_SIGN,283,69.885000
RAW_FRAME_SIGN,284,91.353000
RAW_FRAME_SIGN,285,119.339000
RAW_FRAME_SIGN,286,104.257000
RAW_FRAME_SIGN,287,78.343000
RAW_FRAME_SIGN,288,130.189000
RAW_FRAME_SIGN,289,149.438000
RAW_FRAME_SIGN,290,188.303000
RAW_FRAME_SIGN,291,56.884000
RAW_FRAME_SIGN,292,160.197000
RAW_FRAME_SIGN,293,419.005000
RAW_FRAME_SIGN,294,104.334000
RAW_FRAME_SIGN,295,78.376000
RAW_FRAME_SIGN,296,56.910000
RAW_FRAME_SIGN,297,54.711000
RAW_FRAME_SIGN,298,56.923000
RAW_FRAME_SIGN,299,67.630000
RAW_FRAME_SIGN,300,56.930000
RAW_FRAME_SIGN,301,104.305000
RAW_FRAME_SIGN,302,43.949000
RAW_FRAME_SIGN,303,80.584000
RAW_FRAME_SIGN,304,95.735000
RAW_FRAME_SIGN,305,104.256000
RAW_FRAME_SIGN,306,138.690000
RAW_FRAME_SIGN,307,65.484000
RAW_FRAME_SIGN,308,104.344000
RAW_FRAME_SIGN,309,110.675000
RAW_FRAME_SIGN,310,67.617000
RAW_FRAME_SIGN,311,67.619000
RAW_FRAME_SIGN,312,69.844000
RAW_FRAME_SIGN,313,89.156000
RAW_FRAME_SIGN,314,132.375000
RAW_FRAME_SIGN,315,43.948000
RAW_FRAME_SIGN,316,56.879000
RAW_FRAME_SIGN,317,43.948000
RAW_FRAME_SIGN,318,67.648000
RAW_FRAME_SIGN,319,130.147000
RAW_FRAME_SIGN,320,80.567000
RAW_FRAME_SIGN,321,82.802000
RAW_FRAME_SIGN,322,78.425000
RAW_FRAME_SIGN,323,69.835000
RAW_FRAME_SIGN,324,65.479000
RAW_FRAME_SIGN,325,140.941000
RAW_FRAME_SIGN,326,117.213000
RAW_FRAME_SIGN,327,54.685000
RAW_FRAME_SIGN,328,151.640000
RAW_FRAME_SIGN,329,89.130000
RAW_FRAME_SIGN,330,89.159000
RAW_FRAME_SIGN,331,115.029000
RAW_FRAME_SIGN,332,115.089000
RAW_FRAME_SIGN,333,89.117000
RAW_FRAME_SIGN,334,67.616000
RAW_FRAME_SIGN,335,93.569000
RAW_FRAME_SIGN,336,89.155000
RAW_FRAME_SIGN,337,127.967000
RAW_FRAME_SIGN,338,145.082000
RAW_FRAME_SIGN,339,132.380000
RAW_FRAME_SIGN,340,151.696000
RAW_FRAME_SIGN,341,43.949000
RAW_FRAME_SIGN,342,252.778000
RAW_FRAME_SIGN,343,43.949000
RAW_FRAME_SIGN,344,91.300000
RAW_FRAME_SIGN,345,43.949000
RAW_FRAME_SIGN,346,67.620000
RAW_FRAME_SIGN,347,99.896000
RAW_FRAME_SIGN,348,56.878000
RAW_FRAME_SIGN,349,54.696000
RAW_FRAME_SIGN,350,43.949000
RAW_FRAME_SIGN,351,175.358000
RAW_FRAME_SIGN,352,54.705000
RAW_FRAME_SIGN,353,115.131000
RAW_FRAME_SIGN,354,67.616000
RAW_FRAME_SIGN,355,173.445000
RAW_FRAME_SIGN,356,91.334000
RAW_FRAME_SIGN,357,166.859000
RAW_FRAME_SIGN,358,86.966000
RAW_FRAME_SIGN,359,80.567000
RAW_FRAME_SIGN,360,102.042000
RAW_FRAME_SIGN,361,43.949000
RAW_FRAME_SIGN,362,106.496000
RAW_FRAME_SIGN,363,43.950000
RAW_FRAME_SIGN,364,54.689000
RAW_FRAME_SIGN,365,67.633000
RAW_FRAME_SIGN,366,54.719000
RAW_FRAME_SIGN,367,43.949000
RAW_FRAME_SIGN,368,69.852000
RAW_FRAME_SIGN,369,82.788000
RAW_FRAME_SIGN,370,123.547000
RAW_FRAME_SIGN,371,205.437000
RAW_FRAME_SIGN,372,43.949000
RAW_FRAME_SIGN,373,43.949000
RAW_FRAME_SIGN,374,93.543000
RAW_FRAME_SIGN,375,54.701000
RAW_FRAME_SIGN,376,91.335000
RAW_FRAME_SIGN,377,43.949000
RAW_FRAME_SIGN,378,43.949000
RAW_FRAME_SIGN,379,91.321000
RAW_FRAME_SIGN,380,56.897000
RAW_FRAME_SIGN,381,128.071000
RAW_FRAME_SIGN,382,78.378000
RAW_FRAME_SIGN,383,104.265000
RAW_FRAME_SIGN,384,56.889000
RAW_FRAME_SIGN,385,175.329000
RAW_FRAME_SIGN,386,54.693000
RAW_FRAME_SIGN,387,80.553000
RAW_FRAME_SIGN,388,130.120000
RAW_FRAME_SIGN,389,117.259000
RAW_FRAME_SIGN,390,67.641000
RAW_FRAME_SIGN,391,183.927000
RAW_FRAME_SIGN,392,69.834000
RAW_FRAME_SIGN,393,130.217000
RAW_FRAME_SIGN,394,43.948000
RAW_FRAME_SIGN,395,99.922000
RAW_FRAME_SIGN,396,164.684000
RAW_FRAME_SIGN,397,115.014000
RAW_FRAME_SIGN,398,112.916000
RAW_FRAME_SIGN,399,43.949000
RAW_FRAME_SIGN,400,112.838000
RAW_FRAME_SIGN,401,56.904000
RAW_FRAME_SIGN,402,82.849000
RAW_FRAME_SIGN,403,82.797000
RAW_FRAME_SIGN,404,54.701000
RAW_FRAME_SIGN,405,43.949000
RAW_FRAME_SIGN,406,91.338000
RAW_FRAME_SIGN,407,82.800000
RAW_FRAME_SIGN,408,106.450000
RAW_FRAME_SIGN,409,43.950000
RAW_FRAME_SIGN,410,147.204000
RAW_FRAME_SIGN,411,67.613000
RAW_FRAME_SIGN,412,127.939000
RAW_FRAME_SIGN,413,65.432000
RAW_FRAME_SIGN,414,138.755000
RAW_FRAME_SIGN,415,67.693000
RAW_FRAME_SIGN,416,43.950000
RAW_FRAME_SIGN,417,67.628000
RAW_FRAME_SIGN,418,54.696000
RAW_FRAME_SIGN,419,67.650000
RAW_FRAME_SIGN,420,56.913000
RAW_FRAME_SIGN,421,56.894000
RAW_FRAME_SIGN,422,65.479000
RAW_FRAME_SIGN,423,67.669000
RAW_FRAME_SIGN,424,76.189000
RAW_FRAME_SIGN,425,141.012000
RAW_FRAME_SIGN,426,80.580000
RAW_FRAME_SIGN,427,56.915000
RAW_FRAME_SIGN,428,233.484000
RAW_FRAME_SIGN,429,56.878000
RAW_FRAME_SIGN,430,56.886000
RAW_FRAME_SIGN,431,43.949000
RAW_FRAME_SIGN,432,267.891000
RAW_FRAME_SIGN,433,196.835000
RAW_FRAME_SIGN,434,190.538000
RAW_FRAME_SIGN,435,91.327000
RAW_FRAME_SIGN,436,235.662000
RAW_FRAME_SIGN,437,104.305000
RAW_FRAME_SIGN,438,56.885000
RAW_FRAME_SIGN,439,261.500000
RAW_FRAME_SIGN,440,147.297000
RAW_FRAME_SIGN,441,43.949000
RAW_FRAME_SIGN,442,115.032000
RAW_FRAME_SIGN,443,76.224000
RAW_FRAME_SIGN,444,43.949000
RAW_FRAME_SIGN,445,125.838000
RAW_FRAME_SIGN,446,43.949000
RAW_FRAME_SIGN,447,43.949000
RAW_FRAME_SIGN,448,54.683000
RAW_FRAME_SIGN,449,151.694000
RAW_FRAME_SIGN,450,76.195000
RAW_FRAME_SIGN,451,43.949000
RAW_FRAME_SIGN,452,43.949000
RAW_FRAME_SIGN,453,112.864000
RAW_FRAME_SIGN,454,43.949000
RAW_FRAME_SIGN,455,117.207000
RAW_FRAME_SIGN,456,203.274000
RAW_FRAME_SIGN,457,183.941000
RAW_FRAME_SIGN,458,93.525000
RAW_FRAME_SIGN,459,78.421000
RAW_FRAME_SIGN,460,218.336000
RAW_FRAME_SIGN,461,115.040000
RAW_FRAME_SIGN,462,86.999000
RAW_FRAME_SIGN,463,67.665000
RAW_FRAME_SIGN,464,56.925000
RAW_FRAME_SIGN,465,106.526000
RAW_FRAME_SIGN,466,43.948000
RAW_FRAME_SIGN,467,65.431000
RAW_FRAME_SIGN,468,43.949000
RAW_FRAME_SIGN,469,43.949000
RAW_FRAME_SIGN,470,80.619000
RAW_FRAME_SIGN,471,43.949000
RAW_FRAME_SIGN,472,125.786000
RAW_FRAME_SIGN,473,56.929000
RAW_FRAME_SIGN,474,231.356000
RAW_FRAME_SIGN,475,130.257000
RAW_FRAME_SIGN,476,56.905000
RAW_FRAME_SIGN,477,67.694000
RAW_FRAME_SIGN,478,82.753000
RAW_FRAME_SIGN,479,56.872000
RAW_FRAME_SIGN,480,209.783000
RAW_FRAME_SIGN,481,115.029000
RAW_FRAME_SIGN,482,43.949000
RAW_FRAME_SIGN,483,54.714000
RAW_FRAME_SIGN,484,54.690000
RAW_FRAME_SIGN,485,56.907000
RAW_FRAME_SIGN,486,76.227000
RAW_FRAME_SIGN,487,104.275000
RAW_FRAME_SIGN,488,265.772000
RAW_FRAME_SIGN,489,127.914000
RAW_FRAME_SIGN,490,67.615000
RAW_FRAME_SIGN,491,43.949000
RAW_FRAME_SIGN,492,43.949000
RAW_FRAME_SIGN,493,54.713000
RAW_FRAME_SIGN,494,65.483000
RAW_FRAME_SIGN,495,93.542000
RAW_FRAME_SIGN,496,43.949000
RAW_FRAME_SIGN,497,54.701000
RAW_FRAME_SIGN,498,65.438000
RAW_FRAME_SIGN,499,43.949000

--- RAW VERIFY ---
RAW_VERIFY,0,27.735000
RAW_VERIFY,1,27.669000
RAW_VERIFY,2,27.668000
RAW_VERIFY,3,27.668000
RAW_VERIFY,4,27.668000
RAW_VERIFY,5,27.668000
RAW_VERIFY,6,27.668000
RAW_VERIFY,7,27.668000
RAW_VERIFY,8,27.668000
RAW_VERIFY,9,27.668000
RAW_VERIFY,10,27.668000
RAW_VERIFY,11,27.668000
RAW_VERIFY,12,27.668000
RAW_VERIFY,13,27.668000
RAW_VERIFY,14,27.668000
RAW_VERIFY,15,27.668000
RAW_VERIFY,16,27.668000
RAW_VERIFY,17,27.668000
RAW_VERIFY,18,27.668000
RAW_VERIFY,19,27.668000
RAW_VERIFY,20,27.668000
RAW_VERIFY,21,27.668000
RAW_VERIFY,22,27.668000
RAW_VERIFY,23,27.668000
RAW_VERIFY,24,27.668000
RAW_VERIFY,25,27.668000
RAW_VERIFY,26,27.668000
RAW_VERIFY,27,27.668000
RAW_VERIFY,28,27.668000
RAW_VERIFY,29,27.668000
RAW_VERIFY,30,27.668000
RAW_VERIFY,31,27.668000
RAW_VERIFY,32,27.668000
RAW_VERIFY,33,27.668000
RAW_VERIFY,34,27.668000
RAW_VERIFY,35,27.668000
RAW_VERIFY,36,27.668000
RAW_VERIFY,37,27.668000
RAW_VERIFY,38,27.668000
RAW_VERIFY,39,27.668000
RAW_VERIFY,40,27.668000
RAW_VERIFY,41,27.668000
RAW_VERIFY,42,27.668000
RAW_VERIFY,43,27.668000
RAW_VERIFY,44,27.668000
RAW_VERIFY,45,27.668000
RAW_VERIFY,46,27.668000
RAW_VERIFY,47,27.668000
RAW_VERIFY,48,27.668000
RAW_VERIFY,49,27.668000
RAW_VERIFY,50,27.668000
RAW_VERIFY,51,27.668000
RAW_VERIFY,52,27.668000
RAW_VERIFY,53,27.668000
RAW_VERIFY,54,27.668000
RAW_VERIFY,55,27.668000
RAW_VERIFY,56,27.668000
RAW_VERIFY,57,27.668000
RAW_VERIFY,58,27.668000
RAW_VERIFY,59,27.668000
RAW_VERIFY,60,27.668000
RAW_VERIFY,61,27.668000
RAW_VERIFY,62,27.668000
RAW_VERIFY,63,27.668000
RAW_VERIFY,64,27.668000
RAW_VERIFY,65,27.668000
RAW_VERIFY,66,27.668000
RAW_VERIFY,67,27.668000
RAW_VERIFY,68,27.668000
RAW_VERIFY,69,27.668000
RAW_VERIFY,70,27.668000
RAW_VERIFY,71,27.668000
RAW_VERIFY,72,27.668000
RAW_VERIFY,73,27.669000
RAW_VERIFY,74,27.668000
RAW_VERIFY,75,27.668000
RAW_VERIFY,76,27.668000
RAW_VERIFY,77,27.668000
RAW_VERIFY,78,27.668000
RAW_VERIFY,79,27.668000
RAW_VERIFY,80,27.668000
RAW_VERIFY,81,27.668000
RAW_VERIFY,82,27.668000
RAW_VERIFY,83,27.668000
RAW_VERIFY,84,27.668000
RAW_VERIFY,85,27.668000
RAW_VERIFY,86,27.668000
RAW_VERIFY,87,27.668000
RAW_VERIFY,88,27.668000
RAW_VERIFY,89,27.668000
RAW_VERIFY,90,27.668000
RAW_VERIFY,91,27.668000
RAW_VERIFY,92,27.668000
RAW_VERIFY,93,27.668000
RAW_VERIFY,94,27.668000
RAW_VERIFY,95,27.668000
RAW_VERIFY,96,27.668000
RAW_VERIFY,97,27.668000
RAW_VERIFY,98,27.668000
RAW_VERIFY,99,27.668000
RAW_VERIFY,100,27.668000
RAW_VERIFY,101,27.668000
RAW_VERIFY,102,27.668000
RAW_VERIFY,103,27.668000
RAW_VERIFY,104,27.668000
RAW_VERIFY,105,27.668000
RAW_VERIFY,106,27.668000
RAW_VERIFY,107,27.668000
RAW_VERIFY,108,27.669000
RAW_VERIFY,109,27.668000
RAW_VERIFY,110,27.668000
RAW_VERIFY,111,27.668000
RAW_VERIFY,112,27.668000
RAW_VERIFY,113,27.668000
RAW_VERIFY,114,27.668000
RAW_VERIFY,115,27.668000
RAW_VERIFY,116,27.668000
RAW_VERIFY,117,27.668000
RAW_VERIFY,118,27.668000
RAW_VERIFY,119,27.667000
RAW_VERIFY,120,27.667000
RAW_VERIFY,121,27.667000
RAW_VERIFY,122,27.668000
RAW_VERIFY,123,27.667000
RAW_VERIFY,124,27.667000
RAW_VERIFY,125,27.667000
RAW_VERIFY,126,27.668000
RAW_VERIFY,127,27.668000
RAW_VERIFY,128,27.667000
RAW_VERIFY,129,27.668000
RAW_VERIFY,130,27.668000
RAW_VERIFY,131,27.668000
RAW_VERIFY,132,27.667000
RAW_VERIFY,133,27.668000
RAW_VERIFY,134,27.668000
RAW_VERIFY,135,27.668000
RAW_VERIFY,136,27.668000
RAW_VERIFY,137,27.667000
RAW_VERIFY,138,27.668000
RAW_VERIFY,139,27.668000
RAW_VERIFY,140,27.668000
RAW_VERIFY,141,27.667000
RAW_VERIFY,142,27.668000
RAW_VERIFY,143,27.668000
RAW_VERIFY,144,27.669000
RAW_VERIFY,145,27.668000
RAW_VERIFY,146,27.668000
RAW_VERIFY,147,27.668000
RAW_VERIFY,148,27.668000
RAW_VERIFY,149,27.668000
RAW_VERIFY,150,27.668000
RAW_VERIFY,151,27.668000
RAW_VERIFY,152,27.668000
RAW_VERIFY,153,27.668000
RAW_VERIFY,154,27.668000
RAW_VERIFY,155,27.667000
RAW_VERIFY,156,27.667000
RAW_VERIFY,157,27.667000
RAW_VERIFY,158,27.668000
RAW_VERIFY,159,27.668000
RAW_VERIFY,160,27.668000
RAW_VERIFY,161,27.668000
RAW_VERIFY,162,27.668000
RAW_VERIFY,163,27.668000
RAW_VERIFY,164,27.667000
RAW_VERIFY,165,27.668000
RAW_VERIFY,166,27.668000
RAW_VERIFY,167,27.668000
RAW_VERIFY,168,27.668000
RAW_VERIFY,169,27.668000
RAW_VERIFY,170,27.668000
RAW_VERIFY,171,27.668000
RAW_VERIFY,172,27.668000
RAW_VERIFY,173,27.667000
RAW_VERIFY,174,27.668000
RAW_VERIFY,175,27.668000
RAW_VERIFY,176,27.668000
RAW_VERIFY,177,27.668000
RAW_VERIFY,178,27.668000
RAW_VERIFY,179,27.668000
RAW_VERIFY,180,27.668000
RAW_VERIFY,181,27.668000
RAW_VERIFY,182,27.668000
RAW_VERIFY,183,27.668000
RAW_VERIFY,184,27.668000
RAW_VERIFY,185,27.668000
RAW_VERIFY,186,27.668000
RAW_VERIFY,187,27.668000
RAW_VERIFY,188,27.668000
RAW_VERIFY,189,27.668000
RAW_VERIFY,190,27.668000
RAW_VERIFY,191,27.668000
RAW_VERIFY,192,27.667000
RAW_VERIFY,193,27.668000
RAW_VERIFY,194,27.668000
RAW_VERIFY,195,27.668000
RAW_VERIFY,196,27.667000
RAW_VERIFY,197,27.668000
RAW_VERIFY,198,27.668000
RAW_VERIFY,199,27.668000
RAW_VERIFY,200,27.668000
RAW_VERIFY,201,27.668000
RAW_VERIFY,202,27.668000
RAW_VERIFY,203,27.668000
RAW_VERIFY,204,27.668000
RAW_VERIFY,205,27.668000
RAW_VERIFY,206,27.668000
RAW_VERIFY,207,27.668000
RAW_VERIFY,208,27.668000
RAW_VERIFY,209,27.668000
RAW_VERIFY,210,27.668000
RAW_VERIFY,211,27.668000
RAW_VERIFY,212,27.668000
RAW_VERIFY,213,27.668000
RAW_VERIFY,214,27.668000
RAW_VERIFY,215,27.668000
RAW_VERIFY,216,27.668000
RAW_VERIFY,217,27.668000
RAW_VERIFY,218,27.668000
RAW_VERIFY,219,27.668000
RAW_VERIFY,220,27.668000
RAW_VERIFY,221,27.668000
RAW_VERIFY,222,27.668000
RAW_VERIFY,223,27.668000
RAW_VERIFY,224,27.668000
RAW_VERIFY,225,27.668000
RAW_VERIFY,226,27.668000
RAW_VERIFY,227,27.668000
RAW_VERIFY,228,27.667000
RAW_VERIFY,229,27.668000
RAW_VERIFY,230,27.668000
RAW_VERIFY,231,27.668000
RAW_VERIFY,232,27.668000
RAW_VERIFY,233,27.668000
RAW_VERIFY,234,27.668000
RAW_VERIFY,235,27.668000
RAW_VERIFY,236,27.668000
RAW_VERIFY,237,27.668000
RAW_VERIFY,238,27.668000
RAW_VERIFY,239,27.668000
RAW_VERIFY,240,27.668000
RAW_VERIFY,241,27.668000
RAW_VERIFY,242,27.668000
RAW_VERIFY,243,27.668000
RAW_VERIFY,244,27.668000
RAW_VERIFY,245,27.668000
RAW_VERIFY,246,27.668000
RAW_VERIFY,247,27.668000
RAW_VERIFY,248,27.668000
RAW_VERIFY,249,27.668000
RAW_VERIFY,250,27.668000
RAW_VERIFY,251,27.669000
RAW_VERIFY,252,27.668000
RAW_VERIFY,253,27.668000
RAW_VERIFY,254,27.668000
RAW_VERIFY,255,27.668000
RAW_VERIFY,256,27.668000
RAW_VERIFY,257,27.668000
RAW_VERIFY,258,27.668000
RAW_VERIFY,259,27.668000
RAW_VERIFY,260,27.668000
RAW_VERIFY,261,27.668000
RAW_VERIFY,262,27.668000
RAW_VERIFY,263,27.668000
RAW_VERIFY,264,27.668000
RAW_VERIFY,265,27.667000
RAW_VERIFY,266,27.668000
RAW_VERIFY,267,27.668000
RAW_VERIFY,268,27.668000
RAW_VERIFY,269,27.667000
RAW_VERIFY,270,27.668000
RAW_VERIFY,271,27.668000
RAW_VERIFY,272,27.668000
RAW_VERIFY,273,27.668000
RAW_VERIFY,274,27.668000
RAW_VERIFY,275,27.668000
RAW_VERIFY,276,27.668000
RAW_VERIFY,277,27.668000
RAW_VERIFY,278,27.668000
RAW_VERIFY,279,27.668000
RAW_VERIFY,280,27.668000
RAW_VERIFY,281,27.668000
RAW_VERIFY,282,27.668000
RAW_VERIFY,283,27.668000
RAW_VERIFY,284,27.668000
RAW_VERIFY,285,27.668000
RAW_VERIFY,286,27.668000
RAW_VERIFY,287,27.668000
RAW_VERIFY,288,27.668000
RAW_VERIFY,289,27.668000
RAW_VERIFY,290,27.668000
RAW_VERIFY,291,27.668000
RAW_VERIFY,292,27.668000
RAW_VERIFY,293,27.668000
RAW_VERIFY,294,27.668000
RAW_VERIFY,295,27.668000
RAW_VERIFY,296,27.668000
RAW_VERIFY,297,27.668000
RAW_VERIFY,298,27.668000
RAW_VERIFY,299,27.668000
RAW_VERIFY,300,27.668000
RAW_VERIFY,301,27.667000
RAW_VERIFY,302,27.668000
RAW_VERIFY,303,27.668000
RAW_VERIFY,304,27.668000
RAW_VERIFY,305,27.668000
RAW_VERIFY,306,27.668000
RAW_VERIFY,307,27.668000
RAW_VERIFY,308,27.668000
RAW_VERIFY,309,27.668000
RAW_VERIFY,310,27.668000
RAW_VERIFY,311,27.668000
RAW_VERIFY,312,27.668000
RAW_VERIFY,313,27.668000
RAW_VERIFY,314,27.668000
RAW_VERIFY,315,27.668000
RAW_VERIFY,316,27.668000
RAW_VERIFY,317,27.668000
RAW_VERIFY,318,27.668000
RAW_VERIFY,319,27.668000
RAW_VERIFY,320,27.668000
RAW_VERIFY,321,27.668000
RAW_VERIFY,322,27.668000
RAW_VERIFY,323,27.669000
RAW_VERIFY,324,27.668000
RAW_VERIFY,325,27.668000
RAW_VERIFY,326,27.668000
RAW_VERIFY,327,27.668000
RAW_VERIFY,328,27.668000
RAW_VERIFY,329,27.668000
RAW_VERIFY,330,27.668000
RAW_VERIFY,331,27.668000
RAW_VERIFY,332,27.668000
RAW_VERIFY,333,27.668000
RAW_VERIFY,334,27.668000
RAW_VERIFY,335,27.668000
RAW_VERIFY,336,27.668000
RAW_VERIFY,337,27.668000
RAW_VERIFY,338,27.668000
RAW_VERIFY,339,27.668000
RAW_VERIFY,340,27.668000
RAW_VERIFY,341,27.668000
RAW_VERIFY,342,27.668000
RAW_VERIFY,343,27.668000
RAW_VERIFY,344,27.668000
RAW_VERIFY,345,27.668000
RAW_VERIFY,346,27.668000
RAW_VERIFY,347,27.668000
RAW_VERIFY,348,27.668000
RAW_VERIFY,349,27.668000
RAW_VERIFY,350,27.668000
RAW_VERIFY,351,27.668000
RAW_VERIFY,352,27.668000
RAW_VERIFY,353,27.668000
RAW_VERIFY,354,27.668000
RAW_VERIFY,355,27.668000
RAW_VERIFY,356,27.668000
RAW_VERIFY,357,27.668000
RAW_VERIFY,358,27.668000
RAW_VERIFY,359,27.668000
RAW_VERIFY,360,27.668000
RAW_VERIFY,361,27.668000
RAW_VERIFY,362,27.668000
RAW_VERIFY,363,27.668000
RAW_VERIFY,364,27.668000
RAW_VERIFY,365,27.668000
RAW_VERIFY,366,27.668000
RAW_VERIFY,367,27.668000
RAW_VERIFY,368,27.668000
RAW_VERIFY,369,27.668000
RAW_VERIFY,370,27.668000
RAW_VERIFY,371,27.668000
RAW_VERIFY,372,27.668000
RAW_VERIFY,373,27.668000
RAW_VERIFY,374,27.668000
RAW_VERIFY,375,27.668000
RAW_VERIFY,376,27.668000
RAW_VERIFY,377,27.668000
RAW_VERIFY,378,27.668000
RAW_VERIFY,379,27.668000
RAW_VERIFY,380,27.668000
RAW_VERIFY,381,27.668000
RAW_VERIFY,382,27.668000
RAW_VERIFY,383,27.668000
RAW_VERIFY,384,27.668000
RAW_VERIFY,385,27.668000
RAW_VERIFY,386,27.668000
RAW_VERIFY,387,27.668000
RAW_VERIFY,388,27.668000
RAW_VERIFY,389,27.668000
RAW_VERIFY,390,27.668000
RAW_VERIFY,391,27.668000
RAW_VERIFY,392,27.668000
RAW_VERIFY,393,27.668000
RAW_VERIFY,394,27.669000
RAW_VERIFY,395,27.668000
RAW_VERIFY,396,27.668000
RAW_VERIFY,397,27.668000
RAW_VERIFY,398,27.668000
RAW_VERIFY,399,27.668000
RAW_VERIFY,400,27.668000
RAW_VERIFY,401,27.668000
RAW_VERIFY,402,27.668000
RAW_VERIFY,403,27.668000
RAW_VERIFY,404,27.668000
RAW_VERIFY,405,27.668000
RAW_VERIFY,406,27.668000
RAW_VERIFY,407,27.668000
RAW_VERIFY,408,27.668000
RAW_VERIFY,409,27.668000
RAW_VERIFY,410,27.668000
RAW_VERIFY,411,27.667000
RAW_VERIFY,412,27.667000
RAW_VERIFY,413,27.667000
RAW_VERIFY,414,27.668000
RAW_VERIFY,415,27.668000
RAW_VERIFY,416,27.668000
RAW_VERIFY,417,27.668000
RAW_VERIFY,418,27.668000
RAW_VERIFY,419,27.668000
RAW_VERIFY,420,27.667000
RAW_VERIFY,421,27.668000
RAW_VERIFY,422,27.668000
RAW_VERIFY,423,27.668000
RAW_VERIFY,424,27.668000
RAW_VERIFY,425,27.668000
RAW_VERIFY,426,27.668000
RAW_VERIFY,427,27.668000
RAW_VERIFY,428,27.668000
RAW_VERIFY,429,27.667000
RAW_VERIFY,430,27.668000
RAW_VERIFY,431,27.668000
RAW_VERIFY,432,27.668000
RAW_VERIFY,433,27.668000
RAW_VERIFY,434,27.668000
RAW_VERIFY,435,27.668000
RAW_VERIFY,436,27.668000
RAW_VERIFY,437,27.668000
RAW_VERIFY,438,27.668000
RAW_VERIFY,439,27.668000
RAW_VERIFY,440,27.668000
RAW_VERIFY,441,27.668000
RAW_VERIFY,442,27.668000
RAW_VERIFY,443,27.668000
RAW_VERIFY,444,27.668000
RAW_VERIFY,445,27.668000
RAW_VERIFY,446,27.668000
RAW_VERIFY,447,27.668000
RAW_VERIFY,448,27.668000
RAW_VERIFY,449,27.668000
RAW_VERIFY,450,27.668000
RAW_VERIFY,451,27.668000
RAW_VERIFY,452,27.668000
RAW_VERIFY,453,27.668000
RAW_VERIFY,454,27.668000
RAW_VERIFY,455,27.668000
RAW_VERIFY,456,27.668000
RAW_VERIFY,457,27.668000
RAW_VERIFY,458,27.668000
RAW_VERIFY,459,27.668000
RAW_VERIFY,460,27.668000
RAW_VERIFY,461,27.668000
RAW_VERIFY,462,27.668000
RAW_VERIFY,463,27.668000
RAW_VERIFY,464,27.668000
RAW_VERIFY,465,27.668000
RAW_VERIFY,466,27.669000
RAW_VERIFY,467,27.668000
RAW_VERIFY,468,27.668000
RAW_VERIFY,469,27.668000
RAW_VERIFY,470,27.668000
RAW_VERIFY,471,27.668000
RAW_VERIFY,472,27.668000
RAW_VERIFY,473,27.668000
RAW_VERIFY,474,27.668000
RAW_VERIFY,475,27.668000
RAW_VERIFY,476,27.668000
RAW_VERIFY,477,27.668000
RAW_VERIFY,478,27.668000
RAW_VERIFY,479,27.668000
RAW_VERIFY,480,27.668000
RAW_VERIFY,481,27.668000
RAW_VERIFY,482,27.668000
RAW_VERIFY,483,27.668000
RAW_VERIFY,484,27.667000
RAW_VERIFY,485,27.668000
RAW_VERIFY,486,27.668000
RAW_VERIFY,487,27.668000
RAW_VERIFY,488,27.668000
RAW_VERIFY,489,27.668000
RAW_VERIFY,490,27.668000
RAW_VERIFY,491,27.668000
RAW_VERIFY,492,27.668000
RAW_VERIFY,493,27.668000
RAW_VERIFY,494,27.668000
RAW_VERIFY,495,27.668000
RAW_VERIFY,496,27.668000
RAW_VERIFY,497,27.668000
RAW_VERIFY,498,27.668000
RAW_VERIFY,499,27.668000

--- FINAL JSON ---
{"platform":"esp32","algorithm":"ML-DSA-65","pqclean_commit":"0586a824fc0d49df0b6b6e9179d8d15d06d0974f","cpu_mhz":240,"kappa_bytes":48,"pk_bytes":1952,"sk_bytes":4032,"sig_bytes":3309,"frame_sign_input_bytes":7353,"n_sign":500,"n_frame_sign":500,"n_verify":500,"sign_core_mean_ms":89.164418,"sign_core_sd_ms":60.582995,"sign_core_p95_ms":197.758050,"sign_core_p99_ms":274.969510,"sign_core_max_ms":675.687000,"framework_sign_mean_ms":92.244672,"framework_sign_sd_ms":53.012507,"framework_sign_p95_ms":203.535600,"framework_sign_p99_ms":274.736490,"framework_sign_max_ms":419.005000,"verify_mean_ms":27.668096,"verify_sd_ms":0.003006,"verify_p95_ms":27.668000,"verify_p99_ms":27.669000,"verify_max_ms":27.735000,"heap_free":147424,"heap_min":115876}

ESP32_FINAL_BENCHMARK_OK
