[PLATFORM] ESP32 | 240 MHz | 2 core | SDK v5.5.5
[PLATFORM] flash=4194304 B heap=250628 B

==============================================
 PQ-CBAS-DSH ESP32 FINAL BENCHMARK
==============================================
PQClean commit : 0586a824fc0d49df0b6b6e9179d8d15d06d0974f
Algorithm      : ML-DSA-65
kappa          : 384 bit / 48 B
pk/sk/sig      : 1952 / 4032 / 3309 B
frame input    : 7353 B
CPU            : 240 MHz

[1/6] keypair n=20
[2/6] SHAKE256 DSH n=200 input=7353 B output=48 B
[3/6] ML-DSA sign core n=500
[4/6] framework sign n=500
[5/6] verify n=500
[6/6] sequential verify m=1,2,5,10

--- SUMMARY ---
keypair            mean=27.480350 sd=0.177573 min=27.419000 max=28.038000 ms
DSH-48             mean=6.111635 sd=0.002444 min=6.110000 max=6.133000 ms
sign-core          n=500 mean=82.008504 sd=51.994296 min=37.840000 p95=178.399050 p99=298.903220 max=378.284000 ms
framework-sign     n=500 mean=94.907274 sd=62.446717 min=43.934000 p95=209.744250 p99=345.694720 max=578.194000 ms
verify             n=500 mean=27.666736 sd=0.003052 min=27.666000 p95=27.667000 p99=27.667000 max=27.734000 ms

--- SEQUENTIAL VERIFY (not AggVerify) ---
m=1 n=10 mean=27.669500 sd=0.004500 min=27.668000 max=27.683000 ms per_tuple=27.669500 ms
m=2 n=10 mean=55.338000 sd=0.000001 min=55.338000 max=55.338000 ms per_tuple=27.669000 ms
m=5 n=10 mean=138.326800 sd=0.001077 min=138.325000 max=138.329000 ms per_tuple=27.665360 ms
m=10 n=10 mean=276.646900 sd=0.000300 min=276.646000 max=276.647000 ms per_tuple=27.664690 ms

--- RAW SIGN CORE ---
RAW_SIGN,0,48.752000
RAW_SIGN,1,87.403000
RAW_SIGN,2,59.309000
RAW_SIGN,3,50.807000
RAW_SIGN,4,37.842000
RAW_SIGN,5,63.757000
RAW_SIGN,6,48.593000
RAW_SIGN,7,48.615000
RAW_SIGN,8,145.552000
RAW_SIGN,9,37.841000
RAW_SIGN,10,72.252000
RAW_SIGN,11,37.841000
RAW_SIGN,12,108.929000
RAW_SIGN,13,132.628000
RAW_SIGN,14,50.813000
RAW_SIGN,15,106.677000
RAW_SIGN,16,184.371000
RAW_SIGN,17,59.360000
RAW_SIGN,18,85.276000
RAW_SIGN,19,50.785000
RAW_SIGN,20,50.818000
RAW_SIGN,21,98.174000
RAW_SIGN,22,37.842000
RAW_SIGN,23,37.841000
RAW_SIGN,24,48.603000
RAW_SIGN,25,108.953000
RAW_SIGN,26,37.841000
RAW_SIGN,27,83.088000
RAW_SIGN,28,111.146000
RAW_SIGN,29,119.647000
RAW_SIGN,30,59.354000
RAW_SIGN,31,139.227000
RAW_SIGN,32,98.174000
RAW_SIGN,33,61.507000
RAW_SIGN,34,134.908000
RAW_SIGN,35,37.841000
RAW_SIGN,36,74.511000
RAW_SIGN,37,37.841000
RAW_SIGN,38,113.342000
RAW_SIGN,39,74.493000
RAW_SIGN,40,50.766000
RAW_SIGN,41,37.842000
RAW_SIGN,42,48.585000
RAW_SIGN,43,48.599000
RAW_SIGN,44,48.597000
RAW_SIGN,45,37.841000
RAW_SIGN,46,37.841000
RAW_SIGN,47,48.579000
RAW_SIGN,48,143.380000
RAW_SIGN,49,48.587000
RAW_SIGN,50,132.727000
RAW_SIGN,51,145.585000
RAW_SIGN,52,48.612000
RAW_SIGN,53,50.774000
RAW_SIGN,54,61.563000
RAW_SIGN,55,145.475000
RAW_SIGN,56,87.438000
RAW_SIGN,57,63.746000
RAW_SIGN,58,89.666000
RAW_SIGN,59,48.582000
RAW_SIGN,60,87.377000
RAW_SIGN,61,50.766000
RAW_SIGN,62,37.841000
RAW_SIGN,63,100.384000
RAW_SIGN,64,76.690000
RAW_SIGN,65,182.162000
RAW_SIGN,66,261.788000
RAW_SIGN,67,37.841000
RAW_SIGN,68,223.298000
RAW_SIGN,69,63.745000
RAW_SIGN,70,74.474000
RAW_SIGN,71,72.288000
RAW_SIGN,72,83.047000
RAW_SIGN,73,37.842000
RAW_SIGN,74,48.592000
RAW_SIGN,75,108.858000
RAW_SIGN,76,59.361000
RAW_SIGN,77,134.788000
RAW_SIGN,78,50.771000
RAW_SIGN,79,115.734000
RAW_SIGN,80,50.768000
RAW_SIGN,81,85.229000
RAW_SIGN,82,113.267000
RAW_SIGN,83,61.519000
RAW_SIGN,84,85.195000
RAW_SIGN,85,242.524000
RAW_SIGN,86,37.841000
RAW_SIGN,87,104.521000
RAW_SIGN,88,37.841000
RAW_SIGN,89,63.754000
RAW_SIGN,90,63.704000
RAW_SIGN,91,48.612000
RAW_SIGN,92,98.182000
RAW_SIGN,93,169.352000
RAW_SIGN,94,100.291000
RAW_SIGN,95,76.659000
RAW_SIGN,96,50.767000
RAW_SIGN,97,37.841000
RAW_SIGN,98,156.328000
RAW_SIGN,99,37.843000
RAW_SIGN,100,63.720000
RAW_SIGN,101,74.428000
RAW_SIGN,102,37.841000
RAW_SIGN,103,48.582000
RAW_SIGN,104,61.543000
RAW_SIGN,105,74.464000
RAW_SIGN,106,37.841000
RAW_SIGN,107,61.536000
RAW_SIGN,108,121.857000
RAW_SIGN,109,80.840000
RAW_SIGN,110,61.555000
RAW_SIGN,111,61.567000
RAW_SIGN,112,119.659000
RAW_SIGN,113,98.170000
RAW_SIGN,114,178.201000
RAW_SIGN,115,98.160000
RAW_SIGN,116,108.932000
RAW_SIGN,117,37.842000
RAW_SIGN,118,147.744000
RAW_SIGN,119,182.213000
RAW_SIGN,120,61.567000
RAW_SIGN,121,50.800000
RAW_SIGN,122,37.841000
RAW_SIGN,123,98.213000
RAW_SIGN,124,89.596000
RAW_SIGN,125,61.504000
RAW_SIGN,126,72.311000
RAW_SIGN,127,70.094000
RAW_SIGN,128,37.842000
RAW_SIGN,129,37.842000
RAW_SIGN,130,72.255000
RAW_SIGN,131,59.321000
RAW_SIGN,132,63.769000
RAW_SIGN,133,63.729000
RAW_SIGN,134,61.567000
RAW_SIGN,135,63.771000
RAW_SIGN,136,50.767000
RAW_SIGN,137,156.340000
RAW_SIGN,138,121.846000
RAW_SIGN,139,143.408000
RAW_SIGN,140,37.842000
RAW_SIGN,141,50.793000
RAW_SIGN,142,61.554000
RAW_SIGN,143,37.841000
RAW_SIGN,144,37.840000
RAW_SIGN,145,158.510000
RAW_SIGN,146,50.791000
RAW_SIGN,147,48.582000
RAW_SIGN,148,48.583000
RAW_SIGN,149,72.331000
RAW_SIGN,150,61.556000
RAW_SIGN,151,37.841000
RAW_SIGN,152,89.609000
RAW_SIGN,153,74.482000
RAW_SIGN,154,74.440000
RAW_SIGN,155,145.639000
RAW_SIGN,156,85.173000
RAW_SIGN,157,124.136000
RAW_SIGN,158,50.820000
RAW_SIGN,159,70.064000
RAW_SIGN,160,74.485000
RAW_SIGN,161,121.892000
RAW_SIGN,162,37.841000
RAW_SIGN,163,61.526000
RAW_SIGN,164,50.786000
RAW_SIGN,165,37.841000
RAW_SIGN,166,37.841000
RAW_SIGN,167,50.775000
RAW_SIGN,168,85.238000
RAW_SIGN,169,48.601000
RAW_SIGN,170,111.204000
RAW_SIGN,171,74.500000
RAW_SIGN,172,37.841000
RAW_SIGN,173,37.842000
RAW_SIGN,174,156.307000
RAW_SIGN,175,145.627000
RAW_SIGN,176,50.810000
RAW_SIGN,177,74.489000
RAW_SIGN,178,37.842000
RAW_SIGN,179,85.270000
RAW_SIGN,180,48.578000
RAW_SIGN,181,106.693000
RAW_SIGN,182,130.447000
RAW_SIGN,183,37.842000
RAW_SIGN,184,128.198000
RAW_SIGN,185,59.360000
RAW_SIGN,186,85.202000
RAW_SIGN,187,48.578000
RAW_SIGN,188,61.525000
RAW_SIGN,189,119.618000
RAW_SIGN,190,37.842000
RAW_SIGN,191,61.506000
RAW_SIGN,192,48.596000
RAW_SIGN,193,50.768000
RAW_SIGN,194,104.498000
RAW_SIGN,195,48.615000
RAW_SIGN,196,139.195000
RAW_SIGN,197,48.578000
RAW_SIGN,198,61.501000
RAW_SIGN,199,37.841000
RAW_SIGN,200,48.613000
RAW_SIGN,201,61.553000
RAW_SIGN,202,61.539000
RAW_SIGN,203,59.381000
RAW_SIGN,204,50.784000
RAW_SIGN,205,143.373000
RAW_SIGN,206,95.932000
RAW_SIGN,207,98.224000
RAW_SIGN,208,85.217000
RAW_SIGN,209,362.985000
RAW_SIGN,210,130.448000
RAW_SIGN,211,48.615000
RAW_SIGN,212,72.324000
RAW_SIGN,213,48.587000
RAW_SIGN,214,98.208000
RAW_SIGN,215,95.959000
RAW_SIGN,216,352.325000
RAW_SIGN,217,37.842000
RAW_SIGN,218,37.841000
RAW_SIGN,219,37.841000
RAW_SIGN,220,37.841000
RAW_SIGN,221,37.841000
RAW_SIGN,222,48.591000
RAW_SIGN,223,59.326000
RAW_SIGN,224,85.207000
RAW_SIGN,225,111.095000
RAW_SIGN,226,74.494000
RAW_SIGN,227,100.385000
RAW_SIGN,228,108.942000
RAW_SIGN,229,130.423000
RAW_SIGN,230,37.841000
RAW_SIGN,231,85.301000
RAW_SIGN,232,37.841000
RAW_SIGN,233,281.415000
RAW_SIGN,234,83.095000
RAW_SIGN,235,121.861000
RAW_SIGN,236,61.519000
RAW_SIGN,237,37.841000
RAW_SIGN,238,74.485000
RAW_SIGN,239,37.841000
RAW_SIGN,240,59.333000
RAW_SIGN,241,61.527000
RAW_SIGN,242,37.841000
RAW_SIGN,243,102.565000
RAW_SIGN,244,37.841000
RAW_SIGN,245,227.455000
RAW_SIGN,246,61.535000
RAW_SIGN,247,102.361000
RAW_SIGN,248,37.841000
RAW_SIGN,249,108.937000
RAW_SIGN,250,63.737000
RAW_SIGN,251,182.173000
RAW_SIGN,252,74.460000
RAW_SIGN,253,113.219000
RAW_SIGN,254,37.841000
RAW_SIGN,255,87.439000
RAW_SIGN,256,48.582000
RAW_SIGN,257,80.810000
RAW_SIGN,258,61.533000
RAW_SIGN,259,37.841000
RAW_SIGN,260,50.768000
RAW_SIGN,261,108.963000
RAW_SIGN,262,87.416000
RAW_SIGN,263,61.500000
RAW_SIGN,264,72.282000
RAW_SIGN,265,48.601000
RAW_SIGN,266,50.786000
RAW_SIGN,267,85.243000
RAW_SIGN,268,74.468000
RAW_SIGN,269,37.841000
RAW_SIGN,270,50.797000
RAW_SIGN,271,50.805000
RAW_SIGN,272,61.555000
RAW_SIGN,273,98.129000
RAW_SIGN,274,48.580000
RAW_SIGN,275,74.491000
RAW_SIGN,276,50.785000
RAW_SIGN,277,59.319000
RAW_SIGN,278,48.580000
RAW_SIGN,279,98.238000
RAW_SIGN,280,37.841000
RAW_SIGN,281,117.539000
RAW_SIGN,282,61.546000
RAW_SIGN,283,76.664000
RAW_SIGN,284,335.357000
RAW_SIGN,285,48.609000
RAW_SIGN,286,63.741000
RAW_SIGN,287,37.841000
RAW_SIGN,288,298.535000
RAW_SIGN,289,100.368000
RAW_SIGN,290,205.824000
RAW_SIGN,291,61.544000
RAW_SIGN,292,63.724000
RAW_SIGN,293,61.510000
RAW_SIGN,294,151.890000
RAW_SIGN,295,134.902000
RAW_SIGN,296,37.841000
RAW_SIGN,297,83.037000
RAW_SIGN,298,72.253000
RAW_SIGN,299,87.417000
RAW_SIGN,300,63.704000
RAW_SIGN,301,63.708000
RAW_SIGN,302,37.842000
RAW_SIGN,303,115.250000
RAW_SIGN,304,37.841000
RAW_SIGN,305,37.841000
RAW_SIGN,306,173.365000
RAW_SIGN,307,48.591000
RAW_SIGN,308,83.018000
RAW_SIGN,309,119.722000
RAW_SIGN,310,37.841000
RAW_SIGN,311,37.841000
RAW_SIGN,312,37.841000
RAW_SIGN,313,134.834000
RAW_SIGN,314,72.317000
RAW_SIGN,315,48.595000
RAW_SIGN,316,234.011000
RAW_SIGN,317,93.785000
RAW_SIGN,318,72.318000
RAW_SIGN,319,182.166000
RAW_SIGN,320,48.595000
RAW_SIGN,321,48.576000
RAW_SIGN,322,173.694000
RAW_SIGN,323,48.601000
RAW_SIGN,324,63.732000
RAW_SIGN,325,50.792000
RAW_SIGN,326,61.544000
RAW_SIGN,327,61.502000
RAW_SIGN,328,184.485000
RAW_SIGN,329,37.841000
RAW_SIGN,330,50.782000
RAW_SIGN,331,37.841000
RAW_SIGN,332,119.660000
RAW_SIGN,333,158.501000
RAW_SIGN,334,72.265000
RAW_SIGN,335,61.526000
RAW_SIGN,336,108.901000
RAW_SIGN,337,37.841000
RAW_SIGN,338,48.602000
RAW_SIGN,339,354.446000
RAW_SIGN,340,156.362000
RAW_SIGN,341,95.998000
RAW_SIGN,342,100.370000
RAW_SIGN,343,87.380000
RAW_SIGN,344,136.982000
RAW_SIGN,345,70.079000
RAW_SIGN,346,111.089000
RAW_SIGN,347,85.218000
RAW_SIGN,348,48.597000
RAW_SIGN,349,59.364000
RAW_SIGN,350,85.212000
RAW_SIGN,351,37.841000
RAW_SIGN,352,48.580000
RAW_SIGN,353,37.842000
RAW_SIGN,354,37.841000
RAW_SIGN,355,117.474000
RAW_SIGN,356,37.841000
RAW_SIGN,357,37.841000
RAW_SIGN,358,50.778000
RAW_SIGN,359,50.778000
RAW_SIGN,360,61.543000
RAW_SIGN,361,72.276000
RAW_SIGN,362,61.505000
RAW_SIGN,363,48.585000
RAW_SIGN,364,37.842000
RAW_SIGN,365,50.771000
RAW_SIGN,366,37.841000
RAW_SIGN,367,37.841000
RAW_SIGN,368,37.841000
RAW_SIGN,369,50.768000
RAW_SIGN,370,61.533000
RAW_SIGN,371,61.510000
RAW_SIGN,372,48.612000
RAW_SIGN,373,61.546000
RAW_SIGN,374,37.841000
RAW_SIGN,375,50.786000
RAW_SIGN,376,121.836000
RAW_SIGN,377,171.460000
RAW_SIGN,378,80.861000
RAW_SIGN,379,37.841000
RAW_SIGN,380,124.087000
RAW_SIGN,381,61.573000
RAW_SIGN,382,37.841000
RAW_SIGN,383,37.841000
RAW_SIGN,384,233.984000
RAW_SIGN,385,48.557000
RAW_SIGN,386,37.841000
RAW_SIGN,387,74.474000
RAW_SIGN,388,37.842000
RAW_SIGN,389,108.927000
RAW_SIGN,390,102.545000
RAW_SIGN,391,85.228000
RAW_SIGN,392,37.841000
RAW_SIGN,393,74.483000
RAW_SIGN,394,50.780000
RAW_SIGN,395,37.841000
RAW_SIGN,396,48.590000
RAW_SIGN,397,95.969000
RAW_SIGN,398,63.694000
RAW_SIGN,399,37.841000
RAW_SIGN,400,72.244000
RAW_SIGN,401,37.841000
RAW_SIGN,402,48.577000
RAW_SIGN,403,87.422000
RAW_SIGN,404,74.480000
RAW_SIGN,405,50.815000
RAW_SIGN,406,48.595000
RAW_SIGN,407,37.841000
RAW_SIGN,408,37.842000
RAW_SIGN,409,48.596000
RAW_SIGN,410,151.956000
RAW_SIGN,411,119.816000
RAW_SIGN,412,141.173000
RAW_SIGN,413,37.842000
RAW_SIGN,414,61.529000
RAW_SIGN,415,87.371000
RAW_SIGN,416,111.172000
RAW_SIGN,417,72.321000
RAW_SIGN,418,50.782000
RAW_SIGN,419,72.261000
RAW_SIGN,420,63.734000
RAW_SIGN,421,37.841000
RAW_SIGN,422,121.899000
RAW_SIGN,423,121.911000
RAW_SIGN,424,162.693000
RAW_SIGN,425,106.690000
RAW_SIGN,426,61.537000
RAW_SIGN,427,61.529000
RAW_SIGN,428,37.841000
RAW_SIGN,429,378.284000
RAW_SIGN,430,98.187000
RAW_SIGN,431,37.841000
RAW_SIGN,432,85.244000
RAW_SIGN,433,158.593000
RAW_SIGN,434,50.766000
RAW_SIGN,435,50.771000
RAW_SIGN,436,85.255000
RAW_SIGN,437,37.841000
RAW_SIGN,438,87.469000
RAW_SIGN,439,91.603000
RAW_SIGN,440,85.255000
RAW_SIGN,441,37.841000
RAW_SIGN,442,124.050000
RAW_SIGN,443,93.775000
RAW_SIGN,444,85.205000
RAW_SIGN,445,50.799000
RAW_SIGN,446,106.772000
RAW_SIGN,447,48.601000
RAW_SIGN,448,193.021000
RAW_SIGN,449,37.841000
RAW_SIGN,450,37.841000
RAW_SIGN,451,37.842000
RAW_SIGN,452,37.842000
RAW_SIGN,453,61.565000
RAW_SIGN,454,50.787000
RAW_SIGN,455,50.789000
RAW_SIGN,456,59.349000
RAW_SIGN,457,70.119000
RAW_SIGN,458,100.430000
RAW_SIGN,459,37.841000
RAW_SIGN,460,72.275000
RAW_SIGN,461,98.185000
RAW_SIGN,462,100.354000
RAW_SIGN,463,37.841000
RAW_SIGN,464,111.086000
RAW_SIGN,465,63.707000
RAW_SIGN,466,119.668000
RAW_SIGN,467,37.841000
RAW_SIGN,468,154.410000
RAW_SIGN,469,100.344000
RAW_SIGN,470,37.841000
RAW_SIGN,471,132.564000
RAW_SIGN,472,74.489000
RAW_SIGN,473,248.898000
RAW_SIGN,474,113.329000
RAW_SIGN,475,141.109000
RAW_SIGN,476,111.072000
RAW_SIGN,477,85.232000
RAW_SIGN,478,74.525000
RAW_SIGN,479,76.674000
RAW_SIGN,480,76.668000
RAW_SIGN,481,50.790000
RAW_SIGN,482,130.393000
RAW_SIGN,483,70.105000
RAW_SIGN,484,63.744000
RAW_SIGN,485,184.370000
RAW_SIGN,486,229.548000
RAW_SIGN,487,186.414000
RAW_SIGN,488,61.530000
RAW_SIGN,489,74.450000
RAW_SIGN,490,136.962000
RAW_SIGN,491,61.536000
RAW_SIGN,492,85.282000
RAW_SIGN,493,98.251000
RAW_SIGN,494,48.583000
RAW_SIGN,495,147.737000
RAW_SIGN,496,50.805000
RAW_SIGN,497,164.970000
RAW_SIGN,498,74.465000
RAW_SIGN,499,63.747000

--- RAW FRAMEWORK SIGN ---
RAW_FRAME_SIGN,0,140.917000
RAW_FRAME_SIGN,1,69.818000
RAW_FRAME_SIGN,2,93.574000
RAW_FRAME_SIGN,3,67.630000
RAW_FRAME_SIGN,4,115.077000
RAW_FRAME_SIGN,5,78.356000
RAW_FRAME_SIGN,6,78.454000
RAW_FRAME_SIGN,7,95.761000
RAW_FRAME_SIGN,8,78.424000
RAW_FRAME_SIGN,9,43.949000
RAW_FRAME_SIGN,10,78.381000
RAW_FRAME_SIGN,11,43.949000
RAW_FRAME_SIGN,12,106.549000
RAW_FRAME_SIGN,13,43.949000
RAW_FRAME_SIGN,14,80.572000
RAW_FRAME_SIGN,15,54.682000
RAW_FRAME_SIGN,16,43.949000
RAW_FRAME_SIGN,17,56.927000
RAW_FRAME_SIGN,18,110.650000
RAW_FRAME_SIGN,19,78.349000
RAW_FRAME_SIGN,20,43.949000
RAW_FRAME_SIGN,21,56.877000
RAW_FRAME_SIGN,22,169.083000
RAW_FRAME_SIGN,23,54.685000
RAW_FRAME_SIGN,24,134.373000
RAW_FRAME_SIGN,25,43.949000
RAW_FRAME_SIGN,26,54.695000
RAW_FRAME_SIGN,27,43.949000
RAW_FRAME_SIGN,28,188.395000
RAW_FRAME_SIGN,29,80.598000
RAW_FRAME_SIGN,30,110.684000
RAW_FRAME_SIGN,31,80.576000
RAW_FRAME_SIGN,32,91.308000
RAW_FRAME_SIGN,33,43.949000
RAW_FRAME_SIGN,34,56.917000
RAW_FRAME_SIGN,35,67.655000
RAW_FRAME_SIGN,36,54.709000
RAW_FRAME_SIGN,37,43.950000
RAW_FRAME_SIGN,38,80.561000
RAW_FRAME_SIGN,39,43.949000
RAW_FRAME_SIGN,40,56.905000
RAW_FRAME_SIGN,41,43.949000
RAW_FRAME_SIGN,42,67.623000
RAW_FRAME_SIGN,43,121.370000
RAW_FRAME_SIGN,44,43.949000
RAW_FRAME_SIGN,45,56.927000
RAW_FRAME_SIGN,46,93.498000
RAW_FRAME_SIGN,47,99.908000
RAW_FRAME_SIGN,48,67.676000
RAW_FRAME_SIGN,49,89.134000
RAW_FRAME_SIGN,50,56.902000
RAW_FRAME_SIGN,51,54.679000
RAW_FRAME_SIGN,52,93.499000
RAW_FRAME_SIGN,53,78.402000
RAW_FRAME_SIGN,54,356.499000
RAW_FRAME_SIGN,55,76.164000
RAW_FRAME_SIGN,56,56.897000
RAW_FRAME_SIGN,57,199.001000
RAW_FRAME_SIGN,58,177.568000
RAW_FRAME_SIGN,59,145.254000
RAW_FRAME_SIGN,60,56.881000
RAW_FRAME_SIGN,61,56.896000
RAW_FRAME_SIGN,62,43.949000
RAW_FRAME_SIGN,63,69.826000
RAW_FRAME_SIGN,64,78.407000
RAW_FRAME_SIGN,65,67.679000
RAW_FRAME_SIGN,66,82.774000
RAW_FRAME_SIGN,67,121.353000
RAW_FRAME_SIGN,68,65.438000
RAW_FRAME_SIGN,69,56.882000
RAW_FRAME_SIGN,70,328.227000
RAW_FRAME_SIGN,71,43.950000
RAW_FRAME_SIGN,72,143.137000
RAW_FRAME_SIGN,73,43.949000
RAW_FRAME_SIGN,74,43.950000
RAW_FRAME_SIGN,75,78.406000
RAW_FRAME_SIGN,76,140.953000
RAW_FRAME_SIGN,77,82.748000
RAW_FRAME_SIGN,78,106.493000
RAW_FRAME_SIGN,79,65.432000
RAW_FRAME_SIGN,80,203.484000
RAW_FRAME_SIGN,81,43.950000
RAW_FRAME_SIGN,82,143.191000
RAW_FRAME_SIGN,83,138.743000
RAW_FRAME_SIGN,84,364.949000
RAW_FRAME_SIGN,85,43.949000
RAW_FRAME_SIGN,86,263.855000
RAW_FRAME_SIGN,87,67.678000
RAW_FRAME_SIGN,88,56.897000
RAW_FRAME_SIGN,89,54.702000
RAW_FRAME_SIGN,90,106.488000
RAW_FRAME_SIGN,91,56.899000
RAW_FRAME_SIGN,92,188.325000
RAW_FRAME_SIGN,93,114.972000
RAW_FRAME_SIGN,94,43.939000
RAW_FRAME_SIGN,95,43.949000
RAW_FRAME_SIGN,96,67.643000
RAW_FRAME_SIGN,97,67.672000
RAW_FRAME_SIGN,98,43.950000
RAW_FRAME_SIGN,99,54.714000
RAW_FRAME_SIGN,100,86.999000
RAW_FRAME_SIGN,101,43.949000
RAW_FRAME_SIGN,102,134.608000
RAW_FRAME_SIGN,103,43.948000
RAW_FRAME_SIGN,104,56.926000
RAW_FRAME_SIGN,105,102.022000
RAW_FRAME_SIGN,106,43.949000
RAW_FRAME_SIGN,107,67.632000
RAW_FRAME_SIGN,108,151.674000
RAW_FRAME_SIGN,109,164.616000
RAW_FRAME_SIGN,110,102.065000
RAW_FRAME_SIGN,111,54.677000
RAW_FRAME_SIGN,112,43.949000
RAW_FRAME_SIGN,113,285.224000
RAW_FRAME_SIGN,114,93.568000
RAW_FRAME_SIGN,115,56.898000
RAW_FRAME_SIGN,116,102.146000
RAW_FRAME_SIGN,117,54.689000
RAW_FRAME_SIGN,118,67.645000
RAW_FRAME_SIGN,119,199.067000
RAW_FRAME_SIGN,120,117.194000
RAW_FRAME_SIGN,121,91.346000
RAW_FRAME_SIGN,122,67.634000
RAW_FRAME_SIGN,123,117.196000
RAW_FRAME_SIGN,124,56.893000
RAW_FRAME_SIGN,125,43.949000
RAW_FRAME_SIGN,126,56.896000
RAW_FRAME_SIGN,127,43.949000
RAW_FRAME_SIGN,128,54.698000
RAW_FRAME_SIGN,129,145.077000
RAW_FRAME_SIGN,130,134.355000
RAW_FRAME_SIGN,131,89.131000
RAW_FRAME_SIGN,132,65.477000
RAW_FRAME_SIGN,133,56.914000
RAW_FRAME_SIGN,134,67.651000
RAW_FRAME_SIGN,135,173.161000
RAW_FRAME_SIGN,136,177.499000
RAW_FRAME_SIGN,137,43.949000
RAW_FRAME_SIGN,138,117.186000
RAW_FRAME_SIGN,139,76.192000
RAW_FRAME_SIGN,140,91.317000
RAW_FRAME_SIGN,141,54.679000
RAW_FRAME_SIGN,142,67.667000
RAW_FRAME_SIGN,143,106.497000
RAW_FRAME_SIGN,144,43.949000
RAW_FRAME_SIGN,145,76.214000
RAW_FRAME_SIGN,146,43.949000
RAW_FRAME_SIGN,147,54.712000
RAW_FRAME_SIGN,148,43.949000
RAW_FRAME_SIGN,149,99.844000
RAW_FRAME_SIGN,150,578.194000
RAW_FRAME_SIGN,151,43.949000
RAW_FRAME_SIGN,152,67.683000
RAW_FRAME_SIGN,153,128.026000
RAW_FRAME_SIGN,154,43.949000
RAW_FRAME_SIGN,155,43.949000
RAW_FRAME_SIGN,156,67.632000
RAW_FRAME_SIGN,157,56.889000
RAW_FRAME_SIGN,158,78.414000
RAW_FRAME_SIGN,159,111.100000
RAW_FRAME_SIGN,160,67.618000
RAW_FRAME_SIGN,161,67.684000
RAW_FRAME_SIGN,162,69.844000
RAW_FRAME_SIGN,163,72.294000
RAW_FRAME_SIGN,164,54.681000
RAW_FRAME_SIGN,165,134.369000
RAW_FRAME_SIGN,166,351.904000
RAW_FRAME_SIGN,167,130.172000
RAW_FRAME_SIGN,168,93.501000
RAW_FRAME_SIGN,169,91.394000
RAW_FRAME_SIGN,170,43.949000
RAW_FRAME_SIGN,171,69.883000
RAW_FRAME_SIGN,172,164.622000
RAW_FRAME_SIGN,173,82.803000
RAW_FRAME_SIGN,174,69.826000
RAW_FRAME_SIGN,175,78.402000
RAW_FRAME_SIGN,176,56.907000
RAW_FRAME_SIGN,177,115.027000
RAW_FRAME_SIGN,178,80.583000
RAW_FRAME_SIGN,179,164.532000
RAW_FRAME_SIGN,180,173.121000
RAW_FRAME_SIGN,181,43.949000
RAW_FRAME_SIGN,182,162.523000
RAW_FRAME_SIGN,183,80.601000
RAW_FRAME_SIGN,184,173.206000
RAW_FRAME_SIGN,185,162.411000
RAW_FRAME_SIGN,186,89.153000
RAW_FRAME_SIGN,187,56.872000
RAW_FRAME_SIGN,188,56.894000
RAW_FRAME_SIGN,189,128.034000
RAW_FRAME_SIGN,190,117.230000
RAW_FRAME_SIGN,191,43.950000
RAW_FRAME_SIGN,192,43.949000
RAW_FRAME_SIGN,193,67.685000
RAW_FRAME_SIGN,194,80.629000
RAW_FRAME_SIGN,195,65.458000
RAW_FRAME_SIGN,196,134.320000
RAW_FRAME_SIGN,197,56.888000
RAW_FRAME_SIGN,198,56.892000
RAW_FRAME_SIGN,199,78.407000
RAW_FRAME_SIGN,200,43.949000
RAW_FRAME_SIGN,201,56.881000
RAW_FRAME_SIGN,202,67.664000
RAW_FRAME_SIGN,203,56.883000
RAW_FRAME_SIGN,204,93.496000
RAW_FRAME_SIGN,205,93.526000
RAW_FRAME_SIGN,206,119.407000
RAW_FRAME_SIGN,207,106.412000
RAW_FRAME_SIGN,208,112.750000
RAW_FRAME_SIGN,209,345.632000
RAW_FRAME_SIGN,210,153.889000
RAW_FRAME_SIGN,211,67.679000
RAW_FRAME_SIGN,212,196.807000
RAW_FRAME_SIGN,213,56.880000
RAW_FRAME_SIGN,214,43.949000
RAW_FRAME_SIGN,215,43.950000
RAW_FRAME_SIGN,216,67.609000
RAW_FRAME_SIGN,217,132.440000
RAW_FRAME_SIGN,218,56.902000
RAW_FRAME_SIGN,219,65.457000
RAW_FRAME_SIGN,220,69.802000
RAW_FRAME_SIGN,221,125.741000
RAW_FRAME_SIGN,222,43.950000
RAW_FRAME_SIGN,223,43.950000
RAW_FRAME_SIGN,224,43.949000
RAW_FRAME_SIGN,225,54.682000
RAW_FRAME_SIGN,226,330.442000
RAW_FRAME_SIGN,227,43.949000
RAW_FRAME_SIGN,228,69.871000
RAW_FRAME_SIGN,229,143.055000
RAW_FRAME_SIGN,230,43.949000
RAW_FRAME_SIGN,231,56.916000
RAW_FRAME_SIGN,232,89.086000
RAW_FRAME_SIGN,233,56.908000
RAW_FRAME_SIGN,234,56.872000
RAW_FRAME_SIGN,235,56.884000
RAW_FRAME_SIGN,236,209.729000
RAW_FRAME_SIGN,237,136.561000
RAW_FRAME_SIGN,238,155.984000
RAW_FRAME_SIGN,239,43.934000
RAW_FRAME_SIGN,240,147.362000
RAW_FRAME_SIGN,241,112.874000
RAW_FRAME_SIGN,242,104.277000
RAW_FRAME_SIGN,243,67.650000
RAW_FRAME_SIGN,244,43.949000
RAW_FRAME_SIGN,245,56.916000
RAW_FRAME_SIGN,246,91.367000
RAW_FRAME_SIGN,247,65.434000
RAW_FRAME_SIGN,248,147.240000
RAW_FRAME_SIGN,249,43.949000
RAW_FRAME_SIGN,250,43.948000
RAW_FRAME_SIGN,251,54.693000
RAW_FRAME_SIGN,252,183.870000
RAW_FRAME_SIGN,253,69.851000
RAW_FRAME_SIGN,254,367.089000
RAW_FRAME_SIGN,255,82.807000
RAW_FRAME_SIGN,256,69.805000
RAW_FRAME_SIGN,257,56.888000
RAW_FRAME_SIGN,258,56.921000
RAW_FRAME_SIGN,259,181.804000
RAW_FRAME_SIGN,260,56.888000
RAW_FRAME_SIGN,261,69.847000
RAW_FRAME_SIGN,262,169.042000
RAW_FRAME_SIGN,263,54.694000
RAW_FRAME_SIGN,264,56.904000
RAW_FRAME_SIGN,265,67.634000
RAW_FRAME_SIGN,266,54.702000
RAW_FRAME_SIGN,267,65.413000
RAW_FRAME_SIGN,268,93.516000
RAW_FRAME_SIGN,269,93.566000
RAW_FRAME_SIGN,270,43.949000
RAW_FRAME_SIGN,271,43.949000
RAW_FRAME_SIGN,272,80.597000
RAW_FRAME_SIGN,273,80.613000
RAW_FRAME_SIGN,274,296.060000
RAW_FRAME_SIGN,275,112.845000
RAW_FRAME_SIGN,276,54.679000
RAW_FRAME_SIGN,277,121.395000
RAW_FRAME_SIGN,278,80.625000
RAW_FRAME_SIGN,279,67.651000
RAW_FRAME_SIGN,280,43.949000
RAW_FRAME_SIGN,281,246.502000
RAW_FRAME_SIGN,282,80.593000
RAW_FRAME_SIGN,283,56.881000
RAW_FRAME_SIGN,284,56.888000
RAW_FRAME_SIGN,285,104.584000
RAW_FRAME_SIGN,286,67.653000
RAW_FRAME_SIGN,287,67.625000
RAW_FRAME_SIGN,288,43.949000
RAW_FRAME_SIGN,289,56.921000
RAW_FRAME_SIGN,290,65.463000
RAW_FRAME_SIGN,291,43.949000
RAW_FRAME_SIGN,292,78.397000
RAW_FRAME_SIGN,293,104.322000
RAW_FRAME_SIGN,294,67.653000
RAW_FRAME_SIGN,295,115.061000
RAW_FRAME_SIGN,296,43.949000
RAW_FRAME_SIGN,297,210.034000
RAW_FRAME_SIGN,298,82.764000
RAW_FRAME_SIGN,299,143.115000
RAW_FRAME_SIGN,300,246.503000
RAW_FRAME_SIGN,301,91.371000
RAW_FRAME_SIGN,302,56.877000
RAW_FRAME_SIGN,303,69.825000
RAW_FRAME_SIGN,304,248.669000
RAW_FRAME_SIGN,305,99.899000
RAW_FRAME_SIGN,306,175.374000
RAW_FRAME_SIGN,307,43.949000
RAW_FRAME_SIGN,308,151.611000
RAW_FRAME_SIGN,309,67.655000
RAW_FRAME_SIGN,310,239.864000
RAW_FRAME_SIGN,311,78.408000
RAW_FRAME_SIGN,312,80.608000
RAW_FRAME_SIGN,313,43.950000
RAW_FRAME_SIGN,314,43.949000
RAW_FRAME_SIGN,315,149.392000
RAW_FRAME_SIGN,316,43.948000
RAW_FRAME_SIGN,317,91.333000
RAW_FRAME_SIGN,318,67.606000
RAW_FRAME_SIGN,319,80.568000
RAW_FRAME_SIGN,320,162.430000
RAW_FRAME_SIGN,321,80.581000
RAW_FRAME_SIGN,322,56.875000
RAW_FRAME_SIGN,323,201.190000
RAW_FRAME_SIGN,324,69.824000
RAW_FRAME_SIGN,325,56.924000
RAW_FRAME_SIGN,326,231.248000
RAW_FRAME_SIGN,327,114.977000
RAW_FRAME_SIGN,328,203.462000
RAW_FRAME_SIGN,329,76.235000
RAW_FRAME_SIGN,330,43.950000
RAW_FRAME_SIGN,331,162.450000
RAW_FRAME_SIGN,332,43.949000
RAW_FRAME_SIGN,333,162.385000
RAW_FRAME_SIGN,334,145.301000
RAW_FRAME_SIGN,335,89.133000
RAW_FRAME_SIGN,336,56.909000
RAW_FRAME_SIGN,337,43.949000
RAW_FRAME_SIGN,338,54.702000
RAW_FRAME_SIGN,339,78.417000
RAW_FRAME_SIGN,340,134.558000
RAW_FRAME_SIGN,341,43.949000
RAW_FRAME_SIGN,342,43.949000
RAW_FRAME_SIGN,343,115.037000
RAW_FRAME_SIGN,344,115.051000
RAW_FRAME_SIGN,345,82.781000
RAW_FRAME_SIGN,346,93.578000
RAW_FRAME_SIGN,347,80.591000
RAW_FRAME_SIGN,348,173.261000
RAW_FRAME_SIGN,349,177.508000
RAW_FRAME_SIGN,350,65.447000
RAW_FRAME_SIGN,351,138.745000
RAW_FRAME_SIGN,352,54.701000
RAW_FRAME_SIGN,353,143.159000
RAW_FRAME_SIGN,354,67.636000
RAW_FRAME_SIGN,355,67.634000
RAW_FRAME_SIGN,356,175.329000
RAW_FRAME_SIGN,357,67.656000
RAW_FRAME_SIGN,358,257.189000
RAW_FRAME_SIGN,359,164.579000
RAW_FRAME_SIGN,360,143.176000
RAW_FRAME_SIGN,361,121.430000
RAW_FRAME_SIGN,362,78.405000
RAW_FRAME_SIGN,363,69.802000
RAW_FRAME_SIGN,364,69.855000
RAW_FRAME_SIGN,365,56.893000
RAW_FRAME_SIGN,366,132.379000
RAW_FRAME_SIGN,367,43.949000
RAW_FRAME_SIGN,368,313.123000
RAW_FRAME_SIGN,369,56.883000
RAW_FRAME_SIGN,370,237.823000
RAW_FRAME_SIGN,371,54.700000
RAW_FRAME_SIGN,372,43.949000
RAW_FRAME_SIGN,373,54.724000
RAW_FRAME_SIGN,374,89.145000
RAW_FRAME_SIGN,375,43.949000
RAW_FRAME_SIGN,376,145.315000
RAW_FRAME_SIGN,377,65.465000
RAW_FRAME_SIGN,378,43.949000
RAW_FRAME_SIGN,379,106.499000
RAW_FRAME_SIGN,380,54.679000
RAW_FRAME_SIGN,381,123.573000
RAW_FRAME_SIGN,382,91.321000
RAW_FRAME_SIGN,383,186.142000
RAW_FRAME_SIGN,384,89.147000
RAW_FRAME_SIGN,385,78.403000
RAW_FRAME_SIGN,386,78.374000
RAW_FRAME_SIGN,387,54.712000
RAW_FRAME_SIGN,388,151.740000
RAW_FRAME_SIGN,389,134.305000
RAW_FRAME_SIGN,390,56.903000
RAW_FRAME_SIGN,391,43.949000
RAW_FRAME_SIGN,392,43.949000
RAW_FRAME_SIGN,393,99.918000
RAW_FRAME_SIGN,394,56.912000
RAW_FRAME_SIGN,395,65.432000
RAW_FRAME_SIGN,396,43.950000
RAW_FRAME_SIGN,397,91.369000
RAW_FRAME_SIGN,398,227.177000
RAW_FRAME_SIGN,399,274.544000
RAW_FRAME_SIGN,400,106.439000
RAW_FRAME_SIGN,401,67.635000
RAW_FRAME_SIGN,402,80.605000
RAW_FRAME_SIGN,403,56.917000
RAW_FRAME_SIGN,404,67.668000
RAW_FRAME_SIGN,405,43.949000
RAW_FRAME_SIGN,406,82.820000
RAW_FRAME_SIGN,407,69.809000
RAW_FRAME_SIGN,408,56.892000
RAW_FRAME_SIGN,409,56.928000
RAW_FRAME_SIGN,410,186.075000
RAW_FRAME_SIGN,411,54.699000
RAW_FRAME_SIGN,412,56.931000
RAW_FRAME_SIGN,413,212.092000
RAW_FRAME_SIGN,414,80.625000
RAW_FRAME_SIGN,415,93.528000
RAW_FRAME_SIGN,416,91.335000
RAW_FRAME_SIGN,417,89.132000
RAW_FRAME_SIGN,418,67.633000
RAW_FRAME_SIGN,419,157.969000
RAW_FRAME_SIGN,420,54.689000
RAW_FRAME_SIGN,421,166.835000
RAW_FRAME_SIGN,422,138.698000
RAW_FRAME_SIGN,423,80.597000
RAW_FRAME_SIGN,424,43.950000
RAW_FRAME_SIGN,425,43.949000
RAW_FRAME_SIGN,426,91.323000
RAW_FRAME_SIGN,427,69.827000
RAW_FRAME_SIGN,428,138.743000
RAW_FRAME_SIGN,429,166.749000
RAW_FRAME_SIGN,430,43.950000
RAW_FRAME_SIGN,431,67.656000
RAW_FRAME_SIGN,432,80.582000
RAW_FRAME_SIGN,433,56.883000
RAW_FRAME_SIGN,434,67.646000
RAW_FRAME_SIGN,435,132.177000
RAW_FRAME_SIGN,436,43.949000
RAW_FRAME_SIGN,437,127.943000
RAW_FRAME_SIGN,438,80.550000
RAW_FRAME_SIGN,439,102.169000
RAW_FRAME_SIGN,440,43.949000
RAW_FRAME_SIGN,441,91.318000
RAW_FRAME_SIGN,442,67.692000
RAW_FRAME_SIGN,443,43.949000
RAW_FRAME_SIGN,444,67.654000
RAW_FRAME_SIGN,445,54.693000
RAW_FRAME_SIGN,446,80.571000
RAW_FRAME_SIGN,447,43.950000
RAW_FRAME_SIGN,448,106.515000
RAW_FRAME_SIGN,449,54.686000
RAW_FRAME_SIGN,450,274.630000
RAW_FRAME_SIGN,451,56.881000
RAW_FRAME_SIGN,452,91.332000
RAW_FRAME_SIGN,453,56.930000
RAW_FRAME_SIGN,454,54.723000
RAW_FRAME_SIGN,455,43.949000
RAW_FRAME_SIGN,456,89.137000
RAW_FRAME_SIGN,457,89.121000
RAW_FRAME_SIGN,458,102.135000
RAW_FRAME_SIGN,459,93.616000
RAW_FRAME_SIGN,460,43.949000
RAW_FRAME_SIGN,461,183.804000
RAW_FRAME_SIGN,462,115.041000
RAW_FRAME_SIGN,463,67.638000
RAW_FRAME_SIGN,464,67.642000
RAW_FRAME_SIGN,465,89.143000
RAW_FRAME_SIGN,466,86.913000
RAW_FRAME_SIGN,467,80.578000
RAW_FRAME_SIGN,468,196.792000
RAW_FRAME_SIGN,469,99.921000
RAW_FRAME_SIGN,470,123.592000
RAW_FRAME_SIGN,471,43.949000
RAW_FRAME_SIGN,472,43.949000
RAW_FRAME_SIGN,473,173.144000
RAW_FRAME_SIGN,474,56.921000
RAW_FRAME_SIGN,475,67.625000
RAW_FRAME_SIGN,476,78.368000
RAW_FRAME_SIGN,477,67.606000
RAW_FRAME_SIGN,478,91.316000
RAW_FRAME_SIGN,479,78.425000
RAW_FRAME_SIGN,480,117.258000
RAW_FRAME_SIGN,481,43.949000
RAW_FRAME_SIGN,482,69.854000
RAW_FRAME_SIGN,483,56.903000
RAW_FRAME_SIGN,484,43.949000
RAW_FRAME_SIGN,485,82.792000
RAW_FRAME_SIGN,486,65.443000
RAW_FRAME_SIGN,487,280.997000
RAW_FRAME_SIGN,488,151.696000
RAW_FRAME_SIGN,489,54.678000
RAW_FRAME_SIGN,490,43.950000
RAW_FRAME_SIGN,491,102.123000
RAW_FRAME_SIGN,492,80.557000
RAW_FRAME_SIGN,493,104.296000
RAW_FRAME_SIGN,494,54.707000
RAW_FRAME_SIGN,495,78.423000
RAW_FRAME_SIGN,496,56.920000
RAW_FRAME_SIGN,497,54.694000
RAW_FRAME_SIGN,498,99.920000
RAW_FRAME_SIGN,499,54.706000

--- RAW VERIFY ---
RAW_VERIFY,0,27.734000
RAW_VERIFY,1,27.667000
RAW_VERIFY,2,27.667000
RAW_VERIFY,3,27.667000
RAW_VERIFY,4,27.666000
RAW_VERIFY,5,27.667000
RAW_VERIFY,6,27.666000
RAW_VERIFY,7,27.667000
RAW_VERIFY,8,27.667000
RAW_VERIFY,9,27.667000
RAW_VERIFY,10,27.667000
RAW_VERIFY,11,27.667000
RAW_VERIFY,12,27.666000
RAW_VERIFY,13,27.666000
RAW_VERIFY,14,27.666000
RAW_VERIFY,15,27.666000
RAW_VERIFY,16,27.667000
RAW_VERIFY,17,27.667000
RAW_VERIFY,18,27.667000
RAW_VERIFY,19,27.667000
RAW_VERIFY,20,27.666000
RAW_VERIFY,21,27.667000
RAW_VERIFY,22,27.667000
RAW_VERIFY,23,27.667000
RAW_VERIFY,24,27.666000
RAW_VERIFY,25,27.667000
RAW_VERIFY,26,27.667000
RAW_VERIFY,27,27.667000
RAW_VERIFY,28,27.666000
RAW_VERIFY,29,27.666000
RAW_VERIFY,30,27.667000
RAW_VERIFY,31,27.667000
RAW_VERIFY,32,27.666000
RAW_VERIFY,33,27.666000
RAW_VERIFY,34,27.667000
RAW_VERIFY,35,27.667000
RAW_VERIFY,36,27.666000
RAW_VERIFY,37,27.667000
RAW_VERIFY,38,27.666000
RAW_VERIFY,39,27.667000
RAW_VERIFY,40,27.666000
RAW_VERIFY,41,27.667000
RAW_VERIFY,42,27.666000
RAW_VERIFY,43,27.667000
RAW_VERIFY,44,27.666000
RAW_VERIFY,45,27.666000
RAW_VERIFY,46,27.667000
RAW_VERIFY,47,27.666000
RAW_VERIFY,48,27.666000
RAW_VERIFY,49,27.666000
RAW_VERIFY,50,27.666000
RAW_VERIFY,51,27.666000
RAW_VERIFY,52,27.667000
RAW_VERIFY,53,27.666000
RAW_VERIFY,54,27.667000
RAW_VERIFY,55,27.666000
RAW_VERIFY,56,27.667000
RAW_VERIFY,57,27.666000
RAW_VERIFY,58,27.667000
RAW_VERIFY,59,27.666000
RAW_VERIFY,60,27.667000
RAW_VERIFY,61,27.667000
RAW_VERIFY,62,27.667000
RAW_VERIFY,63,27.667000
RAW_VERIFY,64,27.667000
RAW_VERIFY,65,27.667000
RAW_VERIFY,66,27.667000
RAW_VERIFY,67,27.667000
RAW_VERIFY,68,27.666000
RAW_VERIFY,69,27.667000
RAW_VERIFY,70,27.666000
RAW_VERIFY,71,27.666000
RAW_VERIFY,72,27.667000
RAW_VERIFY,73,27.667000
RAW_VERIFY,74,27.667000
RAW_VERIFY,75,27.666000
RAW_VERIFY,76,27.667000
RAW_VERIFY,77,27.667000
RAW_VERIFY,78,27.667000
RAW_VERIFY,79,27.667000
RAW_VERIFY,80,27.667000
RAW_VERIFY,81,27.667000
RAW_VERIFY,82,27.667000
RAW_VERIFY,83,27.667000
RAW_VERIFY,84,27.666000
RAW_VERIFY,85,27.667000
RAW_VERIFY,86,27.666000
RAW_VERIFY,87,27.667000
RAW_VERIFY,88,27.666000
RAW_VERIFY,89,27.666000
RAW_VERIFY,90,27.667000
RAW_VERIFY,91,27.666000
RAW_VERIFY,92,27.667000
RAW_VERIFY,93,27.667000
RAW_VERIFY,94,27.667000
RAW_VERIFY,95,27.667000
RAW_VERIFY,96,27.667000
RAW_VERIFY,97,27.667000
RAW_VERIFY,98,27.667000
RAW_VERIFY,99,27.667000
RAW_VERIFY,100,27.666000
RAW_VERIFY,101,27.667000
RAW_VERIFY,102,27.666000
RAW_VERIFY,103,27.667000
RAW_VERIFY,104,27.666000
RAW_VERIFY,105,27.667000
RAW_VERIFY,106,27.666000
RAW_VERIFY,107,27.666000
RAW_VERIFY,108,27.667000
RAW_VERIFY,109,27.667000
RAW_VERIFY,110,27.667000
RAW_VERIFY,111,27.667000
RAW_VERIFY,112,27.667000
RAW_VERIFY,113,27.667000
RAW_VERIFY,114,27.667000
RAW_VERIFY,115,27.667000
RAW_VERIFY,116,27.667000
RAW_VERIFY,117,27.667000
RAW_VERIFY,118,27.666000
RAW_VERIFY,119,27.667000
RAW_VERIFY,120,27.666000
RAW_VERIFY,121,27.667000
RAW_VERIFY,122,27.666000
RAW_VERIFY,123,27.667000
RAW_VERIFY,124,27.667000
RAW_VERIFY,125,27.667000
RAW_VERIFY,126,27.667000
RAW_VERIFY,127,27.667000
RAW_VERIFY,128,27.667000
RAW_VERIFY,129,27.667000
RAW_VERIFY,130,27.667000
RAW_VERIFY,131,27.667000
RAW_VERIFY,132,27.666000
RAW_VERIFY,133,27.667000
RAW_VERIFY,134,27.666000
RAW_VERIFY,135,27.667000
RAW_VERIFY,136,27.667000
RAW_VERIFY,137,27.667000
RAW_VERIFY,138,27.667000
RAW_VERIFY,139,27.667000
RAW_VERIFY,140,27.666000
RAW_VERIFY,141,27.666000
RAW_VERIFY,142,27.666000
RAW_VERIFY,143,27.666000
RAW_VERIFY,144,27.667000
RAW_VERIFY,145,27.667000
RAW_VERIFY,146,27.667000
RAW_VERIFY,147,27.667000
RAW_VERIFY,148,27.666000
RAW_VERIFY,149,27.667000
RAW_VERIFY,150,27.666000
RAW_VERIFY,151,27.667000
RAW_VERIFY,152,27.666000
RAW_VERIFY,153,27.667000
RAW_VERIFY,154,27.667000
RAW_VERIFY,155,27.667000
RAW_VERIFY,156,27.666000
RAW_VERIFY,157,27.667000
RAW_VERIFY,158,27.666000
RAW_VERIFY,159,27.666000
RAW_VERIFY,160,27.666000
RAW_VERIFY,161,27.667000
RAW_VERIFY,162,27.667000
RAW_VERIFY,163,27.667000
RAW_VERIFY,164,27.666000
RAW_VERIFY,165,27.667000
RAW_VERIFY,166,27.666000
RAW_VERIFY,167,27.667000
RAW_VERIFY,168,27.666000
RAW_VERIFY,169,27.667000
RAW_VERIFY,170,27.666000
RAW_VERIFY,171,27.667000
RAW_VERIFY,172,27.666000
RAW_VERIFY,173,27.666000
RAW_VERIFY,174,27.666000
RAW_VERIFY,175,27.666000
RAW_VERIFY,176,27.666000
RAW_VERIFY,177,27.666000
RAW_VERIFY,178,27.666000
RAW_VERIFY,179,27.666000
RAW_VERIFY,180,27.667000
RAW_VERIFY,181,27.667000
RAW_VERIFY,182,27.666000
RAW_VERIFY,183,27.667000
RAW_VERIFY,184,27.666000
RAW_VERIFY,185,27.667000
RAW_VERIFY,186,27.666000
RAW_VERIFY,187,27.667000
RAW_VERIFY,188,27.668000
RAW_VERIFY,189,27.667000
RAW_VERIFY,190,27.666000
RAW_VERIFY,191,27.666000
RAW_VERIFY,192,27.666000
RAW_VERIFY,193,27.667000
RAW_VERIFY,194,27.666000
RAW_VERIFY,195,27.666000
RAW_VERIFY,196,27.667000
RAW_VERIFY,197,27.667000
RAW_VERIFY,198,27.667000
RAW_VERIFY,199,27.666000
RAW_VERIFY,200,27.666000
RAW_VERIFY,201,27.666000
RAW_VERIFY,202,27.666000
RAW_VERIFY,203,27.666000
RAW_VERIFY,204,27.666000
RAW_VERIFY,205,27.666000
RAW_VERIFY,206,27.666000
RAW_VERIFY,207,27.666000
RAW_VERIFY,208,27.666000
RAW_VERIFY,209,27.666000
RAW_VERIFY,210,27.666000
RAW_VERIFY,211,27.666000
RAW_VERIFY,212,27.667000
RAW_VERIFY,213,27.666000
RAW_VERIFY,214,27.667000
RAW_VERIFY,215,27.666000
RAW_VERIFY,216,27.667000
RAW_VERIFY,217,27.666000
RAW_VERIFY,218,27.666000
RAW_VERIFY,219,27.666000
RAW_VERIFY,220,27.667000
RAW_VERIFY,221,27.667000
RAW_VERIFY,222,27.666000
RAW_VERIFY,223,27.666000
RAW_VERIFY,224,27.667000
RAW_VERIFY,225,27.667000
RAW_VERIFY,226,27.666000
RAW_VERIFY,227,27.666000
RAW_VERIFY,228,27.667000
RAW_VERIFY,229,27.667000
RAW_VERIFY,230,27.667000
RAW_VERIFY,231,27.666000
RAW_VERIFY,232,27.667000
RAW_VERIFY,233,27.667000
RAW_VERIFY,234,27.667000
RAW_VERIFY,235,27.666000
RAW_VERIFY,236,27.666000
RAW_VERIFY,237,27.666000
RAW_VERIFY,238,27.666000
RAW_VERIFY,239,27.666000
RAW_VERIFY,240,27.666000
RAW_VERIFY,241,27.666000
RAW_VERIFY,242,27.666000
RAW_VERIFY,243,27.666000
RAW_VERIFY,244,27.667000
RAW_VERIFY,245,27.666000
RAW_VERIFY,246,27.667000
RAW_VERIFY,247,27.666000
RAW_VERIFY,248,27.667000
RAW_VERIFY,249,27.666000
RAW_VERIFY,250,27.667000
RAW_VERIFY,251,27.666000
RAW_VERIFY,252,27.667000
RAW_VERIFY,253,27.667000
RAW_VERIFY,254,27.666000
RAW_VERIFY,255,27.666000
RAW_VERIFY,256,27.667000
RAW_VERIFY,257,27.667000
RAW_VERIFY,258,27.666000
RAW_VERIFY,259,27.666000
RAW_VERIFY,260,27.667000
RAW_VERIFY,261,27.667000
RAW_VERIFY,262,27.667000
RAW_VERIFY,263,27.666000
RAW_VERIFY,264,27.667000
RAW_VERIFY,265,27.667000
RAW_VERIFY,266,27.667000
RAW_VERIFY,267,27.666000
RAW_VERIFY,268,27.667000
RAW_VERIFY,269,27.667000
RAW_VERIFY,270,27.667000
RAW_VERIFY,271,27.667000
RAW_VERIFY,272,27.666000
RAW_VERIFY,273,27.666000
RAW_VERIFY,274,27.666000
RAW_VERIFY,275,27.666000
RAW_VERIFY,276,27.667000
RAW_VERIFY,277,27.666000
RAW_VERIFY,278,27.667000
RAW_VERIFY,279,27.666000
RAW_VERIFY,280,27.667000
RAW_VERIFY,281,27.666000
RAW_VERIFY,282,27.666000
RAW_VERIFY,283,27.666000
RAW_VERIFY,284,27.667000
RAW_VERIFY,285,27.667000
RAW_VERIFY,286,27.667000
RAW_VERIFY,287,27.667000
RAW_VERIFY,288,27.667000
RAW_VERIFY,289,27.667000
RAW_VERIFY,290,27.666000
RAW_VERIFY,291,27.666000
RAW_VERIFY,292,27.667000
RAW_VERIFY,293,27.667000
RAW_VERIFY,294,27.667000
RAW_VERIFY,295,27.666000
RAW_VERIFY,296,27.667000
RAW_VERIFY,297,27.667000
RAW_VERIFY,298,27.667000
RAW_VERIFY,299,27.666000
RAW_VERIFY,300,27.667000
RAW_VERIFY,301,27.667000
RAW_VERIFY,302,27.667000
RAW_VERIFY,303,27.667000
RAW_VERIFY,304,27.667000
RAW_VERIFY,305,27.667000
RAW_VERIFY,306,27.667000
RAW_VERIFY,307,27.667000
RAW_VERIFY,308,27.666000
RAW_VERIFY,309,27.666000
RAW_VERIFY,310,27.667000
RAW_VERIFY,311,27.666000
RAW_VERIFY,312,27.667000
RAW_VERIFY,313,27.666000
RAW_VERIFY,314,27.667000
RAW_VERIFY,315,27.666000
RAW_VERIFY,316,27.667000
RAW_VERIFY,317,27.667000
RAW_VERIFY,318,27.667000
RAW_VERIFY,319,27.667000
RAW_VERIFY,320,27.667000
RAW_VERIFY,321,27.667000
RAW_VERIFY,322,27.667000
RAW_VERIFY,323,27.667000
RAW_VERIFY,324,27.666000
RAW_VERIFY,325,27.667000
RAW_VERIFY,326,27.666000
RAW_VERIFY,327,27.666000
RAW_VERIFY,328,27.667000
RAW_VERIFY,329,27.667000
RAW_VERIFY,330,27.667000
RAW_VERIFY,331,27.667000
RAW_VERIFY,332,27.667000
RAW_VERIFY,333,27.667000
RAW_VERIFY,334,27.667000
RAW_VERIFY,335,27.667000
RAW_VERIFY,336,27.667000
RAW_VERIFY,337,27.667000
RAW_VERIFY,338,27.667000
RAW_VERIFY,339,27.667000
RAW_VERIFY,340,27.666000
RAW_VERIFY,341,27.667000
RAW_VERIFY,342,27.666000
RAW_VERIFY,343,27.667000
RAW_VERIFY,344,27.666000
RAW_VERIFY,345,27.666000
RAW_VERIFY,346,27.666000
RAW_VERIFY,347,27.666000
RAW_VERIFY,348,27.667000
RAW_VERIFY,349,27.667000
RAW_VERIFY,350,27.666000
RAW_VERIFY,351,27.666000
RAW_VERIFY,352,27.667000
RAW_VERIFY,353,27.667000
RAW_VERIFY,354,27.666000
RAW_VERIFY,355,27.666000
RAW_VERIFY,356,27.667000
RAW_VERIFY,357,27.667000
RAW_VERIFY,358,27.667000
RAW_VERIFY,359,27.666000
RAW_VERIFY,360,27.667000
RAW_VERIFY,361,27.667000
RAW_VERIFY,362,27.667000
RAW_VERIFY,363,27.666000
RAW_VERIFY,364,27.667000
RAW_VERIFY,365,27.667000
RAW_VERIFY,366,27.667000
RAW_VERIFY,367,27.667000
RAW_VERIFY,368,27.667000
RAW_VERIFY,369,27.667000
RAW_VERIFY,370,27.667000
RAW_VERIFY,371,27.667000
RAW_VERIFY,372,27.666000
RAW_VERIFY,373,27.667000
RAW_VERIFY,374,27.667000
RAW_VERIFY,375,27.667000
RAW_VERIFY,376,27.667000
RAW_VERIFY,377,27.667000
RAW_VERIFY,378,27.667000
RAW_VERIFY,379,27.667000
RAW_VERIFY,380,27.666000
RAW_VERIFY,381,27.666000
RAW_VERIFY,382,27.666000
RAW_VERIFY,383,27.666000
RAW_VERIFY,384,27.667000
RAW_VERIFY,385,27.667000
RAW_VERIFY,386,27.666000
RAW_VERIFY,387,27.666000
RAW_VERIFY,388,27.667000
RAW_VERIFY,389,27.667000
RAW_VERIFY,390,27.667000
RAW_VERIFY,391,27.666000
RAW_VERIFY,392,27.667000
RAW_VERIFY,393,27.667000
RAW_VERIFY,394,27.667000
RAW_VERIFY,395,27.666000
RAW_VERIFY,396,27.667000
RAW_VERIFY,397,27.667000
RAW_VERIFY,398,27.667000
RAW_VERIFY,399,27.667000
RAW_VERIFY,400,27.667000
RAW_VERIFY,401,27.667000
RAW_VERIFY,402,27.667000
RAW_VERIFY,403,27.667000
RAW_VERIFY,404,27.666000
RAW_VERIFY,405,27.667000
RAW_VERIFY,406,27.667000
RAW_VERIFY,407,27.667000
RAW_VERIFY,408,27.666000
RAW_VERIFY,409,27.667000
RAW_VERIFY,410,27.667000
RAW_VERIFY,411,27.667000
RAW_VERIFY,412,27.666000
RAW_VERIFY,413,27.666000
RAW_VERIFY,414,27.667000
RAW_VERIFY,415,27.667000
RAW_VERIFY,416,27.666000
RAW_VERIFY,417,27.666000
RAW_VERIFY,418,27.666000
RAW_VERIFY,419,27.666000
RAW_VERIFY,420,27.667000
RAW_VERIFY,421,27.667000
RAW_VERIFY,422,27.667000
RAW_VERIFY,423,27.666000
RAW_VERIFY,424,27.667000
RAW_VERIFY,425,27.667000
RAW_VERIFY,426,27.667000
RAW_VERIFY,427,27.666000
RAW_VERIFY,428,27.667000
RAW_VERIFY,429,27.667000
RAW_VERIFY,430,27.667000
RAW_VERIFY,431,27.667000
RAW_VERIFY,432,27.667000
RAW_VERIFY,433,27.667000
RAW_VERIFY,434,27.667000
RAW_VERIFY,435,27.667000
RAW_VERIFY,436,27.666000
RAW_VERIFY,437,27.667000
RAW_VERIFY,438,27.668000
RAW_VERIFY,439,27.667000
RAW_VERIFY,440,27.667000
RAW_VERIFY,441,27.667000
RAW_VERIFY,442,27.667000
RAW_VERIFY,443,27.667000
RAW_VERIFY,444,27.666000
RAW_VERIFY,445,27.666000
RAW_VERIFY,446,27.667000
RAW_VERIFY,447,27.667000
RAW_VERIFY,448,27.667000
RAW_VERIFY,449,27.667000
RAW_VERIFY,450,27.667000
RAW_VERIFY,451,27.667000
RAW_VERIFY,452,27.666000
RAW_VERIFY,453,27.666000
RAW_VERIFY,454,27.666000
RAW_VERIFY,455,27.666000
RAW_VERIFY,456,27.667000
RAW_VERIFY,457,27.667000
RAW_VERIFY,458,27.667000
RAW_VERIFY,459,27.666000
RAW_VERIFY,460,27.667000
RAW_VERIFY,461,27.667000
RAW_VERIFY,462,27.667000
RAW_VERIFY,463,27.667000
RAW_VERIFY,464,27.667000
RAW_VERIFY,465,27.667000
RAW_VERIFY,466,27.667000
RAW_VERIFY,467,27.667000
RAW_VERIFY,468,27.666000
RAW_VERIFY,469,27.667000
RAW_VERIFY,470,27.666000
RAW_VERIFY,471,27.667000
RAW_VERIFY,472,27.666000
RAW_VERIFY,473,27.667000
RAW_VERIFY,474,27.667000
RAW_VERIFY,475,27.667000
RAW_VERIFY,476,27.666000
RAW_VERIFY,477,27.666000
RAW_VERIFY,478,27.667000
RAW_VERIFY,479,27.667000
RAW_VERIFY,480,27.666000
RAW_VERIFY,481,27.666000
RAW_VERIFY,482,27.667000
RAW_VERIFY,483,27.667000
RAW_VERIFY,484,27.666000
RAW_VERIFY,485,27.666000
RAW_VERIFY,486,27.666000
RAW_VERIFY,487,27.667000
RAW_VERIFY,488,27.666000
RAW_VERIFY,489,27.666000
RAW_VERIFY,490,27.666000
RAW_VERIFY,491,27.666000
RAW_VERIFY,492,27.666000
RAW_VERIFY,493,27.666000
RAW_VERIFY,494,27.666000
RAW_VERIFY,495,27.666000
RAW_VERIFY,496,27.666000
RAW_VERIFY,497,27.666000
RAW_VERIFY,498,27.666000
RAW_VERIFY,499,27.666000

--- FINAL JSON ---
{"platform":"esp32","algorithm":"ML-DSA-65","pqclean_commit":"0586a824fc0d49df0b6b6e9179d8d15d06d0974f","cpu_mhz":240,"kappa_bytes":48,"pk_bytes":1952,"sk_bytes":4032,"sig_bytes":3309,"frame_sign_input_bytes":7353,"n_sign":500,"n_frame_sign":500,"n_verify":500,"sign_core_mean_ms":82.008504,"sign_core_sd_ms":51.994296,"sign_core_p95_ms":178.399050,"sign_core_p99_ms":298.903220,"sign_core_max_ms":378.284000,"framework_sign_mean_ms":94.907274,"framework_sign_sd_ms":62.446717,"framework_sign_p95_ms":209.744250,"framework_sign_p99_ms":345.694720,"framework_sign_max_ms":578.194000,"verify_mean_ms":27.666736,"verify_sd_ms":0.003052,"verify_p95_ms":27.667000,"verify_p99_ms":27.667000,"verify_max_ms":27.734000,"heap_free":147572,"heap_min":116212}

ESP32_FINAL_BENCHMARK_OK
