[PLATFORM] ESP32 | 240 MHz | 2 core | SDK v5.5.5
[PLATFORM] flash=4194304 B heap=250480 B

==============================================
 PQ-CBAS-DSH ESP32 FINAL BENCHMARK
==============================================
PQClean commit : 0586a824fc0d49df0b6b6e9179d8d15d06d0974f
Algorithm      : ML-DSA-65
kappa          : 384 bit / 48 B
pk/sk/sig      : 1952 / 4032 / 3309 B
frame input    : 7353 B
CPU            : 240 MHz

[1/6] keypair n=20
[2/6] SHAKE256 DSH n=200 input=7353 B output=48 B
[3/6] ML-DSA sign core n=500
[4/6] framework sign n=500
[5/6] verify n=500
[6/6] sequential verify m=1,2,5,10

--- SUMMARY ---
keypair            mean=27.480000 sd=0.176334 min=27.417000 max=28.032000 ms
DSH-48             mean=6.111595 sd=0.002400 min=6.110000 max=6.132000 ms
sign-core          n=500 mean=88.213454 sd=50.259852 min=37.825000 p95=193.077650 p99=249.049950 max=326.680000 ms
framework-sign     n=500 mean=93.770204 sd=56.167694 min=43.934000 p95=207.728550 p99=300.478460 max=401.402000 ms
verify             n=500 mean=27.668144 sd=0.003039 min=27.668000 p95=27.668000 p99=27.668010 max=27.736000 ms

--- SEQUENTIAL VERIFY (not AggVerify) ---
m=1 n=10 mean=27.669200 sd=0.004285 min=27.667000 max=27.682000 ms per_tuple=27.669200 ms
m=2 n=10 mean=55.338200 sd=0.000400 min=55.338000 max=55.339000 ms per_tuple=27.669100 ms
m=5 n=10 mean=138.327600 sd=0.000917 min=138.327000 max=138.330000 ms per_tuple=27.665520 ms
m=10 n=10 mean=276.643400 sd=0.000663 min=276.643000 max=276.645000 ms per_tuple=27.664340 ms

--- RAW SIGN CORE ---
RAW_SIGN,0,117.691000
RAW_SIGN,1,37.842000
RAW_SIGN,2,300.736000
RAW_SIGN,3,72.262000
RAW_SIGN,4,74.467000
RAW_SIGN,5,37.842000
RAW_SIGN,6,50.822000
RAW_SIGN,7,50.777000
RAW_SIGN,8,85.210000
RAW_SIGN,9,61.580000
RAW_SIGN,10,72.312000
RAW_SIGN,11,85.267000
RAW_SIGN,12,85.266000
RAW_SIGN,13,137.029000
RAW_SIGN,14,74.463000
RAW_SIGN,15,182.195000
RAW_SIGN,16,37.841000
RAW_SIGN,17,87.451000
RAW_SIGN,18,124.088000
RAW_SIGN,19,61.533000
RAW_SIGN,20,50.806000
RAW_SIGN,21,37.841000
RAW_SIGN,22,37.841000
RAW_SIGN,23,74.451000
RAW_SIGN,24,152.196000
RAW_SIGN,25,59.365000
RAW_SIGN,26,93.754000
RAW_SIGN,27,85.254000
RAW_SIGN,28,37.840000
RAW_SIGN,29,121.947000
RAW_SIGN,30,164.916000
RAW_SIGN,31,50.800000
RAW_SIGN,32,231.573000
RAW_SIGN,33,130.418000
RAW_SIGN,34,102.318000
RAW_SIGN,35,121.852000
RAW_SIGN,36,98.154000
RAW_SIGN,37,37.841000
RAW_SIGN,38,61.529000
RAW_SIGN,39,132.636000
RAW_SIGN,40,72.277000
RAW_SIGN,41,160.720000
RAW_SIGN,42,48.576000
RAW_SIGN,43,98.098000
RAW_SIGN,44,37.842000
RAW_SIGN,45,37.840000
RAW_SIGN,46,156.365000
RAW_SIGN,47,37.841000
RAW_SIGN,48,48.588000
RAW_SIGN,49,50.775000
RAW_SIGN,50,111.138000
RAW_SIGN,51,50.819000
RAW_SIGN,52,50.808000
RAW_SIGN,53,37.840000
RAW_SIGN,54,48.595000
RAW_SIGN,55,59.367000
RAW_SIGN,56,37.841000
RAW_SIGN,57,287.517000
RAW_SIGN,58,48.575000
RAW_SIGN,59,74.446000
RAW_SIGN,60,50.773000
RAW_SIGN,61,37.841000
RAW_SIGN,62,121.946000
RAW_SIGN,63,61.523000
RAW_SIGN,64,87.438000
RAW_SIGN,65,119.672000
RAW_SIGN,66,72.282000
RAW_SIGN,67,74.466000
RAW_SIGN,68,182.269000
RAW_SIGN,69,50.795000
RAW_SIGN,70,50.804000
RAW_SIGN,71,37.841000
RAW_SIGN,72,74.470000
RAW_SIGN,73,50.782000
RAW_SIGN,74,98.205000
RAW_SIGN,75,37.841000
RAW_SIGN,76,61.549000
RAW_SIGN,77,89.661000
RAW_SIGN,78,61.515000
RAW_SIGN,79,83.030000
RAW_SIGN,80,48.586000
RAW_SIGN,81,141.096000
RAW_SIGN,82,48.582000
RAW_SIGN,83,98.242000
RAW_SIGN,84,109.004000
RAW_SIGN,85,100.363000
RAW_SIGN,86,72.274000
RAW_SIGN,87,37.841000
RAW_SIGN,88,130.466000
RAW_SIGN,89,37.842000
RAW_SIGN,90,119.681000
RAW_SIGN,91,74.437000
RAW_SIGN,92,203.736000
RAW_SIGN,93,83.000000
RAW_SIGN,94,59.319000
RAW_SIGN,95,37.841000
RAW_SIGN,96,132.631000
RAW_SIGN,97,277.101000
RAW_SIGN,98,134.885000
RAW_SIGN,99,37.840000
RAW_SIGN,100,169.260000
RAW_SIGN,101,100.314000
RAW_SIGN,102,61.522000
RAW_SIGN,103,95.998000
RAW_SIGN,104,61.544000
RAW_SIGN,105,37.841000
RAW_SIGN,106,124.056000
RAW_SIGN,107,121.859000
RAW_SIGN,108,74.496000
RAW_SIGN,109,122.102000
RAW_SIGN,110,50.797000
RAW_SIGN,111,98.125000
RAW_SIGN,112,61.533000
RAW_SIGN,113,37.841000
RAW_SIGN,114,37.841000
RAW_SIGN,115,61.541000
RAW_SIGN,116,50.774000
RAW_SIGN,117,158.482000
RAW_SIGN,118,37.841000
RAW_SIGN,119,76.750000
RAW_SIGN,120,72.279000
RAW_SIGN,121,72.280000
RAW_SIGN,122,102.545000
RAW_SIGN,123,37.841000
RAW_SIGN,124,85.277000
RAW_SIGN,125,50.780000
RAW_SIGN,126,162.891000
RAW_SIGN,127,37.841000
RAW_SIGN,128,111.091000
RAW_SIGN,129,37.841000
RAW_SIGN,130,50.794000
RAW_SIGN,131,83.054000
RAW_SIGN,132,61.542000
RAW_SIGN,133,246.837000
RAW_SIGN,134,61.534000
RAW_SIGN,135,37.841000
RAW_SIGN,136,61.539000
RAW_SIGN,137,63.760000
RAW_SIGN,138,70.105000
RAW_SIGN,139,48.594000
RAW_SIGN,140,48.597000
RAW_SIGN,141,87.407000
RAW_SIGN,142,149.921000
RAW_SIGN,143,192.972000
RAW_SIGN,144,100.305000
RAW_SIGN,145,37.841000
RAW_SIGN,146,37.840000
RAW_SIGN,147,98.173000
RAW_SIGN,148,61.559000
RAW_SIGN,149,72.296000
RAW_SIGN,150,50.784000
RAW_SIGN,151,242.606000
RAW_SIGN,152,50.813000
RAW_SIGN,153,74.468000
RAW_SIGN,154,85.213000
RAW_SIGN,155,85.227000
RAW_SIGN,156,48.597000
RAW_SIGN,157,59.322000
RAW_SIGN,158,72.275000
RAW_SIGN,159,100.413000
RAW_SIGN,160,171.129000
RAW_SIGN,161,74.500000
RAW_SIGN,162,98.183000
RAW_SIGN,163,61.549000
RAW_SIGN,164,59.339000
RAW_SIGN,165,111.076000
RAW_SIGN,166,61.584000
RAW_SIGN,167,59.369000
RAW_SIGN,168,216.660000
RAW_SIGN,169,50.793000
RAW_SIGN,170,37.842000
RAW_SIGN,171,37.841000
RAW_SIGN,172,111.061000
RAW_SIGN,173,37.842000
RAW_SIGN,174,63.694000
RAW_SIGN,175,48.586000
RAW_SIGN,176,171.483000
RAW_SIGN,177,134.875000
RAW_SIGN,178,61.533000
RAW_SIGN,179,98.145000
RAW_SIGN,180,59.342000
RAW_SIGN,181,48.581000
RAW_SIGN,182,48.571000
RAW_SIGN,183,85.277000
RAW_SIGN,184,156.340000
RAW_SIGN,185,124.120000
RAW_SIGN,186,119.690000
RAW_SIGN,187,37.841000
RAW_SIGN,188,48.614000
RAW_SIGN,189,154.073000
RAW_SIGN,190,134.781000
RAW_SIGN,191,96.037000
RAW_SIGN,192,98.206000
RAW_SIGN,193,50.766000
RAW_SIGN,194,326.680000
RAW_SIGN,195,63.763000
RAW_SIGN,196,158.550000
RAW_SIGN,197,37.841000
RAW_SIGN,198,139.232000
RAW_SIGN,199,175.621000
RAW_SIGN,200,87.426000
RAW_SIGN,201,158.598000
RAW_SIGN,202,132.641000
RAW_SIGN,203,96.041000
RAW_SIGN,204,121.849000
RAW_SIGN,205,132.611000
RAW_SIGN,206,169.194000
RAW_SIGN,207,87.428000
RAW_SIGN,208,96.034000
RAW_SIGN,209,61.543000
RAW_SIGN,210,85.259000
RAW_SIGN,211,238.364000
RAW_SIGN,212,98.134000
RAW_SIGN,213,37.842000
RAW_SIGN,214,72.299000
RAW_SIGN,215,74.465000
RAW_SIGN,216,37.841000
RAW_SIGN,217,61.531000
RAW_SIGN,218,87.449000
RAW_SIGN,219,37.841000
RAW_SIGN,220,139.009000
RAW_SIGN,221,37.841000
RAW_SIGN,222,61.528000
RAW_SIGN,223,257.460000
RAW_SIGN,224,74.487000
RAW_SIGN,225,87.470000
RAW_SIGN,226,37.841000
RAW_SIGN,227,37.841000
RAW_SIGN,228,37.842000
RAW_SIGN,229,59.373000
RAW_SIGN,230,37.841000
RAW_SIGN,231,111.089000
RAW_SIGN,232,72.317000
RAW_SIGN,233,119.674000
RAW_SIGN,234,63.696000
RAW_SIGN,235,117.569000
RAW_SIGN,236,96.017000
RAW_SIGN,237,83.059000
RAW_SIGN,238,95.988000
RAW_SIGN,239,126.322000
RAW_SIGN,240,61.542000
RAW_SIGN,241,37.841000
RAW_SIGN,242,50.776000
RAW_SIGN,243,72.276000
RAW_SIGN,244,61.540000
RAW_SIGN,245,115.271000
RAW_SIGN,246,59.364000
RAW_SIGN,247,61.568000
RAW_SIGN,248,37.842000
RAW_SIGN,249,37.841000
RAW_SIGN,250,72.306000
RAW_SIGN,251,87.369000
RAW_SIGN,252,98.144000
RAW_SIGN,253,50.786000
RAW_SIGN,254,130.378000
RAW_SIGN,255,80.845000
RAW_SIGN,256,126.252000
RAW_SIGN,257,61.507000
RAW_SIGN,258,48.573000
RAW_SIGN,259,190.809000
RAW_SIGN,260,59.361000
RAW_SIGN,261,218.845000
RAW_SIGN,262,111.074000
RAW_SIGN,263,221.066000
RAW_SIGN,264,63.761000
RAW_SIGN,265,74.474000
RAW_SIGN,266,85.199000
RAW_SIGN,267,48.573000
RAW_SIGN,268,87.418000
RAW_SIGN,269,50.765000
RAW_SIGN,270,48.588000
RAW_SIGN,271,72.316000
RAW_SIGN,272,48.598000
RAW_SIGN,273,37.841000
RAW_SIGN,274,48.585000
RAW_SIGN,275,48.609000
RAW_SIGN,276,72.269000
RAW_SIGN,277,48.605000
RAW_SIGN,278,106.717000
RAW_SIGN,279,95.975000
RAW_SIGN,280,37.825000
RAW_SIGN,281,63.723000
RAW_SIGN,282,48.581000
RAW_SIGN,283,102.358000
RAW_SIGN,284,50.764000
RAW_SIGN,285,50.783000
RAW_SIGN,286,132.608000
RAW_SIGN,287,186.424000
RAW_SIGN,288,98.125000
RAW_SIGN,289,83.049000
RAW_SIGN,290,98.120000
RAW_SIGN,291,37.841000
RAW_SIGN,292,160.730000
RAW_SIGN,293,37.842000
RAW_SIGN,294,83.066000
RAW_SIGN,295,61.568000
RAW_SIGN,296,117.498000
RAW_SIGN,297,37.842000
RAW_SIGN,298,145.616000
RAW_SIGN,299,104.601000
RAW_SIGN,300,76.690000
RAW_SIGN,301,48.599000
RAW_SIGN,302,83.016000
RAW_SIGN,303,50.795000
RAW_SIGN,304,83.036000
RAW_SIGN,305,37.840000
RAW_SIGN,306,61.497000
RAW_SIGN,307,74.531000
RAW_SIGN,308,37.841000
RAW_SIGN,309,37.841000
RAW_SIGN,310,37.841000
RAW_SIGN,311,48.616000
RAW_SIGN,312,167.092000
RAW_SIGN,313,160.651000
RAW_SIGN,314,72.319000
RAW_SIGN,315,203.687000
RAW_SIGN,316,37.841000
RAW_SIGN,317,48.582000
RAW_SIGN,318,37.841000
RAW_SIGN,319,123.860000
RAW_SIGN,320,37.842000
RAW_SIGN,321,61.530000
RAW_SIGN,322,203.624000
RAW_SIGN,323,98.170000
RAW_SIGN,324,100.642000
RAW_SIGN,325,61.563000
RAW_SIGN,326,132.571000
RAW_SIGN,327,48.579000
RAW_SIGN,328,74.474000
RAW_SIGN,329,121.848000
RAW_SIGN,330,98.143000
RAW_SIGN,331,50.785000
RAW_SIGN,332,89.567000
RAW_SIGN,333,50.814000
RAW_SIGN,334,225.258000
RAW_SIGN,335,177.868000
RAW_SIGN,336,104.523000
RAW_SIGN,337,147.810000
RAW_SIGN,338,63.730000
RAW_SIGN,339,163.011000
RAW_SIGN,340,156.361000
RAW_SIGN,341,37.841000
RAW_SIGN,342,100.376000
RAW_SIGN,343,61.533000
RAW_SIGN,344,50.779000
RAW_SIGN,345,124.057000
RAW_SIGN,346,74.488000
RAW_SIGN,347,195.085000
RAW_SIGN,348,61.525000
RAW_SIGN,349,61.543000
RAW_SIGN,350,152.134000
RAW_SIGN,351,119.700000
RAW_SIGN,352,141.235000
RAW_SIGN,353,104.525000
RAW_SIGN,354,98.195000
RAW_SIGN,355,134.878000
RAW_SIGN,356,50.807000
RAW_SIGN,357,98.230000
RAW_SIGN,358,121.931000
RAW_SIGN,359,37.840000
RAW_SIGN,360,37.841000
RAW_SIGN,361,95.980000
RAW_SIGN,362,37.826000
RAW_SIGN,363,37.841000
RAW_SIGN,364,37.841000
RAW_SIGN,365,238.215000
RAW_SIGN,366,126.285000
RAW_SIGN,367,50.800000
RAW_SIGN,368,50.773000
RAW_SIGN,369,74.507000
RAW_SIGN,370,85.273000
RAW_SIGN,371,37.841000
RAW_SIGN,372,37.840000
RAW_SIGN,373,85.219000
RAW_SIGN,374,50.780000
RAW_SIGN,375,167.065000
RAW_SIGN,376,124.097000
RAW_SIGN,377,59.385000
RAW_SIGN,378,160.697000
RAW_SIGN,379,37.841000
RAW_SIGN,380,98.134000
RAW_SIGN,381,61.570000
RAW_SIGN,382,98.120000
RAW_SIGN,383,63.745000
RAW_SIGN,384,117.473000
RAW_SIGN,385,61.535000
RAW_SIGN,386,216.703000
RAW_SIGN,387,98.168000
RAW_SIGN,388,37.841000
RAW_SIGN,389,87.490000
RAW_SIGN,390,137.002000
RAW_SIGN,391,37.841000
RAW_SIGN,392,74.462000
RAW_SIGN,393,37.841000
RAW_SIGN,394,48.599000
RAW_SIGN,395,96.038000
RAW_SIGN,396,37.843000
RAW_SIGN,397,63.743000
RAW_SIGN,398,48.581000
RAW_SIGN,399,76.675000
RAW_SIGN,400,48.595000
RAW_SIGN,401,115.223000
RAW_SIGN,402,50.773000
RAW_SIGN,403,50.781000
RAW_SIGN,404,72.235000
RAW_SIGN,405,74.487000
RAW_SIGN,406,173.479000
RAW_SIGN,407,98.175000
RAW_SIGN,408,119.636000
RAW_SIGN,409,72.269000
RAW_SIGN,410,48.604000
RAW_SIGN,411,143.365000
RAW_SIGN,412,48.617000
RAW_SIGN,413,248.965000
RAW_SIGN,414,152.200000
RAW_SIGN,415,50.812000
RAW_SIGN,416,61.549000
RAW_SIGN,417,37.841000
RAW_SIGN,418,199.609000
RAW_SIGN,419,87.411000
RAW_SIGN,420,48.578000
RAW_SIGN,421,134.889000
RAW_SIGN,422,59.307000
RAW_SIGN,423,61.526000
RAW_SIGN,424,210.257000
RAW_SIGN,425,61.503000
RAW_SIGN,426,61.540000
RAW_SIGN,427,201.402000
RAW_SIGN,428,96.019000
RAW_SIGN,429,106.775000
RAW_SIGN,430,132.569000
RAW_SIGN,431,61.515000
RAW_SIGN,432,37.840000
RAW_SIGN,433,128.460000
RAW_SIGN,434,61.539000
RAW_SIGN,435,108.971000
RAW_SIGN,436,50.796000
RAW_SIGN,437,132.615000
RAW_SIGN,438,37.841000
RAW_SIGN,439,61.531000
RAW_SIGN,440,63.752000
RAW_SIGN,441,63.708000
RAW_SIGN,442,117.518000
RAW_SIGN,443,61.545000
RAW_SIGN,444,70.126000
RAW_SIGN,445,130.452000
RAW_SIGN,446,87.406000
RAW_SIGN,447,37.841000
RAW_SIGN,448,59.352000
RAW_SIGN,449,121.899000
RAW_SIGN,450,72.263000
RAW_SIGN,451,72.288000
RAW_SIGN,452,48.572000
RAW_SIGN,453,37.841000
RAW_SIGN,454,63.752000
RAW_SIGN,455,61.587000
RAW_SIGN,456,63.754000
RAW_SIGN,457,59.321000
RAW_SIGN,458,37.841000
RAW_SIGN,459,37.840000
RAW_SIGN,460,50.781000
RAW_SIGN,461,134.772000
RAW_SIGN,462,74.450000
RAW_SIGN,463,37.841000
RAW_SIGN,464,87.385000
RAW_SIGN,465,87.473000
RAW_SIGN,466,63.729000
RAW_SIGN,467,72.267000
RAW_SIGN,468,59.313000
RAW_SIGN,469,85.211000
RAW_SIGN,470,108.960000
RAW_SIGN,471,102.593000
RAW_SIGN,472,61.519000
RAW_SIGN,473,37.841000
RAW_SIGN,474,201.464000
RAW_SIGN,475,93.755000
RAW_SIGN,476,37.841000
RAW_SIGN,477,134.812000
RAW_SIGN,478,124.063000
RAW_SIGN,479,37.841000
RAW_SIGN,480,37.842000
RAW_SIGN,481,74.460000
RAW_SIGN,482,167.062000
RAW_SIGN,483,121.867000
RAW_SIGN,484,106.698000
RAW_SIGN,485,74.500000
RAW_SIGN,486,37.841000
RAW_SIGN,487,126.069000
RAW_SIGN,488,37.841000
RAW_SIGN,489,74.526000
RAW_SIGN,490,162.831000
RAW_SIGN,491,89.656000
RAW_SIGN,492,126.231000
RAW_SIGN,493,154.071000
RAW_SIGN,494,119.627000
RAW_SIGN,495,111.090000
RAW_SIGN,496,195.120000
RAW_SIGN,497,59.338000
RAW_SIGN,498,48.594000
RAW_SIGN,499,141.160000

--- RAW FRAMEWORK SIGN ---
RAW_FRAME_SIGN,0,175.394000
RAW_FRAME_SIGN,1,106.488000
RAW_FRAME_SIGN,2,177.487000
RAW_FRAME_SIGN,3,207.620000
RAW_FRAME_SIGN,4,91.379000
RAW_FRAME_SIGN,5,136.616000
RAW_FRAME_SIGN,6,69.825000
RAW_FRAME_SIGN,7,69.812000
RAW_FRAME_SIGN,8,43.949000
RAW_FRAME_SIGN,9,138.696000
RAW_FRAME_SIGN,10,67.615000
RAW_FRAME_SIGN,11,287.187000
RAW_FRAME_SIGN,12,168.976000
RAW_FRAME_SIGN,13,151.637000
RAW_FRAME_SIGN,14,69.859000
RAW_FRAME_SIGN,15,80.587000
RAW_FRAME_SIGN,16,56.883000
RAW_FRAME_SIGN,17,43.949000
RAW_FRAME_SIGN,18,127.946000
RAW_FRAME_SIGN,19,99.915000
RAW_FRAME_SIGN,20,65.434000
RAW_FRAME_SIGN,21,80.569000
RAW_FRAME_SIGN,22,110.612000
RAW_FRAME_SIGN,23,147.266000
RAW_FRAME_SIGN,24,56.905000
RAW_FRAME_SIGN,25,179.794000
RAW_FRAME_SIGN,26,254.947000
RAW_FRAME_SIGN,27,65.446000
RAW_FRAME_SIGN,28,89.134000
RAW_FRAME_SIGN,29,69.819000
RAW_FRAME_SIGN,30,67.685000
RAW_FRAME_SIGN,31,121.595000
RAW_FRAME_SIGN,32,78.360000
RAW_FRAME_SIGN,33,43.951000
RAW_FRAME_SIGN,34,166.582000
RAW_FRAME_SIGN,35,69.850000
RAW_FRAME_SIGN,36,201.449000
RAW_FRAME_SIGN,37,69.827000
RAW_FRAME_SIGN,38,67.616000
RAW_FRAME_SIGN,39,89.151000
RAW_FRAME_SIGN,40,102.159000
RAW_FRAME_SIGN,41,149.483000
RAW_FRAME_SIGN,42,43.949000
RAW_FRAME_SIGN,43,188.336000
RAW_FRAME_SIGN,44,78.404000
RAW_FRAME_SIGN,45,56.885000
RAW_FRAME_SIGN,46,69.849000
RAW_FRAME_SIGN,47,56.875000
RAW_FRAME_SIGN,48,54.724000
RAW_FRAME_SIGN,49,102.078000
RAW_FRAME_SIGN,50,119.443000
RAW_FRAME_SIGN,51,67.651000
RAW_FRAME_SIGN,52,145.661000
RAW_FRAME_SIGN,53,104.295000
RAW_FRAME_SIGN,54,177.560000
RAW_FRAME_SIGN,55,142.882000
RAW_FRAME_SIGN,56,203.452000
RAW_FRAME_SIGN,57,89.089000
RAW_FRAME_SIGN,58,162.461000
RAW_FRAME_SIGN,59,54.706000
RAW_FRAME_SIGN,60,115.030000
RAW_FRAME_SIGN,61,43.951000
RAW_FRAME_SIGN,62,69.829000
RAW_FRAME_SIGN,63,54.690000
RAW_FRAME_SIGN,64,80.622000
RAW_FRAME_SIGN,65,91.339000
RAW_FRAME_SIGN,66,147.280000
RAW_FRAME_SIGN,67,89.122000
RAW_FRAME_SIGN,68,117.182000
RAW_FRAME_SIGN,69,54.683000
RAW_FRAME_SIGN,70,112.837000
RAW_FRAME_SIGN,71,43.949000
RAW_FRAME_SIGN,72,67.686000
RAW_FRAME_SIGN,73,91.308000
RAW_FRAME_SIGN,74,65.455000
RAW_FRAME_SIGN,75,212.041000
RAW_FRAME_SIGN,76,251.166000
RAW_FRAME_SIGN,77,65.468000
RAW_FRAME_SIGN,78,56.884000
RAW_FRAME_SIGN,79,106.438000
RAW_FRAME_SIGN,80,56.879000
RAW_FRAME_SIGN,81,56.913000
RAW_FRAME_SIGN,82,67.659000
RAW_FRAME_SIGN,83,186.084000
RAW_FRAME_SIGN,84,54.692000
RAW_FRAME_SIGN,85,89.187000
RAW_FRAME_SIGN,86,43.950000
RAW_FRAME_SIGN,87,112.851000
RAW_FRAME_SIGN,88,205.513000
RAW_FRAME_SIGN,89,130.151000
RAW_FRAME_SIGN,90,80.584000
RAW_FRAME_SIGN,91,56.919000
RAW_FRAME_SIGN,92,67.676000
RAW_FRAME_SIGN,93,194.908000
RAW_FRAME_SIGN,94,43.949000
RAW_FRAME_SIGN,95,117.246000
RAW_FRAME_SIGN,96,56.892000
RAW_FRAME_SIGN,97,76.185000
RAW_FRAME_SIGN,98,43.949000
RAW_FRAME_SIGN,99,78.367000
RAW_FRAME_SIGN,100,78.423000
RAW_FRAME_SIGN,101,138.747000
RAW_FRAME_SIGN,102,117.232000
RAW_FRAME_SIGN,103,179.765000
RAW_FRAME_SIGN,104,56.875000
RAW_FRAME_SIGN,105,140.923000
RAW_FRAME_SIGN,106,67.640000
RAW_FRAME_SIGN,107,56.874000
RAW_FRAME_SIGN,108,54.725000
RAW_FRAME_SIGN,109,43.949000
RAW_FRAME_SIGN,110,99.868000
RAW_FRAME_SIGN,111,78.360000
RAW_FRAME_SIGN,112,112.842000
RAW_FRAME_SIGN,113,56.887000
RAW_FRAME_SIGN,114,56.920000
RAW_FRAME_SIGN,115,110.596000
RAW_FRAME_SIGN,116,43.950000
RAW_FRAME_SIGN,117,138.838000
RAW_FRAME_SIGN,118,95.748000
RAW_FRAME_SIGN,119,80.614000
RAW_FRAME_SIGN,120,43.949000
RAW_FRAME_SIGN,121,97.701000
RAW_FRAME_SIGN,122,56.928000
RAW_FRAME_SIGN,123,125.773000
RAW_FRAME_SIGN,124,132.360000
RAW_FRAME_SIGN,125,43.949000
RAW_FRAME_SIGN,126,78.367000
RAW_FRAME_SIGN,127,56.879000
RAW_FRAME_SIGN,128,313.394000
RAW_FRAME_SIGN,129,54.681000
RAW_FRAME_SIGN,130,43.949000
RAW_FRAME_SIGN,131,125.751000
RAW_FRAME_SIGN,132,89.211000
RAW_FRAME_SIGN,133,69.894000
RAW_FRAME_SIGN,134,156.107000
RAW_FRAME_SIGN,135,89.152000
RAW_FRAME_SIGN,136,82.815000
RAW_FRAME_SIGN,137,91.301000
RAW_FRAME_SIGN,138,78.346000
RAW_FRAME_SIGN,139,67.628000
RAW_FRAME_SIGN,140,69.831000
RAW_FRAME_SIGN,141,138.729000
RAW_FRAME_SIGN,142,263.850000
RAW_FRAME_SIGN,143,67.632000
RAW_FRAME_SIGN,144,80.616000
RAW_FRAME_SIGN,145,69.876000
RAW_FRAME_SIGN,146,149.531000
RAW_FRAME_SIGN,147,91.365000
RAW_FRAME_SIGN,148,151.783000
RAW_FRAME_SIGN,149,125.763000
RAW_FRAME_SIGN,150,56.883000
RAW_FRAME_SIGN,151,65.460000
RAW_FRAME_SIGN,152,43.949000
RAW_FRAME_SIGN,153,401.402000
RAW_FRAME_SIGN,154,67.643000
RAW_FRAME_SIGN,155,151.578000
RAW_FRAME_SIGN,156,364.902000
RAW_FRAME_SIGN,157,82.834000
RAW_FRAME_SIGN,158,102.083000
RAW_FRAME_SIGN,159,65.449000
RAW_FRAME_SIGN,160,80.611000
RAW_FRAME_SIGN,161,56.928000
RAW_FRAME_SIGN,162,78.349000
RAW_FRAME_SIGN,163,67.688000
RAW_FRAME_SIGN,164,43.949000
RAW_FRAME_SIGN,165,56.910000
RAW_FRAME_SIGN,166,67.675000
RAW_FRAME_SIGN,167,56.917000
RAW_FRAME_SIGN,168,119.388000
RAW_FRAME_SIGN,169,69.838000
RAW_FRAME_SIGN,170,56.883000
RAW_FRAME_SIGN,171,54.698000
RAW_FRAME_SIGN,172,93.537000
RAW_FRAME_SIGN,173,56.887000
RAW_FRAME_SIGN,174,78.404000
RAW_FRAME_SIGN,175,56.904000
RAW_FRAME_SIGN,176,78.431000
RAW_FRAME_SIGN,177,56.898000
RAW_FRAME_SIGN,178,54.685000
RAW_FRAME_SIGN,179,82.822000
RAW_FRAME_SIGN,180,43.949000
RAW_FRAME_SIGN,181,54.714000
RAW_FRAME_SIGN,182,332.870000
RAW_FRAME_SIGN,183,104.291000
RAW_FRAME_SIGN,184,112.846000
RAW_FRAME_SIGN,185,80.656000
RAW_FRAME_SIGN,186,67.660000
RAW_FRAME_SIGN,187,214.208000
RAW_FRAME_SIGN,188,65.490000
RAW_FRAME_SIGN,189,67.628000
RAW_FRAME_SIGN,190,67.653000
RAW_FRAME_SIGN,191,43.949000
RAW_FRAME_SIGN,192,91.342000
RAW_FRAME_SIGN,193,54.712000
RAW_FRAME_SIGN,194,69.825000
RAW_FRAME_SIGN,195,125.796000
RAW_FRAME_SIGN,196,54.690000
RAW_FRAME_SIGN,197,125.793000
RAW_FRAME_SIGN,198,56.926000
RAW_FRAME_SIGN,199,108.727000
RAW_FRAME_SIGN,200,89.146000
RAW_FRAME_SIGN,201,54.715000
RAW_FRAME_SIGN,202,78.403000
RAW_FRAME_SIGN,203,67.687000
RAW_FRAME_SIGN,204,43.949000
RAW_FRAME_SIGN,205,237.889000
RAW_FRAME_SIGN,206,67.649000
RAW_FRAME_SIGN,207,123.512000
RAW_FRAME_SIGN,208,43.949000
RAW_FRAME_SIGN,209,67.617000
RAW_FRAME_SIGN,210,56.912000
RAW_FRAME_SIGN,211,80.614000
RAW_FRAME_SIGN,212,43.949000
RAW_FRAME_SIGN,213,78.351000
RAW_FRAME_SIGN,214,201.353000
RAW_FRAME_SIGN,215,54.682000
RAW_FRAME_SIGN,216,56.887000
RAW_FRAME_SIGN,217,43.949000
RAW_FRAME_SIGN,218,89.170000
RAW_FRAME_SIGN,219,119.466000
RAW_FRAME_SIGN,220,115.074000
RAW_FRAME_SIGN,221,112.832000
RAW_FRAME_SIGN,222,91.332000
RAW_FRAME_SIGN,223,43.950000
RAW_FRAME_SIGN,224,54.701000
RAW_FRAME_SIGN,225,65.476000
RAW_FRAME_SIGN,226,54.684000
RAW_FRAME_SIGN,227,78.425000
RAW_FRAME_SIGN,228,76.192000
RAW_FRAME_SIGN,229,242.311000
RAW_FRAME_SIGN,230,114.976000
RAW_FRAME_SIGN,231,91.376000
RAW_FRAME_SIGN,232,43.949000
RAW_FRAME_SIGN,233,56.881000
RAW_FRAME_SIGN,234,104.234000
RAW_FRAME_SIGN,235,164.628000
RAW_FRAME_SIGN,236,78.396000
RAW_FRAME_SIGN,237,43.950000
RAW_FRAME_SIGN,238,69.856000
RAW_FRAME_SIGN,239,69.843000
RAW_FRAME_SIGN,240,69.863000
RAW_FRAME_SIGN,241,143.197000
RAW_FRAME_SIGN,242,43.949000
RAW_FRAME_SIGN,243,270.234000
RAW_FRAME_SIGN,244,43.949000
RAW_FRAME_SIGN,245,43.949000
RAW_FRAME_SIGN,246,263.812000
RAW_FRAME_SIGN,247,56.892000
RAW_FRAME_SIGN,248,43.949000
RAW_FRAME_SIGN,249,43.950000
RAW_FRAME_SIGN,250,91.398000
RAW_FRAME_SIGN,251,91.381000
RAW_FRAME_SIGN,252,110.657000
RAW_FRAME_SIGN,253,91.340000
RAW_FRAME_SIGN,254,134.311000
RAW_FRAME_SIGN,255,69.828000
RAW_FRAME_SIGN,256,147.270000
RAW_FRAME_SIGN,257,67.602000
RAW_FRAME_SIGN,258,91.312000
RAW_FRAME_SIGN,259,86.984000
RAW_FRAME_SIGN,260,43.934000
RAW_FRAME_SIGN,261,54.698000
RAW_FRAME_SIGN,262,56.929000
RAW_FRAME_SIGN,263,43.950000
RAW_FRAME_SIGN,264,91.374000
RAW_FRAME_SIGN,265,43.950000
RAW_FRAME_SIGN,266,140.903000
RAW_FRAME_SIGN,267,56.896000
RAW_FRAME_SIGN,268,89.168000
RAW_FRAME_SIGN,269,112.845000
RAW_FRAME_SIGN,270,114.959000
RAW_FRAME_SIGN,271,214.198000
RAW_FRAME_SIGN,272,54.704000
RAW_FRAME_SIGN,273,104.307000
RAW_FRAME_SIGN,274,227.060000
RAW_FRAME_SIGN,275,54.707000
RAW_FRAME_SIGN,276,43.949000
RAW_FRAME_SIGN,277,43.949000
RAW_FRAME_SIGN,278,43.949000
RAW_FRAME_SIGN,279,125.765000
RAW_FRAME_SIGN,280,43.949000
RAW_FRAME_SIGN,281,43.949000
RAW_FRAME_SIGN,282,93.552000
RAW_FRAME_SIGN,283,54.724000
RAW_FRAME_SIGN,284,43.949000
RAW_FRAME_SIGN,285,43.950000
RAW_FRAME_SIGN,286,43.950000
RAW_FRAME_SIGN,287,130.150000
RAW_FRAME_SIGN,288,115.102000
RAW_FRAME_SIGN,289,112.806000
RAW_FRAME_SIGN,290,78.423000
RAW_FRAME_SIGN,291,65.429000
RAW_FRAME_SIGN,292,99.926000
RAW_FRAME_SIGN,293,43.949000
RAW_FRAME_SIGN,294,56.902000
RAW_FRAME_SIGN,295,91.341000
RAW_FRAME_SIGN,296,43.950000
RAW_FRAME_SIGN,297,69.805000
RAW_FRAME_SIGN,298,89.119000
RAW_FRAME_SIGN,299,43.949000
RAW_FRAME_SIGN,300,67.655000
RAW_FRAME_SIGN,301,125.710000
RAW_FRAME_SIGN,302,43.949000
RAW_FRAME_SIGN,303,89.134000
RAW_FRAME_SIGN,304,43.949000
RAW_FRAME_SIGN,305,54.686000
RAW_FRAME_SIGN,306,65.500000
RAW_FRAME_SIGN,307,86.956000
RAW_FRAME_SIGN,308,78.391000
RAW_FRAME_SIGN,309,78.428000
RAW_FRAME_SIGN,310,115.092000
RAW_FRAME_SIGN,311,43.949000
RAW_FRAME_SIGN,312,183.948000
RAW_FRAME_SIGN,313,43.949000
RAW_FRAME_SIGN,314,151.731000
RAW_FRAME_SIGN,315,43.949000
RAW_FRAME_SIGN,316,125.766000
RAW_FRAME_SIGN,317,54.695000
RAW_FRAME_SIGN,318,216.528000
RAW_FRAME_SIGN,319,151.704000
RAW_FRAME_SIGN,320,43.949000
RAW_FRAME_SIGN,321,177.479000
RAW_FRAME_SIGN,322,127.970000
RAW_FRAME_SIGN,323,54.708000
RAW_FRAME_SIGN,324,65.455000
RAW_FRAME_SIGN,325,91.411000
RAW_FRAME_SIGN,326,43.949000
RAW_FRAME_SIGN,327,115.125000
RAW_FRAME_SIGN,328,67.706000
RAW_FRAME_SIGN,329,112.881000
RAW_FRAME_SIGN,330,54.708000
RAW_FRAME_SIGN,331,177.443000
RAW_FRAME_SIGN,332,43.950000
RAW_FRAME_SIGN,333,43.949000
RAW_FRAME_SIGN,334,43.949000
RAW_FRAME_SIGN,335,43.949000
RAW_FRAME_SIGN,336,186.122000
RAW_FRAME_SIGN,337,78.397000
RAW_FRAME_SIGN,338,108.691000
RAW_FRAME_SIGN,339,69.797000
RAW_FRAME_SIGN,340,65.415000
RAW_FRAME_SIGN,341,93.537000
RAW_FRAME_SIGN,342,43.950000
RAW_FRAME_SIGN,343,56.907000
RAW_FRAME_SIGN,344,166.874000
RAW_FRAME_SIGN,345,82.768000
RAW_FRAME_SIGN,346,168.815000
RAW_FRAME_SIGN,347,67.633000
RAW_FRAME_SIGN,348,43.950000
RAW_FRAME_SIGN,349,89.149000
RAW_FRAME_SIGN,350,67.649000
RAW_FRAME_SIGN,351,80.576000
RAW_FRAME_SIGN,352,112.853000
RAW_FRAME_SIGN,353,43.949000
RAW_FRAME_SIGN,354,67.628000
RAW_FRAME_SIGN,355,78.375000
RAW_FRAME_SIGN,356,104.232000
RAW_FRAME_SIGN,357,205.483000
RAW_FRAME_SIGN,358,43.949000
RAW_FRAME_SIGN,359,43.949000
RAW_FRAME_SIGN,360,43.949000
RAW_FRAME_SIGN,361,117.211000
RAW_FRAME_SIGN,362,69.860000
RAW_FRAME_SIGN,363,127.978000
RAW_FRAME_SIGN,364,56.873000
RAW_FRAME_SIGN,365,43.950000
RAW_FRAME_SIGN,366,56.911000
RAW_FRAME_SIGN,367,56.894000
RAW_FRAME_SIGN,368,104.292000
RAW_FRAME_SIGN,369,56.880000
RAW_FRAME_SIGN,370,140.951000
RAW_FRAME_SIGN,371,169.092000
RAW_FRAME_SIGN,372,112.861000
RAW_FRAME_SIGN,373,229.117000
RAW_FRAME_SIGN,374,43.949000
RAW_FRAME_SIGN,375,43.949000
RAW_FRAME_SIGN,376,43.949000
RAW_FRAME_SIGN,377,209.791000
RAW_FRAME_SIGN,378,76.218000
RAW_FRAME_SIGN,379,102.104000
RAW_FRAME_SIGN,380,86.955000
RAW_FRAME_SIGN,381,345.460000
RAW_FRAME_SIGN,382,91.297000
RAW_FRAME_SIGN,383,186.164000
RAW_FRAME_SIGN,384,67.641000
RAW_FRAME_SIGN,385,80.861000
RAW_FRAME_SIGN,386,65.421000
RAW_FRAME_SIGN,387,65.482000
RAW_FRAME_SIGN,388,199.067000
RAW_FRAME_SIGN,389,43.949000
RAW_FRAME_SIGN,390,209.794000
RAW_FRAME_SIGN,391,199.064000
RAW_FRAME_SIGN,392,43.950000
RAW_FRAME_SIGN,393,67.627000
RAW_FRAME_SIGN,394,56.880000
RAW_FRAME_SIGN,395,91.322000
RAW_FRAME_SIGN,396,56.892000
RAW_FRAME_SIGN,397,80.584000
RAW_FRAME_SIGN,398,67.660000
RAW_FRAME_SIGN,399,164.604000
RAW_FRAME_SIGN,400,91.311000
RAW_FRAME_SIGN,401,43.949000
RAW_FRAME_SIGN,402,99.870000
RAW_FRAME_SIGN,403,276.529000
RAW_FRAME_SIGN,404,99.840000
RAW_FRAME_SIGN,405,54.691000
RAW_FRAME_SIGN,406,54.697000
RAW_FRAME_SIGN,407,91.331000
RAW_FRAME_SIGN,408,54.678000
RAW_FRAME_SIGN,409,43.949000
RAW_FRAME_SIGN,410,156.045000
RAW_FRAME_SIGN,411,67.645000
RAW_FRAME_SIGN,412,82.780000
RAW_FRAME_SIGN,413,300.348000
RAW_FRAME_SIGN,414,43.949000
RAW_FRAME_SIGN,415,43.948000
RAW_FRAME_SIGN,416,43.949000
RAW_FRAME_SIGN,417,67.648000
RAW_FRAME_SIGN,418,54.711000
RAW_FRAME_SIGN,419,65.438000
RAW_FRAME_SIGN,420,56.918000
RAW_FRAME_SIGN,421,117.195000
RAW_FRAME_SIGN,422,102.101000
RAW_FRAME_SIGN,423,93.588000
RAW_FRAME_SIGN,424,56.899000
RAW_FRAME_SIGN,425,56.880000
RAW_FRAME_SIGN,426,283.010000
RAW_FRAME_SIGN,427,130.207000
RAW_FRAME_SIGN,428,43.949000
RAW_FRAME_SIGN,429,43.949000
RAW_FRAME_SIGN,430,65.466000
RAW_FRAME_SIGN,431,89.128000
RAW_FRAME_SIGN,432,67.623000
RAW_FRAME_SIGN,433,78.397000
RAW_FRAME_SIGN,434,123.585000
RAW_FRAME_SIGN,435,69.859000
RAW_FRAME_SIGN,436,78.383000
RAW_FRAME_SIGN,437,82.790000
RAW_FRAME_SIGN,438,115.091000
RAW_FRAME_SIGN,439,104.298000
RAW_FRAME_SIGN,440,56.876000
RAW_FRAME_SIGN,441,106.484000
RAW_FRAME_SIGN,442,78.378000
RAW_FRAME_SIGN,443,166.833000
RAW_FRAME_SIGN,444,106.544000
RAW_FRAME_SIGN,445,82.777000
RAW_FRAME_SIGN,446,102.116000
RAW_FRAME_SIGN,447,43.949000
RAW_FRAME_SIGN,448,80.639000
RAW_FRAME_SIGN,449,91.302000
RAW_FRAME_SIGN,450,104.336000
RAW_FRAME_SIGN,451,67.655000
RAW_FRAME_SIGN,452,65.443000
RAW_FRAME_SIGN,453,158.212000
RAW_FRAME_SIGN,454,56.883000
RAW_FRAME_SIGN,455,43.949000
RAW_FRAME_SIGN,456,76.229000
RAW_FRAME_SIGN,457,65.459000
RAW_FRAME_SIGN,458,99.852000
RAW_FRAME_SIGN,459,65.411000
RAW_FRAME_SIGN,460,43.950000
RAW_FRAME_SIGN,461,106.460000
RAW_FRAME_SIGN,462,43.949000
RAW_FRAME_SIGN,463,69.836000
RAW_FRAME_SIGN,464,43.949000
RAW_FRAME_SIGN,465,43.950000
RAW_FRAME_SIGN,466,43.949000
RAW_FRAME_SIGN,467,89.148000
RAW_FRAME_SIGN,468,102.071000
RAW_FRAME_SIGN,469,43.949000
RAW_FRAME_SIGN,470,56.917000
RAW_FRAME_SIGN,471,43.949000
RAW_FRAME_SIGN,472,183.981000
RAW_FRAME_SIGN,473,54.701000
RAW_FRAME_SIGN,474,102.105000
RAW_FRAME_SIGN,475,110.657000
RAW_FRAME_SIGN,476,67.674000
RAW_FRAME_SIGN,477,54.698000
RAW_FRAME_SIGN,478,106.506000
RAW_FRAME_SIGN,479,91.375000
RAW_FRAME_SIGN,480,147.277000
RAW_FRAME_SIGN,481,91.393000
RAW_FRAME_SIGN,482,43.949000
RAW_FRAME_SIGN,483,69.805000
RAW_FRAME_SIGN,484,93.510000
RAW_FRAME_SIGN,485,244.182000
RAW_FRAME_SIGN,486,43.949000
RAW_FRAME_SIGN,487,43.949000
RAW_FRAME_SIGN,488,43.950000
RAW_FRAME_SIGN,489,54.699000
RAW_FRAME_SIGN,490,65.451000
RAW_FRAME_SIGN,491,106.535000
RAW_FRAME_SIGN,492,43.949000
RAW_FRAME_SIGN,493,162.476000
RAW_FRAME_SIGN,494,106.516000
RAW_FRAME_SIGN,495,169.054000
RAW_FRAME_SIGN,496,43.949000
RAW_FRAME_SIGN,497,56.887000
RAW_FRAME_SIGN,498,67.651000
RAW_FRAME_SIGN,499,67.622000

--- RAW VERIFY ---
RAW_VERIFY,0,27.736000
RAW_VERIFY,1,27.668000
RAW_VERIFY,2,27.668000
RAW_VERIFY,3,27.668000
RAW_VERIFY,4,27.668000
RAW_VERIFY,5,27.668000
RAW_VERIFY,6,27.668000
RAW_VERIFY,7,27.668000
RAW_VERIFY,8,27.668000
RAW_VERIFY,9,27.668000
RAW_VERIFY,10,27.668000
RAW_VERIFY,11,27.668000
RAW_VERIFY,12,27.668000
RAW_VERIFY,13,27.668000
RAW_VERIFY,14,27.668000
RAW_VERIFY,15,27.668000
RAW_VERIFY,16,27.668000
RAW_VERIFY,17,27.668000
RAW_VERIFY,18,27.668000
RAW_VERIFY,19,27.668000
RAW_VERIFY,20,27.668000
RAW_VERIFY,21,27.668000
RAW_VERIFY,22,27.668000
RAW_VERIFY,23,27.668000
RAW_VERIFY,24,27.668000
RAW_VERIFY,25,27.668000
RAW_VERIFY,26,27.668000
RAW_VERIFY,27,27.668000
RAW_VERIFY,28,27.668000
RAW_VERIFY,29,27.668000
RAW_VERIFY,30,27.668000
RAW_VERIFY,31,27.668000
RAW_VERIFY,32,27.668000
RAW_VERIFY,33,27.668000
RAW_VERIFY,34,27.668000
RAW_VERIFY,35,27.668000
RAW_VERIFY,36,27.668000
RAW_VERIFY,37,27.668000
RAW_VERIFY,38,27.668000
RAW_VERIFY,39,27.668000
RAW_VERIFY,40,27.668000
RAW_VERIFY,41,27.668000
RAW_VERIFY,42,27.668000
RAW_VERIFY,43,27.668000
RAW_VERIFY,44,27.668000
RAW_VERIFY,45,27.668000
RAW_VERIFY,46,27.668000
RAW_VERIFY,47,27.668000
RAW_VERIFY,48,27.668000
RAW_VERIFY,49,27.668000
RAW_VERIFY,50,27.668000
RAW_VERIFY,51,27.668000
RAW_VERIFY,52,27.668000
RAW_VERIFY,53,27.668000
RAW_VERIFY,54,27.668000
RAW_VERIFY,55,27.668000
RAW_VERIFY,56,27.668000
RAW_VERIFY,57,27.668000
RAW_VERIFY,58,27.668000
RAW_VERIFY,59,27.668000
RAW_VERIFY,60,27.668000
RAW_VERIFY,61,27.668000
RAW_VERIFY,62,27.668000
RAW_VERIFY,63,27.668000
RAW_VERIFY,64,27.668000
RAW_VERIFY,65,27.668000
RAW_VERIFY,66,27.668000
RAW_VERIFY,67,27.668000
RAW_VERIFY,68,27.668000
RAW_VERIFY,69,27.668000
RAW_VERIFY,70,27.668000
RAW_VERIFY,71,27.668000
RAW_VERIFY,72,27.668000
RAW_VERIFY,73,27.668000
RAW_VERIFY,74,27.668000
RAW_VERIFY,75,27.668000
RAW_VERIFY,76,27.668000
RAW_VERIFY,77,27.668000
RAW_VERIFY,78,27.668000
RAW_VERIFY,79,27.668000
RAW_VERIFY,80,27.668000
RAW_VERIFY,81,27.668000
RAW_VERIFY,82,27.668000
RAW_VERIFY,83,27.668000
RAW_VERIFY,84,27.668000
RAW_VERIFY,85,27.668000
RAW_VERIFY,86,27.668000
RAW_VERIFY,87,27.668000
RAW_VERIFY,88,27.668000
RAW_VERIFY,89,27.668000
RAW_VERIFY,90,27.668000
RAW_VERIFY,91,27.668000
RAW_VERIFY,92,27.668000
RAW_VERIFY,93,27.668000
RAW_VERIFY,94,27.668000
RAW_VERIFY,95,27.668000
RAW_VERIFY,96,27.668000
RAW_VERIFY,97,27.669000
RAW_VERIFY,98,27.668000
RAW_VERIFY,99,27.668000
RAW_VERIFY,100,27.668000
RAW_VERIFY,101,27.668000
RAW_VERIFY,102,27.668000
RAW_VERIFY,103,27.668000
RAW_VERIFY,104,27.668000
RAW_VERIFY,105,27.668000
RAW_VERIFY,106,27.668000
RAW_VERIFY,107,27.668000
RAW_VERIFY,108,27.668000
RAW_VERIFY,109,27.668000
RAW_VERIFY,110,27.668000
RAW_VERIFY,111,27.668000
RAW_VERIFY,112,27.668000
RAW_VERIFY,113,27.668000
RAW_VERIFY,114,27.668000
RAW_VERIFY,115,27.668000
RAW_VERIFY,116,27.668000
RAW_VERIFY,117,27.668000
RAW_VERIFY,118,27.668000
RAW_VERIFY,119,27.668000
RAW_VERIFY,120,27.668000
RAW_VERIFY,121,27.668000
RAW_VERIFY,122,27.668000
RAW_VERIFY,123,27.668000
RAW_VERIFY,124,27.668000
RAW_VERIFY,125,27.668000
RAW_VERIFY,126,27.668000
RAW_VERIFY,127,27.668000
RAW_VERIFY,128,27.668000
RAW_VERIFY,129,27.668000
RAW_VERIFY,130,27.668000
RAW_VERIFY,131,27.668000
RAW_VERIFY,132,27.668000
RAW_VERIFY,133,27.668000
RAW_VERIFY,134,27.668000
RAW_VERIFY,135,27.668000
RAW_VERIFY,136,27.668000
RAW_VERIFY,137,27.668000
RAW_VERIFY,138,27.668000
RAW_VERIFY,139,27.668000
RAW_VERIFY,140,27.668000
RAW_VERIFY,141,27.668000
RAW_VERIFY,142,27.668000
RAW_VERIFY,143,27.668000
RAW_VERIFY,144,27.668000
RAW_VERIFY,145,27.668000
RAW_VERIFY,146,27.668000
RAW_VERIFY,147,27.668000
RAW_VERIFY,148,27.668000
RAW_VERIFY,149,27.668000
RAW_VERIFY,150,27.668000
RAW_VERIFY,151,27.668000
RAW_VERIFY,152,27.668000
RAW_VERIFY,153,27.668000
RAW_VERIFY,154,27.668000
RAW_VERIFY,155,27.668000
RAW_VERIFY,156,27.668000
RAW_VERIFY,157,27.668000
RAW_VERIFY,158,27.668000
RAW_VERIFY,159,27.668000
RAW_VERIFY,160,27.668000
RAW_VERIFY,161,27.668000
RAW_VERIFY,162,27.668000
RAW_VERIFY,163,27.668000
RAW_VERIFY,164,27.668000
RAW_VERIFY,165,27.668000
RAW_VERIFY,166,27.668000
RAW_VERIFY,167,27.668000
RAW_VERIFY,168,27.668000
RAW_VERIFY,169,27.668000
RAW_VERIFY,170,27.668000
RAW_VERIFY,171,27.668000
RAW_VERIFY,172,27.668000
RAW_VERIFY,173,27.668000
RAW_VERIFY,174,27.668000
RAW_VERIFY,175,27.668000
RAW_VERIFY,176,27.668000
RAW_VERIFY,177,27.668000
RAW_VERIFY,178,27.668000
RAW_VERIFY,179,27.668000
RAW_VERIFY,180,27.668000
RAW_VERIFY,181,27.668000
RAW_VERIFY,182,27.668000
RAW_VERIFY,183,27.668000
RAW_VERIFY,184,27.668000
RAW_VERIFY,185,27.668000
RAW_VERIFY,186,27.668000
RAW_VERIFY,187,27.668000
RAW_VERIFY,188,27.668000
RAW_VERIFY,189,27.668000
RAW_VERIFY,190,27.668000
RAW_VERIFY,191,27.668000
RAW_VERIFY,192,27.668000
RAW_VERIFY,193,27.668000
RAW_VERIFY,194,27.668000
RAW_VERIFY,195,27.668000
RAW_VERIFY,196,27.668000
RAW_VERIFY,197,27.668000
RAW_VERIFY,198,27.668000
RAW_VERIFY,199,27.668000
RAW_VERIFY,200,27.668000
RAW_VERIFY,201,27.668000
RAW_VERIFY,202,27.668000
RAW_VERIFY,203,27.668000
RAW_VERIFY,204,27.668000
RAW_VERIFY,205,27.668000
RAW_VERIFY,206,27.668000
RAW_VERIFY,207,27.668000
RAW_VERIFY,208,27.668000
RAW_VERIFY,209,27.668000
RAW_VERIFY,210,27.668000
RAW_VERIFY,211,27.668000
RAW_VERIFY,212,27.668000
RAW_VERIFY,213,27.668000
RAW_VERIFY,214,27.668000
RAW_VERIFY,215,27.668000
RAW_VERIFY,216,27.668000
RAW_VERIFY,217,27.668000
RAW_VERIFY,218,27.668000
RAW_VERIFY,219,27.668000
RAW_VERIFY,220,27.668000
RAW_VERIFY,221,27.668000
RAW_VERIFY,222,27.668000
RAW_VERIFY,223,27.668000
RAW_VERIFY,224,27.668000
RAW_VERIFY,225,27.668000
RAW_VERIFY,226,27.668000
RAW_VERIFY,227,27.668000
RAW_VERIFY,228,27.668000
RAW_VERIFY,229,27.668000
RAW_VERIFY,230,27.668000
RAW_VERIFY,231,27.668000
RAW_VERIFY,232,27.668000
RAW_VERIFY,233,27.668000
RAW_VERIFY,234,27.668000
RAW_VERIFY,235,27.668000
RAW_VERIFY,236,27.668000
RAW_VERIFY,237,27.668000
RAW_VERIFY,238,27.668000
RAW_VERIFY,239,27.668000
RAW_VERIFY,240,27.669000
RAW_VERIFY,241,27.668000
RAW_VERIFY,242,27.668000
RAW_VERIFY,243,27.668000
RAW_VERIFY,244,27.668000
RAW_VERIFY,245,27.668000
RAW_VERIFY,246,27.668000
RAW_VERIFY,247,27.668000
RAW_VERIFY,248,27.668000
RAW_VERIFY,249,27.668000
RAW_VERIFY,250,27.668000
RAW_VERIFY,251,27.668000
RAW_VERIFY,252,27.668000
RAW_VERIFY,253,27.668000
RAW_VERIFY,254,27.668000
RAW_VERIFY,255,27.668000
RAW_VERIFY,256,27.668000
RAW_VERIFY,257,27.668000
RAW_VERIFY,258,27.668000
RAW_VERIFY,259,27.668000
RAW_VERIFY,260,27.668000
RAW_VERIFY,261,27.668000
RAW_VERIFY,262,27.668000
RAW_VERIFY,263,27.668000
RAW_VERIFY,264,27.668000
RAW_VERIFY,265,27.668000
RAW_VERIFY,266,27.668000
RAW_VERIFY,267,27.668000
RAW_VERIFY,268,27.668000
RAW_VERIFY,269,27.668000
RAW_VERIFY,270,27.668000
RAW_VERIFY,271,27.668000
RAW_VERIFY,272,27.668000
RAW_VERIFY,273,27.668000
RAW_VERIFY,274,27.668000
RAW_VERIFY,275,27.668000
RAW_VERIFY,276,27.668000
RAW_VERIFY,277,27.668000
RAW_VERIFY,278,27.668000
RAW_VERIFY,279,27.668000
RAW_VERIFY,280,27.668000
RAW_VERIFY,281,27.668000
RAW_VERIFY,282,27.668000
RAW_VERIFY,283,27.668000
RAW_VERIFY,284,27.668000
RAW_VERIFY,285,27.668000
RAW_VERIFY,286,27.668000
RAW_VERIFY,287,27.668000
RAW_VERIFY,288,27.668000
RAW_VERIFY,289,27.668000
RAW_VERIFY,290,27.668000
RAW_VERIFY,291,27.668000
RAW_VERIFY,292,27.668000
RAW_VERIFY,293,27.668000
RAW_VERIFY,294,27.668000
RAW_VERIFY,295,27.668000
RAW_VERIFY,296,27.668000
RAW_VERIFY,297,27.668000
RAW_VERIFY,298,27.668000
RAW_VERIFY,299,27.668000
RAW_VERIFY,300,27.668000
RAW_VERIFY,301,27.668000
RAW_VERIFY,302,27.668000
RAW_VERIFY,303,27.668000
RAW_VERIFY,304,27.668000
RAW_VERIFY,305,27.668000
RAW_VERIFY,306,27.668000
RAW_VERIFY,307,27.668000
RAW_VERIFY,308,27.668000
RAW_VERIFY,309,27.668000
RAW_VERIFY,310,27.668000
RAW_VERIFY,311,27.668000
RAW_VERIFY,312,27.668000
RAW_VERIFY,313,27.668000
RAW_VERIFY,314,27.668000
RAW_VERIFY,315,27.668000
RAW_VERIFY,316,27.668000
RAW_VERIFY,317,27.668000
RAW_VERIFY,318,27.668000
RAW_VERIFY,319,27.668000
RAW_VERIFY,320,27.668000
RAW_VERIFY,321,27.668000
RAW_VERIFY,322,27.668000
RAW_VERIFY,323,27.668000
RAW_VERIFY,324,27.668000
RAW_VERIFY,325,27.668000
RAW_VERIFY,326,27.668000
RAW_VERIFY,327,27.668000
RAW_VERIFY,328,27.668000
RAW_VERIFY,329,27.668000
RAW_VERIFY,330,27.668000
RAW_VERIFY,331,27.668000
RAW_VERIFY,332,27.668000
RAW_VERIFY,333,27.668000
RAW_VERIFY,334,27.668000
RAW_VERIFY,335,27.668000
RAW_VERIFY,336,27.668000
RAW_VERIFY,337,27.668000
RAW_VERIFY,338,27.668000
RAW_VERIFY,339,27.668000
RAW_VERIFY,340,27.668000
RAW_VERIFY,341,27.668000
RAW_VERIFY,342,27.668000
RAW_VERIFY,343,27.668000
RAW_VERIFY,344,27.668000
RAW_VERIFY,345,27.668000
RAW_VERIFY,346,27.668000
RAW_VERIFY,347,27.669000
RAW_VERIFY,348,27.668000
RAW_VERIFY,349,27.668000
RAW_VERIFY,350,27.668000
RAW_VERIFY,351,27.668000
RAW_VERIFY,352,27.668000
RAW_VERIFY,353,27.668000
RAW_VERIFY,354,27.668000
RAW_VERIFY,355,27.668000
RAW_VERIFY,356,27.668000
RAW_VERIFY,357,27.668000
RAW_VERIFY,358,27.668000
RAW_VERIFY,359,27.668000
RAW_VERIFY,360,27.668000
RAW_VERIFY,361,27.668000
RAW_VERIFY,362,27.668000
RAW_VERIFY,363,27.668000
RAW_VERIFY,364,27.668000
RAW_VERIFY,365,27.668000
RAW_VERIFY,366,27.668000
RAW_VERIFY,367,27.668000
RAW_VERIFY,368,27.668000
RAW_VERIFY,369,27.668000
RAW_VERIFY,370,27.668000
RAW_VERIFY,371,27.668000
RAW_VERIFY,372,27.668000
RAW_VERIFY,373,27.668000
RAW_VERIFY,374,27.668000
RAW_VERIFY,375,27.668000
RAW_VERIFY,376,27.668000
RAW_VERIFY,377,27.668000
RAW_VERIFY,378,27.668000
RAW_VERIFY,379,27.668000
RAW_VERIFY,380,27.668000
RAW_VERIFY,381,27.668000
RAW_VERIFY,382,27.668000
RAW_VERIFY,383,27.668000
RAW_VERIFY,384,27.668000
RAW_VERIFY,385,27.668000
RAW_VERIFY,386,27.668000
RAW_VERIFY,387,27.668000
RAW_VERIFY,388,27.668000
RAW_VERIFY,389,27.668000
RAW_VERIFY,390,27.668000
RAW_VERIFY,391,27.668000
RAW_VERIFY,392,27.668000
RAW_VERIFY,393,27.668000
RAW_VERIFY,394,27.668000
RAW_VERIFY,395,27.668000
RAW_VERIFY,396,27.668000
RAW_VERIFY,397,27.668000
RAW_VERIFY,398,27.668000
RAW_VERIFY,399,27.668000
RAW_VERIFY,400,27.668000
RAW_VERIFY,401,27.668000
RAW_VERIFY,402,27.668000
RAW_VERIFY,403,27.668000
RAW_VERIFY,404,27.668000
RAW_VERIFY,405,27.668000
RAW_VERIFY,406,27.668000
RAW_VERIFY,407,27.668000
RAW_VERIFY,408,27.668000
RAW_VERIFY,409,27.668000
RAW_VERIFY,410,27.668000
RAW_VERIFY,411,27.668000
RAW_VERIFY,412,27.668000
RAW_VERIFY,413,27.668000
RAW_VERIFY,414,27.668000
RAW_VERIFY,415,27.668000
RAW_VERIFY,416,27.668000
RAW_VERIFY,417,27.668000
RAW_VERIFY,418,27.668000
RAW_VERIFY,419,27.668000
RAW_VERIFY,420,27.668000
RAW_VERIFY,421,27.668000
RAW_VERIFY,422,27.668000
RAW_VERIFY,423,27.668000
RAW_VERIFY,424,27.668000
RAW_VERIFY,425,27.668000
RAW_VERIFY,426,27.668000
RAW_VERIFY,427,27.668000
RAW_VERIFY,428,27.668000
RAW_VERIFY,429,27.668000
RAW_VERIFY,430,27.668000
RAW_VERIFY,431,27.668000
RAW_VERIFY,432,27.668000
RAW_VERIFY,433,27.668000
RAW_VERIFY,434,27.668000
RAW_VERIFY,435,27.668000
RAW_VERIFY,436,27.668000
RAW_VERIFY,437,27.668000
RAW_VERIFY,438,27.668000
RAW_VERIFY,439,27.668000
RAW_VERIFY,440,27.668000
RAW_VERIFY,441,27.668000
RAW_VERIFY,442,27.668000
RAW_VERIFY,443,27.668000
RAW_VERIFY,444,27.668000
RAW_VERIFY,445,27.668000
RAW_VERIFY,446,27.668000
RAW_VERIFY,447,27.668000
RAW_VERIFY,448,27.668000
RAW_VERIFY,449,27.668000
RAW_VERIFY,450,27.668000
RAW_VERIFY,451,27.668000
RAW_VERIFY,452,27.668000
RAW_VERIFY,453,27.668000
RAW_VERIFY,454,27.668000
RAW_VERIFY,455,27.668000
RAW_VERIFY,456,27.668000
RAW_VERIFY,457,27.668000
RAW_VERIFY,458,27.668000
RAW_VERIFY,459,27.668000
RAW_VERIFY,460,27.668000
RAW_VERIFY,461,27.668000
RAW_VERIFY,462,27.668000
RAW_VERIFY,463,27.668000
RAW_VERIFY,464,27.668000
RAW_VERIFY,465,27.668000
RAW_VERIFY,466,27.668000
RAW_VERIFY,467,27.668000
RAW_VERIFY,468,27.668000
RAW_VERIFY,469,27.668000
RAW_VERIFY,470,27.668000
RAW_VERIFY,471,27.668000
RAW_VERIFY,472,27.668000
RAW_VERIFY,473,27.668000
RAW_VERIFY,474,27.668000
RAW_VERIFY,475,27.668000
RAW_VERIFY,476,27.668000
RAW_VERIFY,477,27.668000
RAW_VERIFY,478,27.668000
RAW_VERIFY,479,27.668000
RAW_VERIFY,480,27.668000
RAW_VERIFY,481,27.668000
RAW_VERIFY,482,27.668000
RAW_VERIFY,483,27.668000
RAW_VERIFY,484,27.668000
RAW_VERIFY,485,27.668000
RAW_VERIFY,486,27.668000
RAW_VERIFY,487,27.668000
RAW_VERIFY,488,27.668000
RAW_VERIFY,489,27.668000
RAW_VERIFY,490,27.669000
RAW_VERIFY,491,27.668000
RAW_VERIFY,492,27.668000
RAW_VERIFY,493,27.668000
RAW_VERIFY,494,27.668000
RAW_VERIFY,495,27.668000
RAW_VERIFY,496,27.668000
RAW_VERIFY,497,27.668000
RAW_VERIFY,498,27.668000
RAW_VERIFY,499,27.668000

--- FINAL JSON ---
{"platform":"esp32","algorithm":"ML-DSA-65","pqclean_commit":"0586a824fc0d49df0b6b6e9179d8d15d06d0974f","cpu_mhz":240,"kappa_bytes":48,"pk_bytes":1952,"sk_bytes":4032,"sig_bytes":3309,"frame_sign_input_bytes":7353,"n_sign":500,"n_frame_sign":500,"n_verify":500,"sign_core_mean_ms":88.213454,"sign_core_sd_ms":50.259852,"sign_core_p95_ms":193.077650,"sign_core_p99_ms":249.049950,"sign_core_max_ms":326.680000,"framework_sign_mean_ms":93.770204,"framework_sign_sd_ms":56.167694,"framework_sign_p95_ms":207.728550,"framework_sign_p99_ms":300.478460,"framework_sign_max_ms":401.402000,"verify_mean_ms":27.668144,"verify_sd_ms":0.003039,"verify_p95_ms":27.668000,"verify_p99_ms":27.668010,"verify_max_ms":27.736000,"heap_free":147424,"heap_min":115876}

ESP32_FINAL_BENCHMARK_OK
