[PLATFORM] ESP32 | 240 MHz | 2 core | SDK v5.5.5
[PLATFORM] flash=4194304 B heap=305708 B
[PLATFORM] reset_reason=1
[ECDSA] transcript input = 7353 bytes
[1/5] ECDSA-P256 keygen n=20
KG,0,91.684000
KG,1,91.805000
KG,2,91.660000
KG,3,91.560000
KG,4,91.484000
KG,5,91.658000
KG,6,91.504000
KG,7,91.622000
KG,8,91.648000
KG,9,91.603000
KG,10,91.671000
KG,11,91.531000
KG,12,91.605000
KG,13,91.576000
KG,14,91.654000
KG,15,91.571000
KG,16,91.575000
KG,17,91.598000
KG,18,91.599000
KG,19,91.662000
[2/5] ECDSA sign (32-byte digest) n=500
S,0,96.836000
S,1,96.726000
S,2,96.603000
S,3,96.801000
S,4,96.810000
S,5,96.873000
S,6,96.828000
S,7,96.731000
S,8,96.655000
S,9,96.763000
S,10,96.763000
S,11,96.784000
S,12,96.736000
S,13,96.732000
S,14,96.677000
S,15,96.793000
S,16,96.859000
S,17,96.840000
S,18,96.706000
S,19,96.755000
S,20,96.820000
S,21,96.844000
S,22,96.752000
S,23,96.782000
S,24,96.616000
S,25,96.721000
S,26,96.661000
S,27,96.695000
S,28,96.680000
S,29,96.663000
S,30,96.849000
S,31,96.782000
S,32,96.720000
S,33,96.711000
S,34,96.777000
S,35,96.800000
S,36,96.803000
S,37,96.759000
S,38,96.721000
S,39,96.656000
S,40,96.832000
S,41,96.733000
S,42,96.819000
S,43,96.783000
S,44,96.719000
S,45,96.789000
S,46,96.726000
S,47,96.598000
S,48,96.814000
S,49,96.916000
S,50,96.836000
S,51,96.672000
S,52,96.731000
S,53,96.799000
S,54,96.725000
S,55,96.721000
S,56,96.690000
S,57,96.806000
S,58,96.802000
S,59,96.812000
S,60,96.737000
S,61,96.728000
S,62,96.841000
S,63,96.708000
S,64,96.743000
S,65,96.707000
S,66,96.706000
S,67,96.726000
S,68,96.727000
S,69,96.691000
S,70,96.597000
S,71,96.725000
S,72,96.828000
S,73,96.752000
S,74,96.673000
S,75,96.723000
S,76,96.726000
S,77,96.780000
S,78,96.665000
S,79,96.631000
S,80,96.791000
S,81,96.764000
S,82,96.792000
S,83,96.771000
S,84,96.660000
S,85,96.747000
S,86,96.741000
S,87,96.741000
S,88,96.839000
S,89,96.661000
S,90,96.699000
S,91,96.671000
S,92,96.691000
S,93,96.676000
S,94,96.698000
S,95,96.757000
S,96,96.644000
S,97,96.654000
S,98,96.705000
S,99,96.783000
S,100,96.755000
S,101,96.820000
S,102,96.775000
S,103,96.729000
S,104,96.792000
S,105,96.768000
S,106,96.681000
S,107,96.721000
S,108,96.823000
S,109,96.695000
S,110,96.769000
S,111,96.680000
S,112,96.719000
S,113,96.692000
S,114,96.774000
S,115,96.767000
S,116,96.754000
S,117,96.733000
S,118,96.686000
S,119,96.771000
S,120,96.782000
S,121,96.820000
S,122,96.821000
S,123,96.767000
S,124,96.713000
S,125,96.744000
S,126,96.729000
S,127,96.778000
S,128,96.726000
S,129,96.771000
S,130,96.703000
S,131,96.686000
S,132,96.791000
S,133,96.768000
S,134,96.682000
S,135,96.793000
S,136,96.665000
S,137,96.796000
S,138,96.810000
S,139,96.845000
S,140,96.675000
S,141,96.756000
S,142,96.761000
S,143,96.744000
S,144,96.796000
S,145,96.762000
S,146,96.661000
S,147,96.843000
S,148,96.750000
S,149,96.754000
S,150,96.704000
S,151,96.653000
S,152,96.723000
S,153,96.716000
S,154,96.643000
S,155,96.750000
S,156,96.809000
S,157,96.797000
S,158,96.757000
S,159,96.822000
S,160,96.874000
S,161,96.823000
S,162,96.614000
S,163,96.723000
S,164,96.638000
S,165,96.706000
S,166,96.827000
S,167,96.651000
S,168,96.669000
S,169,96.799000
S,170,96.697000
S,171,96.655000
S,172,96.782000
S,173,96.693000
S,174,96.722000
S,175,96.802000
S,176,96.793000
S,177,96.721000
S,178,96.783000
S,179,96.721000
S,180,96.643000
S,181,96.778000
S,182,96.768000
S,183,96.679000
S,184,96.718000
S,185,96.870000
S,186,96.769000
S,187,96.768000
S,188,96.831000
S,189,96.673000
S,190,96.747000
S,191,96.651000
S,192,96.751000
S,193,96.880000
S,194,96.833000
S,195,96.810000
S,196,96.773000
S,197,96.763000
S,198,96.786000
S,199,96.800000
S,200,96.673000
S,201,96.718000
S,202,96.632000
S,203,96.788000
S,204,96.643000
S,205,96.788000
S,206,96.779000
S,207,96.700000
S,208,96.768000
S,209,96.733000
S,210,96.711000
S,211,96.759000
S,212,96.725000
S,213,96.825000
S,214,96.803000
S,215,96.707000
S,216,96.624000
S,217,96.829000
S,218,96.758000
S,219,96.786000
S,220,96.834000
S,221,96.918000
S,222,96.711000
S,223,96.768000
S,224,96.677000
S,225,96.687000
S,226,96.690000
S,227,96.662000
S,228,96.704000
S,229,96.689000
S,230,96.897000
S,231,96.735000
S,232,96.933000
S,233,96.733000
S,234,96.787000
S,235,96.703000
S,236,96.720000
S,237,96.763000
S,238,96.666000
S,239,96.839000
S,240,96.611000
S,241,96.598000
S,242,96.760000
S,243,96.836000
S,244,96.771000
S,245,96.739000
S,246,96.671000
S,247,96.690000
S,248,96.721000
S,249,96.718000
S,250,96.844000
S,251,96.838000
S,252,96.720000
S,253,96.820000
S,254,96.641000
S,255,96.754000
S,256,96.726000
S,257,96.765000
S,258,96.751000
S,259,96.839000
S,260,96.802000
S,261,96.773000
S,262,96.779000
S,263,96.836000
S,264,96.743000
S,265,96.695000
S,266,96.666000
S,267,96.797000
S,268,96.647000
S,269,96.722000
S,270,96.732000
S,271,96.679000
S,272,96.646000
S,273,96.703000
S,274,96.709000
S,275,96.709000
S,276,96.630000
S,277,96.702000
S,278,96.738000
S,279,96.714000
S,280,96.859000
S,281,96.773000
S,282,96.747000
S,283,96.858000
S,284,96.785000
S,285,96.701000
S,286,96.819000
S,287,96.655000
S,288,96.745000
S,289,96.677000
S,290,96.816000
S,291,96.686000
S,292,96.766000
S,293,96.794000
S,294,96.756000
S,295,96.783000
S,296,96.632000
S,297,96.762000
S,298,96.756000
S,299,96.668000
S,300,96.859000
S,301,96.810000
S,302,96.789000
S,303,96.845000
S,304,96.760000
S,305,96.789000
S,306,96.701000
S,307,96.798000
S,308,96.660000
S,309,96.723000
S,310,96.796000
S,311,96.693000
S,312,96.765000
S,313,96.616000
S,314,96.740000
S,315,96.886000
S,316,96.674000
S,317,96.851000
S,318,96.714000
S,319,96.705000
S,320,96.676000
S,321,96.609000
S,322,96.729000
S,323,96.717000
S,324,96.743000
S,325,96.766000
S,326,96.737000
S,327,96.634000
S,328,96.731000
S,329,96.671000
S,330,96.644000
S,331,96.781000
S,332,96.655000
S,333,96.822000
S,334,96.779000
S,335,96.767000
S,336,96.696000
S,337,96.926000
S,338,96.715000
S,339,96.757000
S,340,96.736000
S,341,96.756000
S,342,96.747000
S,343,96.702000
S,344,96.753000
S,345,96.836000
S,346,96.776000
S,347,96.765000
S,348,96.696000
S,349,96.765000
S,350,96.790000
S,351,96.750000
S,352,96.685000
S,353,96.837000
S,354,96.672000
S,355,96.807000
S,356,96.829000
S,357,96.705000
S,358,96.778000
S,359,96.673000
S,360,96.673000
S,361,96.810000
S,362,96.853000
S,363,96.838000
S,364,96.712000
S,365,96.787000
S,366,96.665000
S,367,96.619000
S,368,96.691000
S,369,96.701000
S,370,96.737000
S,371,96.900000
S,372,96.705000
S,373,96.705000
S,374,96.672000
S,375,96.758000
S,376,96.852000
S,377,96.772000
S,378,96.896000
S,379,96.580000
S,380,96.764000
S,381,96.800000
S,382,96.678000
S,383,96.794000
S,384,97.030000
S,385,96.846000
S,386,96.927000
S,387,96.713000
S,388,96.614000
S,389,96.669000
S,390,96.796000
S,391,96.738000
S,392,96.706000
S,393,96.785000
S,394,96.750000
S,395,96.722000
S,396,96.772000
S,397,96.729000
S,398,96.755000
S,399,96.790000
S,400,96.686000
S,401,96.677000
S,402,96.714000
S,403,96.611000
S,404,96.711000
S,405,96.815000
S,406,96.608000
S,407,96.805000
S,408,96.710000
S,409,96.677000
S,410,96.882000
S,411,96.717000
S,412,96.699000
S,413,96.795000
S,414,96.730000
S,415,96.796000
S,416,96.721000
S,417,96.723000
S,418,96.729000
S,419,96.721000
S,420,96.807000
S,421,96.745000
S,422,96.752000
S,423,96.691000
S,424,96.838000
S,425,96.713000
S,426,96.715000
S,427,96.729000
S,428,96.807000
S,429,96.776000
S,430,96.694000
S,431,96.630000
S,432,96.822000
S,433,96.732000
S,434,96.824000
S,435,96.750000
S,436,96.717000
S,437,96.697000
S,438,96.699000
S,439,96.745000
S,440,96.679000
S,441,96.786000
S,442,96.711000
S,443,96.847000
S,444,96.769000
S,445,96.807000
S,446,96.734000
S,447,96.658000
S,448,96.846000
S,449,96.725000
S,450,96.620000
S,451,96.804000
S,452,96.724000
S,453,96.643000
S,454,96.719000
S,455,96.718000
S,456,96.666000
S,457,96.829000
S,458,96.716000
S,459,96.793000
S,460,96.841000
S,461,96.647000
S,462,96.652000
S,463,96.775000
S,464,96.722000
S,465,96.756000
S,466,96.712000
S,467,96.865000
S,468,96.693000
S,469,96.846000
S,470,96.797000
S,471,96.849000
S,472,96.684000
S,473,96.739000
S,474,96.836000
S,475,96.679000
S,476,96.658000
S,477,96.804000
S,478,96.714000
S,479,96.668000
S,480,96.694000
S,481,96.661000
S,482,96.762000
S,483,96.654000
S,484,96.881000
S,485,96.671000
S,486,96.694000
S,487,96.856000
S,488,96.814000
S,489,96.868000
S,490,96.748000
S,491,96.657000
S,492,96.701000
S,493,96.744000
S,494,96.734000
S,495,96.740000
S,496,96.767000
S,497,96.646000
S,498,96.694000
S,499,96.790000
[ECDSA] raw r||s signature length (last) = 64 bytes
[3/5] ECDSA framework sign (SHA-256 over 7353 B + sign) n=500
F,0,97.420000
F,1,97.478000
F,2,97.413000
F,3,97.399000
F,4,97.440000
F,5,97.544000
F,6,97.417000
F,7,97.551000
F,8,97.427000
F,9,97.477000
F,10,97.375000
F,11,97.451000
F,12,97.464000
F,13,97.484000
F,14,97.475000
F,15,97.451000
F,16,97.582000
F,17,97.624000
F,18,97.514000
F,19,97.464000
F,20,97.495000
F,21,97.494000
F,22,97.485000
F,23,97.404000
F,24,97.474000
F,25,97.391000
F,26,97.525000
F,27,97.459000
F,28,97.429000
F,29,97.491000
F,30,97.480000
F,31,97.370000
F,32,97.409000
F,33,97.375000
F,34,97.422000
F,35,97.367000
F,36,97.529000
F,37,97.411000
F,38,97.340000
F,39,97.446000
F,40,97.473000
F,41,97.575000
F,42,97.551000
F,43,97.551000
F,44,97.346000
F,45,97.472000
F,46,97.609000
F,47,97.454000
F,48,97.577000
F,49,97.323000
F,50,97.416000
F,51,97.382000
F,52,97.628000
F,53,97.492000
F,54,97.418000
F,55,97.499000
F,56,97.379000
F,57,97.524000
F,58,97.515000
F,59,97.532000
F,60,97.518000
F,61,97.377000
F,62,97.483000
F,63,97.577000
F,64,97.341000
F,65,97.203000
F,66,97.412000
F,67,97.473000
F,68,97.528000
F,69,97.568000
F,70,97.428000
F,71,97.485000
F,72,97.335000
F,73,97.493000
F,74,97.439000
F,75,97.533000
F,76,97.452000
F,77,97.542000
F,78,97.581000
F,79,97.466000
F,80,97.394000
F,81,97.524000
F,82,97.335000
F,83,97.453000
F,84,97.558000
F,85,97.471000
F,86,97.431000
F,87,97.445000
F,88,97.416000
F,89,97.507000
F,90,97.467000
F,91,97.525000
F,92,97.363000
F,93,97.468000
F,94,97.457000
F,95,97.499000
F,96,97.588000
F,97,97.421000
F,98,97.425000
F,99,97.581000
F,100,97.416000
F,101,97.447000
F,102,97.399000
F,103,97.424000
F,104,97.475000
F,105,97.575000
F,106,97.412000
F,107,97.525000
F,108,97.380000
F,109,97.450000
F,110,97.587000
F,111,97.492000
F,112,97.441000
F,113,97.496000
F,114,97.536000
F,115,97.501000
F,116,97.533000
F,117,97.392000
F,118,97.557000
F,119,97.459000
F,120,97.486000
F,121,97.463000
F,122,97.396000
F,123,97.457000
F,124,97.515000
F,125,97.473000
F,126,97.415000
F,127,97.467000
F,128,97.483000
F,129,97.477000
F,130,97.400000
F,131,97.510000
F,132,97.494000
F,133,97.457000
F,134,97.549000
F,135,97.443000
F,136,97.493000
F,137,97.469000
F,138,97.464000
F,139,97.584000
F,140,97.532000
F,141,97.320000
F,142,97.468000
F,143,97.489000
F,144,97.484000
F,145,97.452000
F,146,97.421000
F,147,97.538000
F,148,97.490000
F,149,97.460000
F,150,97.518000
F,151,97.390000
F,152,97.396000
F,153,97.435000
F,154,97.571000
F,155,97.490000
F,156,97.535000
F,157,97.464000
F,158,97.506000
F,159,97.485000
F,160,97.476000
F,161,97.369000
F,162,97.398000
F,163,97.477000
F,164,97.469000
F,165,97.436000
F,166,97.413000
F,167,97.456000
F,168,97.462000
F,169,97.422000
F,170,97.372000
F,171,97.466000
F,172,97.480000
F,173,97.540000
F,174,97.522000
F,175,97.478000
F,176,97.440000
F,177,97.371000
F,178,97.438000
F,179,97.477000
F,180,97.565000
F,181,97.406000
F,182,97.513000
F,183,97.396000
F,184,97.458000
F,185,97.480000
F,186,97.302000
F,187,97.395000
F,188,97.525000
F,189,97.458000
F,190,97.254000
F,191,97.485000
F,192,97.527000
F,193,97.480000
F,194,97.460000
F,195,97.446000
F,196,97.480000
F,197,97.568000
F,198,97.483000
F,199,97.595000
F,200,97.492000
F,201,97.361000
F,202,97.384000
F,203,97.400000
F,204,97.333000
F,205,97.434000
F,206,97.500000
F,207,97.445000
F,208,97.456000
F,209,97.489000
F,210,97.545000
F,211,97.404000
F,212,97.453000
F,213,97.390000
F,214,97.428000
F,215,97.510000
F,216,97.496000
F,217,97.437000
F,218,97.460000
F,219,97.531000
F,220,97.580000
F,221,97.552000
F,222,97.550000
F,223,97.393000
F,224,97.505000
F,225,97.498000
F,226,97.366000
F,227,97.523000
F,228,97.492000
F,229,97.351000
F,230,97.465000
F,231,97.615000
F,232,97.599000
F,233,97.441000
F,234,97.461000
F,235,97.443000
F,236,97.510000
F,237,97.310000
F,238,97.441000
F,239,97.462000
F,240,97.395000
F,241,97.441000
F,242,97.408000
F,243,97.363000
F,244,97.482000
F,245,97.424000
F,246,97.487000
F,247,97.364000
F,248,97.473000
F,249,97.536000
F,250,97.477000
F,251,97.544000
F,252,97.366000
F,253,97.590000
F,254,97.415000
F,255,97.491000
F,256,97.587000
F,257,97.500000
F,258,97.377000
F,259,97.488000
F,260,97.469000
F,261,97.609000
F,262,97.575000
F,263,97.508000
F,264,97.566000
F,265,97.536000
F,266,97.379000
F,267,97.403000
F,268,97.501000
F,269,97.399000
F,270,97.604000
F,271,97.514000
F,272,97.436000
F,273,97.525000
F,274,97.477000
F,275,97.551000
F,276,97.485000
F,277,97.415000
F,278,97.585000
F,279,97.497000
F,280,97.373000
F,281,97.434000
F,282,97.469000
F,283,97.538000
F,284,97.584000
F,285,97.363000
F,286,97.447000
F,287,97.417000
F,288,97.482000
F,289,97.540000
F,290,97.554000
F,291,97.452000
F,292,97.395000
F,293,97.449000
F,294,97.449000
F,295,97.529000
F,296,97.442000
F,297,97.456000
F,298,97.438000
F,299,97.424000
F,300,97.364000
F,301,97.571000
F,302,97.348000
F,303,97.473000
F,304,97.370000
F,305,97.535000
F,306,97.529000
F,307,97.498000
F,308,97.469000
F,309,97.452000
F,310,97.420000
F,311,97.512000
F,312,97.490000
F,313,97.573000
F,314,97.520000
F,315,97.481000
F,316,97.511000
F,317,97.399000
F,318,97.519000
F,319,97.514000
F,320,97.531000
F,321,97.436000
F,322,97.516000
F,323,97.517000
F,324,97.499000
F,325,97.435000
F,326,97.618000
F,327,97.400000
F,328,97.400000
F,329,97.480000
F,330,97.430000
F,331,97.509000
F,332,97.367000
F,333,97.608000
F,334,97.531000
F,335,97.431000
F,336,97.422000
F,337,97.431000
F,338,97.401000
F,339,97.461000
F,340,97.541000
F,341,97.586000
F,342,97.434000
F,343,97.491000
F,344,97.511000
F,345,97.429000
F,346,97.507000
F,347,97.410000
F,348,97.501000
F,349,97.551000
F,350,97.407000
F,351,97.554000
F,352,97.571000
F,353,97.366000
F,354,97.419000
F,355,97.475000
F,356,97.586000
F,357,97.515000
F,358,97.522000
F,359,97.542000
F,360,97.536000
F,361,97.514000
F,362,97.459000
F,363,97.528000
F,364,97.481000
F,365,97.516000
F,366,97.403000
F,367,97.589000
F,368,97.385000
F,369,97.429000
F,370,97.457000
F,371,97.540000
F,372,97.541000
F,373,97.481000
F,374,97.448000
F,375,97.457000
F,376,97.327000
F,377,97.567000
F,378,97.512000
F,379,97.528000
F,380,97.547000
F,381,97.482000
F,382,97.399000
F,383,97.513000
F,384,97.375000
F,385,97.509000
F,386,97.457000
F,387,97.440000
F,388,97.610000
F,389,97.515000
F,390,97.377000
F,391,97.468000
F,392,97.476000
F,393,97.524000
F,394,97.454000
F,395,97.422000
F,396,97.449000
F,397,97.484000
F,398,97.430000
F,399,97.386000
F,400,97.479000
F,401,97.365000
F,402,97.543000
F,403,97.525000
F,404,97.546000
F,405,97.324000
F,406,97.435000
F,407,97.490000
F,408,97.437000
F,409,97.546000
F,410,97.561000
F,411,97.339000
F,412,97.401000
F,413,97.526000
F,414,97.340000
F,415,97.603000
F,416,97.501000
F,417,97.431000
F,418,97.478000
F,419,97.377000
F,420,97.469000
F,421,97.464000
F,422,97.415000
F,423,97.401000
F,424,97.393000
F,425,97.639000
F,426,97.385000
F,427,97.538000
F,428,97.427000
F,429,97.480000
F,430,97.518000
F,431,97.580000
F,432,97.469000
F,433,97.479000
F,434,97.504000
F,435,97.425000
F,436,97.452000
F,437,97.394000
F,438,97.443000
F,439,97.409000
F,440,97.445000
F,441,97.586000
F,442,97.469000
F,443,97.494000
F,444,97.441000
F,445,97.438000
F,446,97.408000
F,447,97.434000
F,448,97.446000
F,449,97.426000
F,450,97.573000
F,451,97.405000
F,452,97.346000
F,453,97.375000
F,454,97.462000
F,455,97.443000
F,456,97.409000
F,457,97.365000
F,458,97.527000
F,459,97.383000
F,460,97.492000
F,461,97.595000
F,462,97.430000
F,463,97.498000
F,464,97.444000
F,465,97.495000
F,466,97.590000
F,467,97.542000
F,468,97.535000
F,469,97.503000
F,470,97.547000
F,471,97.474000
F,472,97.273000
F,473,97.429000
F,474,97.567000
F,475,97.459000
F,476,97.456000
F,477,97.436000
F,478,97.434000
F,479,97.458000
F,480,97.394000
F,481,97.431000
F,482,97.393000
F,483,97.504000
F,484,97.471000
F,485,97.470000
F,486,97.429000
F,487,97.495000
F,488,97.368000
F,489,97.395000
F,490,97.499000
F,491,97.335000
F,492,97.347000
F,493,97.402000
F,494,97.441000
F,495,97.513000
F,496,97.541000
F,497,97.393000
F,498,97.575000
F,499,97.442000
[4/5] ECDSA verify (32-byte digest) n=500
V,0,109.583000
V,1,109.525000
V,2,109.523000
V,3,109.523000
V,4,109.525000
V,5,109.523000
V,6,109.523000
V,7,109.522000
V,8,109.523000
V,9,109.522000
V,10,109.523000
V,11,109.523000
V,12,109.523000
V,13,109.524000
V,14,109.523000
V,15,109.523000
V,16,109.523000
V,17,109.523000
V,18,109.523000
V,19,109.523000
V,20,109.523000
V,21,109.523000
V,22,109.524000
V,23,109.523000
V,24,109.523000
V,25,109.523000
V,26,109.523000
V,27,109.523000
V,28,109.523000
V,29,109.523000
V,30,109.523000
V,31,109.524000
V,32,109.523000
V,33,109.523000
V,34,109.523000
V,35,109.523000
V,36,109.523000
V,37,109.523000
V,38,109.523000
V,39,109.522000
V,40,109.523000
V,41,109.523000
V,42,109.523000
V,43,109.523000
V,44,109.523000
V,45,109.523000
V,46,109.523000
V,47,109.523000
V,48,109.524000
V,49,109.523000
V,50,109.523000
V,51,109.523000
V,52,109.523000
V,53,109.523000
V,54,109.523000
V,55,109.523000
V,56,109.523000
V,57,109.525000
V,58,109.523000
V,59,109.523000
V,60,109.523000
V,61,109.523000
V,62,109.522000
V,63,109.523000
V,64,109.523000
V,65,109.523000
V,66,109.524000
V,67,109.522000
V,68,109.523000
V,69,109.523000
V,70,109.523000
V,71,109.523000
V,72,109.523000
V,73,109.523000
V,74,109.524000
V,75,109.523000
V,76,109.522000
V,77,109.523000
V,78,109.522000
V,79,109.522000
V,80,109.523000
V,81,109.523000
V,82,109.523000
V,83,109.525000
V,84,109.523000
V,85,109.523000
V,86,109.523000
V,87,109.523000
V,88,109.523000
V,89,109.523000
V,90,109.523000
V,91,109.523000
V,92,109.525000
V,93,109.523000
V,94,109.523000
V,95,109.523000
V,96,109.523000
V,97,109.523000
V,98,109.523000
V,99,109.523000
V,100,109.523000
V,101,109.523000
V,102,109.523000
V,103,109.522000
V,104,109.523000
V,105,109.523000
V,106,109.523000
V,107,109.523000
V,108,109.523000
V,109,109.523000
V,110,109.527000
V,111,109.523000
V,112,109.523000
V,113,109.523000
V,114,109.523000
V,115,109.523000
V,116,109.523000
V,117,109.523000
V,118,109.525000
V,119,109.523000
V,120,109.523000
V,121,109.523000
V,122,109.523000
V,123,109.523000
V,124,109.523000
V,125,109.523000
V,126,109.523000
V,127,109.524000
V,128,109.523000
V,129,109.523000
V,130,109.523000
V,131,109.523000
V,132,109.523000
V,133,109.523000
V,134,109.523000
V,135,109.523000
V,136,109.525000
V,137,109.523000
V,138,109.523000
V,139,109.523000
V,140,109.523000
V,141,109.523000
V,142,109.523000
V,143,109.522000
V,144,109.523000
V,145,109.524000
V,146,109.523000
V,147,109.523000
V,148,109.523000
V,149,109.522000
V,150,109.522000
V,151,109.523000
V,152,109.523000
V,153,109.524000
V,154,109.523000
V,155,109.523000
V,156,109.523000
V,157,109.523000
V,158,109.523000
V,159,109.523000
V,160,109.523000
V,161,109.523000
V,162,109.525000
V,163,109.523000
V,164,109.523000
V,165,109.523000
V,166,109.523000
V,167,109.522000
V,168,109.523000
V,169,109.523000
V,170,109.523000
V,171,109.526000
V,172,109.523000
V,173,109.523000
V,174,109.523000
V,175,109.523000
V,176,109.523000
V,177,109.523000
V,178,109.523000
V,179,109.522000
V,180,109.523000
V,181,109.523000
V,182,109.523000
V,183,109.522000
V,184,109.523000
V,185,109.523000
V,186,109.522000
V,187,109.522000
V,188,109.522000
V,189,109.523000
V,190,109.523000
V,191,109.523000
V,192,109.523000
V,193,109.523000
V,194,109.523000
V,195,109.522000
V,196,109.523000
V,197,109.522000
V,198,109.523000
V,199,109.522000
V,200,109.523000
V,201,109.523000
V,202,109.523000
V,203,109.523000
V,204,109.522000
V,205,109.522000
V,206,109.524000
V,207,109.523000
V,208,109.523000
V,209,109.523000
V,210,109.523000
V,211,109.523000
V,212,109.523000
V,213,109.523000
V,214,109.522000
V,215,109.526000
V,216,109.523000
V,217,109.523000
V,218,109.523000
V,219,109.522000
V,220,109.523000
V,221,109.523000
V,222,109.523000
V,223,109.523000
V,224,109.524000
V,225,109.524000
V,226,109.524000
V,227,109.523000
V,228,109.522000
V,229,109.522000
V,230,109.522000
V,231,109.523000
V,232,109.525000
V,233,109.523000
V,234,109.522000
V,235,109.523000
V,236,109.523000
V,237,109.523000
V,238,109.523000
V,239,109.523000
V,240,109.524000
V,241,109.524000
V,242,109.523000
V,243,109.523000
V,244,109.522000
V,245,109.523000
V,246,109.523000
V,247,109.523000
V,248,109.522000
V,249,109.522000
V,250,109.525000
V,251,109.523000
V,252,109.523000
V,253,109.523000
V,254,109.523000
V,255,109.523000
V,256,109.522000
V,257,109.523000
V,258,109.523000
V,259,109.524000
V,260,109.523000
V,261,109.523000
V,262,109.523000
V,263,109.523000
V,264,109.523000
V,265,109.522000
V,266,109.523000
V,267,109.524000
V,268,109.523000
V,269,109.523000
V,270,109.523000
V,271,109.523000
V,272,109.522000
V,273,109.523000
V,274,109.523000
V,275,109.523000
V,276,109.525000
V,277,109.523000
V,278,109.523000
V,279,109.523000
V,280,109.523000
V,281,109.523000
V,282,109.523000
V,283,109.523000
V,284,109.523000
V,285,109.525000
V,286,109.523000
V,287,109.523000
V,288,109.523000
V,289,109.523000
V,290,109.523000
V,291,109.523000
V,292,109.523000
V,293,109.523000
V,294,109.523000
V,295,109.522000
V,296,109.523000
V,297,109.522000
V,298,109.523000
V,299,109.523000
V,300,109.523000
V,301,109.523000
V,302,109.523000
V,303,109.527000
V,304,109.522000
V,305,109.523000
V,306,109.523000
V,307,109.523000
V,308,109.523000
V,309,109.523000
V,310,109.523000
V,311,109.525000
V,312,109.523000
V,313,109.523000
V,314,109.523000
V,315,109.523000
V,316,109.523000
V,317,109.523000
V,318,109.523000
V,319,109.523000
V,320,109.524000
V,321,109.523000
V,322,109.523000
V,323,109.523000
V,324,109.523000
V,325,109.523000
V,326,109.523000
V,327,109.523000
V,328,109.523000
V,329,109.525000
V,330,109.523000
V,331,109.523000
V,332,109.523000
V,333,109.523000
V,334,109.523000
V,335,109.523000
V,336,109.523000
V,337,109.523000
V,338,109.527000
V,339,109.523000
V,340,109.523000
V,341,109.523000
V,342,109.523000
V,343,109.523000
V,344,109.523000
V,345,109.523000
V,346,109.524000
V,347,109.523000
V,348,109.523000
V,349,109.523000
V,350,109.522000
V,351,109.523000
V,352,109.523000
V,353,109.523000
V,354,109.523000
V,355,109.524000
V,356,109.523000
V,357,109.523000
V,358,109.523000
V,359,109.523000
V,360,109.523000
V,361,109.523000
V,362,109.523000
V,363,109.523000
V,364,109.526000
V,365,109.523000
V,366,109.523000
V,367,109.523000
V,368,109.523000
V,369,109.523000
V,370,109.523000
V,371,109.523000
V,372,109.523000
V,373,109.526000
V,374,109.523000
V,375,109.523000
V,376,109.523000
V,377,109.524000
V,378,109.523000
V,379,109.523000
V,380,109.523000
V,381,109.523000
V,382,109.523000
V,383,109.523000
V,384,109.523000
V,385,109.523000
V,386,109.524000
V,387,109.523000
V,388,109.523000
V,389,109.523000
V,390,109.525000
V,391,109.523000
V,392,109.523000
V,393,109.523000
V,394,109.523000
V,395,109.523000
V,396,109.523000
V,397,109.523000
V,398,109.523000
V,399,109.525000
V,400,109.523000
V,401,109.523000
V,402,109.523000
V,403,109.523000
V,404,109.524000
V,405,109.523000
V,406,109.523000
V,407,109.523000
V,408,109.526000
V,409,109.523000
V,410,109.523000
V,411,109.523000
V,412,109.523000
V,413,109.523000
V,414,109.523000
V,415,109.523000
V,416,109.523000
V,417,109.527000
V,418,109.523000
V,419,109.523000
V,420,109.523000
V,421,109.523000
V,422,109.523000
V,423,109.523000
V,424,109.523000
V,425,109.525000
V,426,109.523000
V,427,109.523000
V,428,109.523000
V,429,109.523000
V,430,109.523000
V,431,109.523000
V,432,109.523000
V,433,109.523000
V,434,109.524000
V,435,109.523000
V,436,109.523000
V,437,109.523000
V,438,109.523000
V,439,109.522000
V,440,109.524000
V,441,109.522000
V,442,109.523000
V,443,109.525000
V,444,109.523000
V,445,109.523000
V,446,109.523000
V,447,109.523000
V,448,109.523000
V,449,109.523000
V,450,109.523000
V,451,109.523000
V,452,109.527000
V,453,109.523000
V,454,109.523000
V,455,109.523000
V,456,109.523000
V,457,109.523000
V,458,109.523000
V,459,109.523000
V,460,109.524000
V,461,109.523000
V,462,109.523000
V,463,109.523000
V,464,109.523000
V,465,109.523000
V,466,109.523000
V,467,109.523000
V,468,109.523000
V,469,109.525000
V,470,109.523000
V,471,109.522000
V,472,109.523000
V,473,109.523000
V,474,109.523000
V,475,109.523000
V,476,109.523000
V,477,109.523000
V,478,109.525000
V,479,109.523000
V,480,109.523000
V,481,109.523000
V,482,109.523000
V,483,109.523000
V,484,109.523000
V,485,109.523000
V,486,109.523000
V,487,109.524000
V,488,109.523000
V,489,109.523000
V,490,109.523000
V,491,109.523000
V,492,109.523000
V,493,109.523000
V,494,109.523000
V,495,109.523000
V,496,109.526000
V,497,109.523000
V,498,109.523000
V,499,109.523000
NEGATIVE_CONTROL,tampered_digest_rc=-1,REJECTED_OK
[5/5] SHA-256 over 7353 B n=200
H,0,0.736000
H,1,0.724000
H,2,0.726000
H,3,0.724000
H,4,0.726000
H,5,0.724000
H,6,0.726000
H,7,0.724000
H,8,0.726000
H,9,0.724000
H,10,0.726000
H,11,0.724000
H,12,0.726000
H,13,0.724000
H,14,0.726000
H,15,0.724000
H,16,0.726000
H,17,0.724000
H,18,0.726000
H,19,0.724000
H,20,0.726000
H,21,0.724000
H,22,0.726000
H,23,0.724000
H,24,0.726000
H,25,0.724000
H,26,0.726000
H,27,0.724000
H,28,0.726000
H,29,0.724000
H,30,0.726000
H,31,0.724000
H,32,0.726000
H,33,0.724000
H,34,0.726000
H,35,0.724000
H,36,0.726000
H,37,0.724000
H,38,0.726000
H,39,0.724000
H,40,0.726000
H,41,0.724000
H,42,0.726000
H,43,0.724000
H,44,0.726000
H,45,0.724000
H,46,0.726000
H,47,0.724000
H,48,0.726000
H,49,0.724000
H,50,0.726000
H,51,0.724000
H,52,0.726000
H,53,0.724000
H,54,0.726000
H,55,0.724000
H,56,0.726000
H,57,0.724000
H,58,0.726000
H,59,0.724000
H,60,0.726000
H,61,0.724000
H,62,0.726000
H,63,0.724000
H,64,0.726000
H,65,0.724000
H,66,0.726000
H,67,0.724000
H,68,0.726000
H,69,0.724000
H,70,0.726000
H,71,0.724000
H,72,0.726000
H,73,0.724000
H,74,0.726000
H,75,0.724000
H,76,0.726000
H,77,0.724000
H,78,0.726000
H,79,0.724000
H,80,0.726000
H,81,0.724000
H,82,0.726000
H,83,0.724000
H,84,0.726000
H,85,0.724000
H,86,0.726000
H,87,0.724000
H,88,0.726000
H,89,0.724000
H,90,0.726000
H,91,0.724000
H,92,0.726000
H,93,0.724000
H,94,0.726000
H,95,0.724000
H,96,0.726000
H,97,0.724000
H,98,0.726000
H,99,0.724000
H,100,0.726000
H,101,0.724000
H,102,0.726000
H,103,0.724000
H,104,0.726000
H,105,0.724000
H,106,0.726000
H,107,0.724000
H,108,0.726000
H,109,0.724000
H,110,0.726000
H,111,0.724000
H,112,0.726000
H,113,0.724000
H,114,0.726000
H,115,0.724000
H,116,0.726000
H,117,0.724000
H,118,0.726000
H,119,0.724000
H,120,0.726000
H,121,0.724000
H,122,0.726000
H,123,0.724000
H,124,0.726000
H,125,0.724000
H,126,0.726000
H,127,0.724000
H,128,0.726000
H,129,0.724000
H,130,0.726000
H,131,0.724000
H,132,0.726000
H,133,0.724000
H,134,0.726000
H,135,0.724000
H,136,0.726000
H,137,0.724000
H,138,0.726000
H,139,0.724000
H,140,0.726000
H,141,0.724000
H,142,0.726000
H,143,0.724000
H,144,0.726000
H,145,0.724000
H,146,0.726000
H,147,0.724000
H,148,0.726000
H,149,0.724000
H,150,0.726000
H,151,0.724000
H,152,0.726000
H,153,0.724000
H,154,0.726000
H,155,0.724000
H,156,0.726000
H,157,0.724000
H,158,0.726000
H,159,0.724000
H,160,0.726000
H,161,0.724000
H,162,0.726000
H,163,0.724000
H,164,0.726000
H,165,0.724000
H,166,0.726000
H,167,0.724000
H,168,0.726000
H,169,0.724000
H,170,0.726000
H,171,0.724000
H,172,0.726000
H,173,0.724000
H,174,0.726000
H,175,0.724000
H,176,0.726000
H,177,0.724000
H,178,0.726000
H,179,0.724000
H,180,0.726000
H,181,0.724000
H,182,0.726000
H,183,0.724000
H,184,0.726000
H,185,0.724000
H,186,0.726000
H,187,0.724000
H,188,0.726000
H,189,0.724000
H,190,0.726000
H,191,0.724000
H,192,0.726000
H,193,0.724000
H,194,0.726000
H,195,0.724000
H,196,0.726000
H,197,0.724000
H,198,0.726000
H,199,0.724000

--- SUMMARY ---
KEYGEN         n=20 mean=91.613500 sd=0.070037 min=91.484000 median=91.604000 p95=91.690050 p99=91.782010 max=91.805000 ms
SIGN_DIGEST    n=500 mean=96.744810 sd=0.067379 min=96.580000 median=96.740500 p95=96.851050 p99=96.916020 max=97.030000 ms
FRAME_SIGN     n=500 mean=97.467970 sd=0.068381 min=97.203000 median=97.469000 p95=97.584000 p99=97.610050 max=97.639000 ms
VERIFY         n=500 mean=109.523246 sd=0.002776 min=109.522000 median=109.523000 p95=109.525000 p99=109.527000 max=109.583000 ms
SHA256_7353    n=200 mean=0.725050 sd=0.001264 min=0.724000 median=0.725000 p95=0.726000 p99=0.726000 max=0.736000 ms
FRAME_SIGN_over_100ms=0/500
heap free=270128 min=244064
ESP32_UECC_BASELINE_OK
