[PLATFORM] ESP32 | 240 MHz | 2 core | SDK v5.5.5
[PLATFORM] flash=4194304 B heap=305856 B
[PLATFORM] reset_reason=1
[ECDSA] transcript input = 7353 bytes
[1/5] ECDSA-P256 keygen n=20
KG,0,91.649000
KG,1,91.906000
KG,2,91.572000
KG,3,91.600000
KG,4,91.634000
KG,5,91.545000
KG,6,91.606000
KG,7,91.581000
KG,8,91.589000
KG,9,91.649000
KG,10,91.561000
KG,11,91.614000
KG,12,91.616000
KG,13,91.629000
KG,14,91.579000
KG,15,91.532000
KG,16,91.618000
KG,17,91.591000
KG,18,91.635000
KG,19,91.617000
[2/5] ECDSA sign (32-byte digest) n=500
S,0,96.845000
S,1,96.576000
S,2,96.704000
S,3,96.782000
S,4,96.667000
S,5,96.739000
S,6,96.724000
S,7,96.610000
S,8,96.851000
S,9,96.664000
S,10,96.784000
S,11,96.741000
S,12,96.733000
S,13,96.689000
S,14,96.770000
S,15,96.688000
S,16,96.782000
S,17,96.774000
S,18,96.811000
S,19,96.726000
S,20,96.695000
S,21,96.717000
S,22,96.777000
S,23,96.778000
S,24,96.846000
S,25,96.796000
S,26,96.681000
S,27,96.706000
S,28,96.775000
S,29,96.723000
S,30,96.709000
S,31,96.737000
S,32,96.715000
S,33,96.682000
S,34,96.810000
S,35,96.722000
S,36,96.735000
S,37,96.686000
S,38,96.690000
S,39,96.798000
S,40,96.773000
S,41,96.821000
S,42,96.681000
S,43,96.783000
S,44,96.669000
S,45,96.692000
S,46,96.694000
S,47,96.695000
S,48,96.765000
S,49,96.785000
S,50,96.707000
S,51,96.643000
S,52,96.792000
S,53,96.747000
S,54,96.739000
S,55,96.769000
S,56,96.739000
S,57,96.699000
S,58,96.758000
S,59,96.738000
S,60,96.703000
S,61,96.638000
S,62,96.704000
S,63,96.629000
S,64,96.596000
S,65,96.782000
S,66,96.757000
S,67,96.715000
S,68,96.780000
S,69,96.689000
S,70,96.842000
S,71,96.713000
S,72,96.791000
S,73,96.814000
S,74,96.756000
S,75,96.775000
S,76,96.696000
S,77,96.774000
S,78,96.879000
S,79,96.761000
S,80,96.743000
S,81,96.780000
S,82,96.806000
S,83,96.709000
S,84,96.739000
S,85,96.750000
S,86,96.726000
S,87,96.800000
S,88,96.730000
S,89,96.797000
S,90,96.714000
S,91,96.825000
S,92,96.787000
S,93,96.698000
S,94,96.738000
S,95,96.795000
S,96,96.707000
S,97,96.804000
S,98,96.707000
S,99,96.695000
S,100,96.711000
S,101,96.678000
S,102,96.696000
S,103,96.754000
S,104,96.697000
S,105,96.807000
S,106,96.775000
S,107,96.651000
S,108,96.768000
S,109,96.762000
S,110,96.691000
S,111,96.839000
S,112,96.722000
S,113,96.735000
S,114,96.738000
S,115,96.861000
S,116,96.753000
S,117,96.816000
S,118,96.677000
S,119,96.645000
S,120,96.729000
S,121,96.711000
S,122,96.775000
S,123,96.777000
S,124,96.750000
S,125,96.731000
S,126,96.685000
S,127,96.618000
S,128,96.709000
S,129,96.668000
S,130,96.716000
S,131,96.730000
S,132,96.711000
S,133,96.732000
S,134,96.708000
S,135,96.650000
S,136,96.776000
S,137,96.770000
S,138,96.701000
S,139,96.772000
S,140,96.722000
S,141,96.786000
S,142,96.708000
S,143,96.718000
S,144,96.865000
S,145,96.824000
S,146,96.702000
S,147,96.740000
S,148,96.704000
S,149,96.807000
S,150,96.824000
S,151,96.767000
S,152,96.866000
S,153,96.678000
S,154,96.701000
S,155,96.671000
S,156,96.746000
S,157,96.749000
S,158,96.849000
S,159,96.618000
S,160,96.792000
S,161,96.745000
S,162,96.832000
S,163,96.791000
S,164,96.678000
S,165,96.780000
S,166,96.741000
S,167,96.691000
S,168,96.735000
S,169,96.704000
S,170,96.804000
S,171,96.797000
S,172,96.684000
S,173,96.724000
S,174,96.736000
S,175,96.785000
S,176,96.764000
S,177,96.702000
S,178,96.648000
S,179,96.671000
S,180,96.787000
S,181,96.815000
S,182,96.815000
S,183,96.726000
S,184,96.811000
S,185,96.756000
S,186,96.657000
S,187,96.765000
S,188,96.796000
S,189,96.760000
S,190,96.698000
S,191,96.742000
S,192,96.725000
S,193,96.726000
S,194,96.746000
S,195,96.703000
S,196,96.639000
S,197,96.718000
S,198,96.616000
S,199,96.749000
S,200,96.705000
S,201,96.659000
S,202,96.804000
S,203,96.736000
S,204,96.763000
S,205,96.740000
S,206,96.592000
S,207,96.606000
S,208,96.823000
S,209,96.900000
S,210,96.820000
S,211,96.745000
S,212,96.795000
S,213,96.837000
S,214,96.642000
S,215,96.736000
S,216,96.757000
S,217,96.645000
S,218,96.571000
S,219,96.764000
S,220,96.761000
S,221,96.687000
S,222,96.691000
S,223,96.836000
S,224,96.745000
S,225,96.706000
S,226,96.767000
S,227,96.631000
S,228,96.825000
S,229,96.692000
S,230,96.765000
S,231,96.822000
S,232,96.786000
S,233,96.711000
S,234,96.716000
S,235,96.670000
S,236,96.643000
S,237,96.645000
S,238,96.818000
S,239,96.867000
S,240,96.805000
S,241,96.703000
S,242,96.688000
S,243,96.707000
S,244,96.822000
S,245,96.774000
S,246,96.776000
S,247,96.723000
S,248,96.845000
S,249,96.743000
S,250,96.618000
S,251,96.659000
S,252,96.771000
S,253,96.778000
S,254,96.775000
S,255,96.771000
S,256,96.676000
S,257,96.700000
S,258,96.692000
S,259,96.767000
S,260,96.780000
S,261,96.804000
S,262,96.719000
S,263,96.770000
S,264,96.831000
S,265,96.713000
S,266,96.755000
S,267,96.730000
S,268,96.713000
S,269,96.697000
S,270,96.826000
S,271,96.639000
S,272,96.728000
S,273,96.651000
S,274,96.840000
S,275,96.756000
S,276,96.738000
S,277,96.656000
S,278,96.633000
S,279,96.706000
S,280,96.692000
S,281,96.689000
S,282,96.636000
S,283,96.815000
S,284,96.812000
S,285,96.712000
S,286,96.864000
S,287,96.743000
S,288,96.812000
S,289,96.693000
S,290,96.668000
S,291,96.595000
S,292,96.757000
S,293,96.793000
S,294,96.608000
S,295,96.729000
S,296,96.739000
S,297,96.790000
S,298,96.750000
S,299,96.721000
S,300,96.732000
S,301,96.766000
S,302,96.804000
S,303,96.861000
S,304,96.752000
S,305,96.693000
S,306,96.836000
S,307,96.570000
S,308,96.685000
S,309,96.722000
S,310,96.753000
S,311,96.676000
S,312,96.656000
S,313,96.657000
S,314,96.729000
S,315,96.785000
S,316,96.667000
S,317,96.753000
S,318,96.857000
S,319,96.716000
S,320,96.643000
S,321,96.753000
S,322,96.741000
S,323,96.760000
S,324,96.674000
S,325,96.626000
S,326,96.658000
S,327,96.820000
S,328,96.591000
S,329,96.654000
S,330,96.796000
S,331,96.746000
S,332,96.701000
S,333,96.786000
S,334,96.794000
S,335,96.618000
S,336,96.716000
S,337,96.747000
S,338,96.868000
S,339,96.698000
S,340,96.683000
S,341,96.658000
S,342,96.779000
S,343,96.783000
S,344,96.749000
S,345,96.720000
S,346,96.663000
S,347,96.806000
S,348,96.737000
S,349,96.771000
S,350,96.764000
S,351,96.782000
S,352,96.806000
S,353,96.759000
S,354,96.795000
S,355,96.760000
S,356,96.639000
S,357,96.703000
S,358,96.699000
S,359,96.756000
S,360,96.784000
S,361,96.712000
S,362,96.747000
S,363,96.737000
S,364,96.870000
S,365,96.739000
S,366,96.773000
S,367,96.724000
S,368,96.718000
S,369,96.640000
S,370,96.697000
S,371,96.787000
S,372,96.659000
S,373,96.776000
S,374,96.704000
S,375,96.665000
S,376,96.839000
S,377,96.877000
S,378,96.733000
S,379,96.758000
S,380,96.734000
S,381,96.825000
S,382,96.649000
S,383,96.718000
S,384,96.730000
S,385,96.696000
S,386,96.764000
S,387,96.687000
S,388,96.841000
S,389,96.692000
S,390,96.776000
S,391,96.725000
S,392,96.843000
S,393,96.725000
S,394,96.665000
S,395,96.729000
S,396,96.792000
S,397,96.798000
S,398,96.657000
S,399,96.840000
S,400,96.595000
S,401,96.776000
S,402,96.792000
S,403,96.775000
S,404,96.656000
S,405,96.738000
S,406,96.785000
S,407,96.722000
S,408,96.661000
S,409,96.811000
S,410,96.691000
S,411,96.706000
S,412,96.907000
S,413,96.712000
S,414,96.674000
S,415,96.797000
S,416,96.810000
S,417,96.762000
S,418,96.725000
S,419,96.730000
S,420,96.694000
S,421,96.742000
S,422,96.682000
S,423,96.696000
S,424,96.758000
S,425,96.847000
S,426,96.812000
S,427,96.745000
S,428,96.651000
S,429,96.791000
S,430,96.707000
S,431,96.678000
S,432,96.796000
S,433,96.820000
S,434,96.842000
S,435,96.663000
S,436,96.745000
S,437,96.875000
S,438,96.758000
S,439,96.745000
S,440,96.726000
S,441,96.750000
S,442,96.757000
S,443,96.741000
S,444,96.770000
S,445,96.754000
S,446,96.770000
S,447,96.733000
S,448,96.770000
S,449,96.759000
S,450,96.680000
S,451,96.692000
S,452,96.764000
S,453,96.759000
S,454,96.695000
S,455,96.813000
S,456,96.694000
S,457,96.727000
S,458,96.697000
S,459,96.744000
S,460,96.707000
S,461,96.780000
S,462,96.672000
S,463,96.757000
S,464,96.688000
S,465,96.688000
S,466,96.777000
S,467,96.823000
S,468,96.753000
S,469,96.710000
S,470,96.812000
S,471,96.801000
S,472,96.804000
S,473,96.708000
S,474,96.719000
S,475,96.810000
S,476,96.779000
S,477,96.803000
S,478,96.720000
S,479,96.684000
S,480,96.741000
S,481,96.691000
S,482,96.801000
S,483,96.711000
S,484,96.720000
S,485,96.723000
S,486,96.759000
S,487,96.740000
S,488,96.677000
S,489,96.754000
S,490,96.832000
S,491,96.716000
S,492,96.775000
S,493,96.756000
S,494,96.783000
S,495,96.770000
S,496,96.866000
S,497,96.839000
S,498,96.746000
S,499,96.734000
[ECDSA] raw r||s signature length (last) = 64 bytes
[3/5] ECDSA framework sign (SHA-256 over 7353 B + sign) n=500
F,0,97.372000
F,1,97.395000
F,2,97.499000
F,3,97.372000
F,4,97.458000
F,5,97.543000
F,6,97.557000
F,7,97.447000
F,8,97.400000
F,9,97.498000
F,10,97.534000
F,11,97.465000
F,12,97.425000
F,13,97.447000
F,14,97.358000
F,15,97.515000
F,16,97.461000
F,17,97.514000
F,18,97.418000
F,19,97.409000
F,20,97.384000
F,21,97.435000
F,22,97.465000
F,23,97.424000
F,24,97.490000
F,25,97.435000
F,26,97.426000
F,27,97.452000
F,28,97.486000
F,29,97.574000
F,30,97.357000
F,31,97.439000
F,32,97.571000
F,33,97.411000
F,34,97.384000
F,35,97.445000
F,36,97.368000
F,37,97.490000
F,38,97.429000
F,39,97.473000
F,40,97.364000
F,41,97.444000
F,42,97.430000
F,43,97.419000
F,44,97.468000
F,45,97.523000
F,46,97.362000
F,47,97.431000
F,48,97.510000
F,49,97.420000
F,50,97.571000
F,51,97.352000
F,52,97.389000
F,53,97.451000
F,54,97.479000
F,55,97.521000
F,56,97.445000
F,57,97.484000
F,58,97.412000
F,59,97.536000
F,60,97.459000
F,61,97.437000
F,62,97.451000
F,63,97.519000
F,64,97.509000
F,65,97.539000
F,66,97.497000
F,67,97.486000
F,68,97.462000
F,69,97.461000
F,70,97.461000
F,71,97.434000
F,72,97.418000
F,73,97.407000
F,74,97.495000
F,75,97.513000
F,76,97.459000
F,77,97.447000
F,78,97.475000
F,79,97.433000
F,80,97.448000
F,81,97.469000
F,82,97.587000
F,83,97.446000
F,84,97.409000
F,85,97.417000
F,86,97.469000
F,87,97.457000
F,88,97.412000
F,89,97.627000
F,90,97.416000
F,91,97.518000
F,92,97.360000
F,93,97.521000
F,94,97.454000
F,95,97.606000
F,96,97.528000
F,97,97.341000
F,98,97.429000
F,99,97.453000
F,100,97.504000
F,101,97.426000
F,102,97.442000
F,103,97.475000
F,104,97.567000
F,105,97.400000
F,106,97.346000
F,107,97.515000
F,108,97.490000
F,109,97.452000
F,110,97.461000
F,111,97.457000
F,112,97.467000
F,113,97.538000
F,114,97.500000
F,115,97.449000
F,116,97.405000
F,117,97.516000
F,118,97.448000
F,119,97.587000
F,120,97.422000
F,121,97.522000
F,122,97.516000
F,123,97.430000
F,124,97.587000
F,125,97.387000
F,126,97.480000
F,127,97.492000
F,128,97.462000
F,129,97.513000
F,130,97.349000
F,131,97.566000
F,132,97.501000
F,133,97.512000
F,134,97.608000
F,135,97.487000
F,136,97.330000
F,137,97.504000
F,138,97.543000
F,139,97.446000
F,140,97.477000
F,141,97.567000
F,142,97.487000
F,143,97.520000
F,144,97.581000
F,145,97.520000
F,146,97.465000
F,147,97.482000
F,148,97.447000
F,149,97.376000
F,150,97.343000
F,151,97.481000
F,152,97.480000
F,153,97.319000
F,154,97.506000
F,155,97.456000
F,156,97.543000
F,157,97.454000
F,158,97.456000
F,159,97.418000
F,160,97.539000
F,161,97.428000
F,162,97.531000
F,163,97.531000
F,164,97.404000
F,165,97.504000
F,166,97.473000
F,167,97.520000
F,168,97.479000
F,169,97.460000
F,170,97.398000
F,171,97.546000
F,172,97.435000
F,173,97.422000
F,174,97.347000
F,175,97.270000
F,176,97.533000
F,177,97.407000
F,178,97.390000
F,179,97.403000
F,180,97.519000
F,181,97.471000
F,182,97.474000
F,183,97.443000
F,184,97.399000
F,185,97.377000
F,186,97.507000
F,187,97.428000
F,188,97.450000
F,189,97.384000
F,190,97.552000
F,191,97.508000
F,192,97.513000
F,193,97.539000
F,194,97.520000
F,195,97.553000
F,196,97.449000
F,197,97.491000
F,198,97.486000
F,199,97.514000
F,200,97.328000
F,201,97.474000
F,202,97.411000
F,203,97.371000
F,204,97.368000
F,205,97.576000
F,206,97.508000
F,207,97.445000
F,208,97.463000
F,209,97.392000
F,210,97.438000
F,211,97.414000
F,212,97.536000
F,213,97.504000
F,214,97.443000
F,215,97.452000
F,216,97.571000
F,217,97.496000
F,218,97.490000
F,219,97.480000
F,220,97.443000
F,221,97.523000
F,222,97.396000
F,223,97.573000
F,224,97.497000
F,225,97.531000
F,226,97.402000
F,227,97.440000
F,228,97.493000
F,229,97.600000
F,230,97.562000
F,231,97.488000
F,232,97.357000
F,233,97.446000
F,234,97.530000
F,235,97.458000
F,236,97.625000
F,237,97.533000
F,238,97.425000
F,239,97.465000
F,240,97.512000
F,241,97.473000
F,242,97.478000
F,243,97.511000
F,244,97.458000
F,245,97.425000
F,246,97.534000
F,247,97.424000
F,248,97.522000
F,249,97.517000
F,250,97.523000
F,251,97.547000
F,252,97.509000
F,253,97.512000
F,254,97.452000
F,255,97.485000
F,256,97.378000
F,257,97.365000
F,258,97.417000
F,259,97.264000
F,260,97.438000
F,261,97.420000
F,262,97.418000
F,263,97.507000
F,264,97.418000
F,265,97.435000
F,266,97.466000
F,267,97.488000
F,268,97.487000
F,269,97.364000
F,270,97.460000
F,271,97.457000
F,272,97.478000
F,273,97.459000
F,274,97.484000
F,275,97.425000
F,276,97.417000
F,277,97.354000
F,278,97.409000
F,279,97.393000
F,280,97.466000
F,281,97.407000
F,282,97.514000
F,283,97.424000
F,284,97.440000
F,285,97.382000
F,286,97.488000
F,287,97.463000
F,288,97.301000
F,289,97.546000
F,290,97.399000
F,291,97.563000
F,292,97.472000
F,293,97.527000
F,294,97.484000
F,295,97.492000
F,296,97.498000
F,297,97.398000
F,298,97.464000
F,299,97.417000
F,300,97.488000
F,301,97.381000
F,302,97.469000
F,303,97.477000
F,304,97.292000
F,305,97.486000
F,306,97.458000
F,307,97.445000
F,308,97.558000
F,309,97.527000
F,310,97.561000
F,311,97.449000
F,312,97.552000
F,313,97.609000
F,314,97.526000
F,315,97.438000
F,316,97.568000
F,317,97.487000
F,318,97.478000
F,319,97.531000
F,320,97.461000
F,321,97.520000
F,322,97.432000
F,323,97.482000
F,324,97.450000
F,325,97.478000
F,326,97.580000
F,327,97.364000
F,328,97.414000
F,329,97.445000
F,330,97.495000
F,331,97.464000
F,332,97.482000
F,333,97.351000
F,334,97.421000
F,335,97.480000
F,336,97.466000
F,337,97.479000
F,338,97.497000
F,339,97.510000
F,340,97.563000
F,341,97.458000
F,342,97.581000
F,343,97.394000
F,344,97.467000
F,345,97.380000
F,346,97.479000
F,347,97.549000
F,348,97.397000
F,349,97.485000
F,350,97.509000
F,351,97.503000
F,352,97.470000
F,353,97.463000
F,354,97.541000
F,355,97.438000
F,356,97.490000
F,357,97.545000
F,358,97.390000
F,359,97.420000
F,360,97.443000
F,361,97.397000
F,362,97.464000
F,363,97.491000
F,364,97.585000
F,365,97.577000
F,366,97.507000
F,367,97.473000
F,368,97.504000
F,369,97.396000
F,370,97.383000
F,371,97.502000
F,372,97.498000
F,373,97.542000
F,374,97.455000
F,375,97.400000
F,376,97.420000
F,377,97.499000
F,378,97.336000
F,379,97.426000
F,380,97.461000
F,381,97.559000
F,382,97.422000
F,383,97.325000
F,384,97.394000
F,385,97.491000
F,386,97.483000
F,387,97.402000
F,388,97.387000
F,389,97.510000
F,390,97.512000
F,391,97.403000
F,392,97.550000
F,393,97.453000
F,394,97.496000
F,395,97.484000
F,396,97.511000
F,397,97.417000
F,398,97.501000
F,399,97.462000
F,400,97.407000
F,401,97.508000
F,402,97.506000
F,403,97.381000
F,404,97.505000
F,405,97.506000
F,406,97.381000
F,407,97.341000
F,408,97.517000
F,409,97.452000
F,410,97.437000
F,411,97.573000
F,412,97.608000
F,413,97.431000
F,414,97.530000
F,415,97.501000
F,416,97.449000
F,417,97.434000
F,418,97.672000
F,419,97.470000
F,420,97.490000
F,421,97.544000
F,422,97.315000
F,423,97.442000
F,424,97.580000
F,425,97.433000
F,426,97.479000
F,427,97.362000
F,428,97.469000
F,429,97.448000
F,430,97.439000
F,431,97.483000
F,432,97.358000
F,433,97.463000
F,434,97.373000
F,435,97.511000
F,436,97.492000
F,437,97.313000
F,438,97.416000
F,439,97.446000
F,440,97.544000
F,441,97.359000
F,442,97.506000
F,443,97.546000
F,444,97.407000
F,445,97.474000
F,446,97.562000
F,447,97.438000
F,448,97.533000
F,449,97.423000
F,450,97.430000
F,451,97.490000
F,452,97.477000
F,453,97.439000
F,454,97.536000
F,455,97.566000
F,456,97.438000
F,457,97.580000
F,458,97.488000
F,459,97.456000
F,460,97.528000
F,461,97.437000
F,462,97.391000
F,463,97.524000
F,464,97.426000
F,465,97.418000
F,466,97.529000
F,467,97.438000
F,468,97.552000
F,469,97.338000
F,470,97.580000
F,471,97.506000
F,472,97.494000
F,473,97.507000
F,474,97.534000
F,475,97.579000
F,476,97.358000
F,477,97.394000
F,478,97.516000
F,479,97.486000
F,480,97.463000
F,481,97.490000
F,482,97.330000
F,483,97.410000
F,484,97.284000
F,485,97.533000
F,486,97.383000
F,487,97.387000
F,488,97.459000
F,489,97.560000
F,490,97.435000
F,491,97.465000
F,492,97.569000
F,493,97.531000
F,494,97.483000
F,495,97.378000
F,496,97.451000
F,497,97.518000
F,498,97.475000
F,499,97.334000
[4/5] ECDSA verify (32-byte digest) n=500
V,0,108.870000
V,1,108.813000
V,2,108.810000
V,3,108.810000
V,4,108.813000
V,5,108.810000
V,6,108.810000
V,7,108.810000
V,8,108.812000
V,9,108.810000
V,10,108.810000
V,11,108.810000
V,12,108.810000
V,13,108.810000
V,14,108.810000
V,15,108.810000
V,16,108.810000
V,17,108.810000
V,18,108.810000
V,19,108.810000
V,20,108.810000
V,21,108.810000
V,22,108.812000
V,23,108.810000
V,24,108.810000
V,25,108.810000
V,26,108.810000
V,27,108.810000
V,28,108.810000
V,29,108.812000
V,30,108.810000
V,31,108.812000
V,32,108.810000
V,33,108.810000
V,34,108.810000
V,35,108.810000
V,36,108.812000
V,37,108.810000
V,38,108.810000
V,39,108.810000
V,40,108.813000
V,41,108.810000
V,42,108.810000
V,43,108.810000
V,44,108.810000
V,45,108.810000
V,46,108.810000
V,47,108.810000
V,48,108.810000
V,49,108.813000
V,50,108.810000
V,51,108.810000
V,52,108.810000
V,53,108.812000
V,54,108.810000
V,55,108.810000
V,56,108.810000
V,57,108.812000
V,58,108.810000
V,59,108.810000
V,60,108.810000
V,61,108.810000
V,62,108.810000
V,63,108.812000
V,64,108.810000
V,65,108.810000
V,66,108.812000
V,67,108.810000
V,68,108.810000
V,69,108.810000
V,70,108.812000
V,71,108.812000
V,72,108.812000
V,73,108.810000
V,74,108.812000
V,75,108.813000
V,76,108.812000
V,77,108.812000
V,78,108.810000
V,79,108.812000
V,80,108.812000
V,81,108.810000
V,82,108.810000
V,83,108.810000
V,84,108.812000
V,85,108.810000
V,86,108.810000
V,87,108.810000
V,88,108.810000
V,89,108.810000
V,90,108.810000
V,91,108.810000
V,92,108.810000
V,93,108.810000
V,94,108.810000
V,95,108.810000
V,96,108.810000
V,97,108.810000
V,98,108.810000
V,99,108.810000
V,100,108.810000
V,101,108.810000
V,102,108.813000
V,103,108.810000
V,104,108.812000
V,105,108.810000
V,106,108.810000
V,107,108.810000
V,108,108.812000
V,109,108.810000
V,110,108.810000
V,111,108.813000
V,112,108.810000
V,113,108.812000
V,114,108.810000
V,115,108.812000
V,116,108.810000
V,117,108.810000
V,118,108.810000
V,119,108.811000
V,120,108.810000
V,121,108.812000
V,122,108.810000
V,123,108.810000
V,124,108.810000
V,125,108.812000
V,126,108.810000
V,127,108.810000
V,128,108.811000
V,129,108.810000
V,130,108.810000
V,131,108.812000
V,132,108.810000
V,133,108.812000
V,134,108.810000
V,135,108.812000
V,136,108.810000
V,137,108.812000
V,138,108.812000
V,139,108.812000
V,140,108.812000
V,141,108.812000
V,142,108.810000
V,143,108.810000
V,144,108.810000
V,145,108.810000
V,146,108.812000
V,147,108.812000
V,148,108.812000
V,149,108.810000
V,150,108.810000
V,151,108.812000
V,152,108.812000
V,153,108.810000
V,154,108.810000
V,155,108.810000
V,156,108.810000
V,157,108.812000
V,158,108.810000
V,159,108.810000
V,160,108.810000
V,161,108.810000
V,162,108.810000
V,163,108.810000
V,164,108.812000
V,165,108.812000
V,166,108.810000
V,167,108.810000
V,168,108.810000
V,169,108.812000
V,170,108.810000
V,171,108.812000
V,172,108.810000
V,173,108.814000
V,174,108.810000
V,175,108.810000
V,176,108.810000
V,177,108.810000
V,178,108.810000
V,179,108.810000
V,180,108.810000
V,181,108.812000
V,182,108.810000
V,183,108.812000
V,184,108.810000
V,185,108.810000
V,186,108.810000
V,187,108.812000
V,188,108.812000
V,189,108.810000
V,190,108.813000
V,191,108.810000
V,192,108.810000
V,193,108.810000
V,194,108.810000
V,195,108.810000
V,196,108.810000
V,197,108.810000
V,198,108.812000
V,199,108.813000
V,200,108.810000
V,201,108.812000
V,202,108.812000
V,203,108.812000
V,204,108.812000
V,205,108.812000
V,206,108.810000
V,207,108.812000
V,208,108.813000
V,209,108.810000
V,210,108.810000
V,211,108.812000
V,212,108.812000
V,213,108.812000
V,214,108.810000
V,215,108.810000
V,216,108.812000
V,217,108.813000
V,218,108.810000
V,219,108.810000
V,220,108.812000
V,221,108.810000
V,222,108.810000
V,223,108.810000
V,224,108.810000
V,225,108.810000
V,226,108.814000
V,227,108.810000
V,228,108.810000
V,229,108.810000
V,230,108.810000
V,231,108.810000
V,232,108.810000
V,233,108.810000
V,234,108.810000
V,235,108.810000
V,236,108.810000
V,237,108.810000
V,238,108.810000
V,239,108.810000
V,240,108.810000
V,241,108.810000
V,242,108.810000
V,243,108.811000
V,244,108.810000
V,245,108.810000
V,246,108.810000
V,247,108.810000
V,248,108.810000
V,249,108.810000
V,250,108.810000
V,251,108.810000
V,252,108.812000
V,253,108.812000
V,254,108.810000
V,255,108.810000
V,256,108.810000
V,257,108.810000
V,258,108.810000
V,259,108.810000
V,260,108.810000
V,261,108.812000
V,262,108.810000
V,263,108.810000
V,264,108.810000
V,265,108.810000
V,266,108.810000
V,267,108.810000
V,268,108.810000
V,269,108.810000
V,270,108.812000
V,271,108.810000
V,272,108.810000
V,273,108.810000
V,274,108.810000
V,275,108.810000
V,276,108.810000
V,277,108.810000
V,278,108.810000
V,279,108.813000
V,280,108.810000
V,281,108.810000
V,282,108.810000
V,283,108.810000
V,284,108.810000
V,285,108.812000
V,286,108.810000
V,287,108.810000
V,288,108.813000
V,289,108.810000
V,290,108.810000
V,291,108.810000
V,292,108.810000
V,293,108.810000
V,294,108.810000
V,295,108.810000
V,296,108.810000
V,297,108.810000
V,298,108.810000
V,299,108.810000
V,300,108.810000
V,301,108.810000
V,302,108.810000
V,303,108.810000
V,304,108.810000
V,305,108.811000
V,306,108.810000
V,307,108.810000
V,308,108.810000
V,309,108.810000
V,310,108.810000
V,311,108.810000
V,312,108.810000
V,313,108.810000
V,314,108.812000
V,315,108.810000
V,316,108.810000
V,317,108.810000
V,318,108.810000
V,319,108.810000
V,320,108.810000
V,321,108.810000
V,322,108.810000
V,323,108.812000
V,324,108.810000
V,325,108.810000
V,326,108.810000
V,327,108.810000
V,328,108.810000
V,329,108.810000
V,330,108.810000
V,331,108.810000
V,332,108.810000
V,333,108.810000
V,334,108.810000
V,335,108.812000
V,336,108.810000
V,337,108.810000
V,338,108.810000
V,339,108.810000
V,340,108.810000
V,341,108.813000
V,342,108.810000
V,343,108.810000
V,344,108.810000
V,345,108.810000
V,346,108.810000
V,347,108.810000
V,348,108.810000
V,349,108.810000
V,350,108.813000
V,351,108.810000
V,352,108.810000
V,353,108.812000
V,354,108.810000
V,355,108.810000
V,356,108.810000
V,357,108.810000
V,358,108.811000
V,359,108.810000
V,360,108.812000
V,361,108.812000
V,362,108.812000
V,363,108.810000
V,364,108.812000
V,365,108.812000
V,366,108.810000
V,367,108.810000
V,368,108.810000
V,369,108.812000
V,370,108.810000
V,371,108.812000
V,372,108.810000
V,373,108.810000
V,374,108.810000
V,375,108.810000
V,376,108.812000
V,377,108.810000
V,378,108.810000
V,379,108.810000
V,380,108.810000
V,381,108.810000
V,382,108.810000
V,383,108.810000
V,384,108.810000
V,385,108.812000
V,386,108.810000
V,387,108.810000
V,388,108.810000
V,389,108.810000
V,390,108.810000
V,391,108.810000
V,392,108.810000
V,393,108.810000
V,394,108.810000
V,395,108.810000
V,396,108.810000
V,397,108.810000
V,398,108.810000
V,399,108.810000
V,400,108.810000
V,401,108.810000
V,402,108.810000
V,403,108.814000
V,404,108.810000
V,405,108.812000
V,406,108.810000
V,407,108.812000
V,408,108.810000
V,409,108.810000
V,410,108.810000
V,411,108.810000
V,412,108.810000
V,413,108.810000
V,414,108.810000
V,415,108.810000
V,416,108.810000
V,417,108.810000
V,418,108.810000
V,419,108.810000
V,420,108.810000
V,421,108.812000
V,422,108.810000
V,423,108.810000
V,424,108.810000
V,425,108.812000
V,426,108.810000
V,427,108.810000
V,428,108.812000
V,429,108.812000
V,430,108.810000
V,431,108.810000
V,432,108.810000
V,433,108.810000
V,434,108.810000
V,435,108.810000
V,436,108.810000
V,437,108.812000
V,438,108.812000
V,439,108.812000
V,440,108.810000
V,441,108.812000
V,442,108.810000
V,443,108.812000
V,444,108.810000
V,445,108.810000
V,446,108.810000
V,447,108.812000
V,448,108.810000
V,449,108.810000
V,450,108.810000
V,451,108.810000
V,452,108.810000
V,453,108.810000
V,454,108.810000
V,455,108.810000
V,456,108.810000
V,457,108.810000
V,458,108.810000
V,459,108.810000
V,460,108.810000
V,461,108.812000
V,462,108.810000
V,463,108.810000
V,464,108.810000
V,465,108.814000
V,466,108.810000
V,467,108.810000
V,468,108.810000
V,469,108.810000
V,470,108.810000
V,471,108.812000
V,472,108.810000
V,473,108.813000
V,474,108.810000
V,475,108.812000
V,476,108.810000
V,477,108.812000
V,478,108.810000
V,479,108.810000
V,480,108.812000
V,481,108.810000
V,482,108.811000
V,483,108.810000
V,484,108.810000
V,485,108.810000
V,486,108.810000
V,487,108.810000
V,488,108.812000
V,489,108.812000
V,490,108.810000
V,491,108.812000
V,492,108.812000
V,493,108.812000
V,494,108.810000
V,495,108.810000
V,496,108.810000
V,497,108.812000
V,498,108.812000
V,499,108.810000
NEGATIVE_CONTROL,tampered_digest_rc=-1,REJECTED_OK
[5/5] SHA-256 over 7353 B n=200
H,0,0.736000
H,1,0.723000
H,2,0.725000
H,3,0.723000
H,4,0.725000
H,5,0.723000
H,6,0.725000
H,7,0.723000
H,8,0.725000
H,9,0.723000
H,10,0.725000
H,11,0.723000
H,12,0.725000
H,13,0.723000
H,14,0.725000
H,15,0.723000
H,16,0.725000
H,17,0.723000
H,18,0.725000
H,19,0.723000
H,20,0.725000
H,21,0.723000
H,22,0.726000
H,23,0.723000
H,24,0.725000
H,25,0.723000
H,26,0.725000
H,27,0.723000
H,28,0.725000
H,29,0.723000
H,30,0.725000
H,31,0.723000
H,32,0.725000
H,33,0.723000
H,34,0.725000
H,35,0.723000
H,36,0.725000
H,37,0.723000
H,38,0.725000
H,39,0.723000
H,40,0.725000
H,41,0.723000
H,42,0.725000
H,43,0.723000
H,44,0.725000
H,45,0.723000
H,46,0.725000
H,47,0.723000
H,48,0.725000
H,49,0.723000
H,50,0.725000
H,51,0.723000
H,52,0.725000
H,53,0.723000
H,54,0.725000
H,55,0.723000
H,56,0.725000
H,57,0.723000
H,58,0.725000
H,59,0.723000
H,60,0.725000
H,61,0.723000
H,62,0.725000
H,63,0.723000
H,64,0.725000
H,65,0.723000
H,66,0.725000
H,67,0.723000
H,68,0.725000
H,69,0.723000
H,70,0.725000
H,71,0.723000
H,72,0.725000
H,73,0.723000
H,74,0.725000
H,75,0.723000
H,76,0.725000
H,77,0.723000
H,78,0.725000
H,79,0.723000
H,80,0.726000
H,81,0.723000
H,82,0.725000
H,83,0.723000
H,84,0.725000
H,85,0.723000
H,86,0.725000
H,87,0.723000
H,88,0.725000
H,89,0.723000
H,90,0.725000
H,91,0.723000
H,92,0.725000
H,93,0.723000
H,94,0.725000
H,95,0.723000
H,96,0.725000
H,97,0.723000
H,98,0.725000
H,99,0.723000
H,100,0.725000
H,101,0.723000
H,102,0.725000
H,103,0.723000
H,104,0.725000
H,105,0.723000
H,106,0.725000
H,107,0.723000
H,108,0.725000
H,109,0.723000
H,110,0.725000
H,111,0.723000
H,112,0.725000
H,113,0.723000
H,114,0.725000
H,115,0.723000
H,116,0.725000
H,117,0.723000
H,118,0.725000
H,119,0.723000
H,120,0.725000
H,121,0.723000
H,122,0.725000
H,123,0.723000
H,124,0.725000
H,125,0.723000
H,126,0.725000
H,127,0.723000
H,128,0.725000
H,129,0.723000
H,130,0.725000
H,131,0.723000
H,132,0.725000
H,133,0.723000
H,134,0.725000
H,135,0.723000
H,136,0.725000
H,137,0.723000
H,138,0.725000
H,139,0.723000
H,140,0.725000
H,141,0.723000
H,142,0.725000
H,143,0.723000
H,144,0.725000
H,145,0.723000
H,146,0.725000
H,147,0.723000
H,148,0.725000
H,149,0.724000
H,150,0.725000
H,151,0.723000
H,152,0.725000
H,153,0.723000
H,154,0.725000
H,155,0.723000
H,156,0.725000
H,157,0.723000
H,158,0.725000
H,159,0.723000
H,160,0.725000
H,161,0.723000
H,162,0.725000
H,163,0.723000
H,164,0.725000
H,165,0.723000
H,166,0.725000
H,167,0.723000
H,168,0.725000
H,169,0.723000
H,170,0.725000
H,171,0.723000
H,172,0.725000
H,173,0.723000
H,174,0.725000
H,175,0.723000
H,176,0.725000
H,177,0.723000
H,178,0.725000
H,179,0.723000
H,180,0.725000
H,181,0.723000
H,182,0.725000
H,183,0.723000
H,184,0.725000
H,185,0.723000
H,186,0.725000
H,187,0.723000
H,188,0.725000
H,189,0.723000
H,190,0.725000
H,191,0.723000
H,192,0.725000
H,193,0.723000
H,194,0.725000
H,195,0.723000
H,196,0.725000
H,197,0.723000
H,198,0.725000
H,199,0.723000

--- SUMMARY ---
KEYGEN         n=20 mean=91.616150 sd=0.073655 min=91.532000 median=91.610000 p95=91.661850 p99=91.857170 max=91.906000 ms
SIGN_DIGEST    n=500 mean=96.739556 sd=0.060739 min=96.570000 median=96.739000 p95=96.840050 p99=96.870050 max=96.907000 ms
FRAME_SIGN     n=500 mean=97.465482 sd=0.064766 min=97.264000 median=97.465000 p95=97.571000 p99=97.608000 max=97.672000 ms
VERIFY         n=500 mean=108.810660 sd=0.002827 min=108.810000 median=108.810000 p95=108.812000 p99=108.813010 max=108.870000 ms
SHA256_7353    n=200 mean=0.724070 sd=0.001317 min=0.723000 median=0.724500 p95=0.725000 p99=0.726000 max=0.736000 ms
FRAME_SIGN_over_100ms=0/500
heap free=270276 min=244212
ESP32_UECC_BASELINE_OK
