nohup: ignoring input
09:01:40
temp=58.7'C
throttled=0x0
frequency(0)=2400033792
09:01:45
temp=59.3'C
throttled=0x0
frequency(0)=2400020480
09:01:50
temp=59.3'C
throttled=0x0
frequency(0)=2400037120
09:01:55
temp=59.3'C
throttled=0x0
frequency(0)=2400023808
09:02:00
temp=59.3'C
throttled=0x0
frequency(0)=2400023808
09:02:05
temp=59.3'C
throttled=0x0
frequency(0)=2400027136
09:02:11
temp=59.8'C
throttled=0x0
frequency(0)=2400023808
09:02:16
temp=59.3'C
throttled=0x0
frequency(0)=2400017408
09:02:21
temp=59.8'C
throttled=0x0
frequency(0)=2400033792
09:02:26
temp=59.8'C
throttled=0x0
frequency(0)=2400020480
09:02:31
temp=59.3'C
throttled=0x0
frequency(0)=2400030464
09:02:36
temp=59.3'C
throttled=0x0
frequency(0)=2400030464
09:02:41
temp=59.8'C
throttled=0x0
frequency(0)=2400020480
09:02:46
temp=59.3'C
throttled=0x0
frequency(0)=2400020480
09:02:51
temp=59.8'C
throttled=0x0
frequency(0)=2400030464
09:02:56
temp=59.3'C
throttled=0x0
frequency(0)=2400023808
09:03:01
temp=59.8'C
throttled=0x0
frequency(0)=2400017408
09:03:06
temp=59.8'C
throttled=0x0
frequency(0)=2400030464
09:03:11
temp=59.3'C
throttled=0x0
frequency(0)=2400030464
09:03:16
temp=61.5'C
throttled=0x0
frequency(0)=2400023808
09:03:21
temp=63.1'C
throttled=0x0
frequency(0)=2400030464
09:03:26
temp=63.1'C
throttled=0x0
frequency(0)=2400023808
09:03:31
temp=60.9'C
throttled=0x0
frequency(0)=2400037120
09:03:36
temp=60.9'C
throttled=0x0
frequency(0)=2400033792
09:03:41
temp=60.4'C
throttled=0x0
frequency(0)=2400020480
09:03:46
temp=60.4'C
throttled=0x0
frequency(0)=2400030464
09:03:51
temp=59.8'C
throttled=0x0
frequency(0)=2400030464
09:03:56
temp=59.8'C
throttled=0x0
frequency(0)=2400030464
09:04:01
temp=59.8'C
throttled=0x0
frequency(0)=2400027136
09:04:06
temp=59.8'C
throttled=0x0
frequency(0)=2400037120
09:04:11
temp=60.4'C
throttled=0x0
frequency(0)=2400023808
09:04:16
temp=60.4'C
throttled=0x0
frequency(0)=2400030464
09:04:21
temp=59.8'C
throttled=0x0
frequency(0)=2400020480
09:04:26
temp=59.3'C
throttled=0x0
frequency(0)=2400030464
09:04:31
temp=59.8'C
throttled=0x0
frequency(0)=2400037120
09:04:36
temp=61.5'C
throttled=0x0
frequency(0)=2400030464
09:04:41
temp=63.1'C
throttled=0x0
frequency(0)=2400030464
09:04:46
temp=63.7'C
throttled=0x0
frequency(0)=2400020480
09:04:51
temp=63.7'C
throttled=0x0
frequency(0)=2400023808
09:04:56
temp=63.7'C
throttled=0x0
frequency(0)=2400023808
09:05:01
temp=63.7'C
throttled=0x0
frequency(0)=2400020480
09:05:06
temp=64.2'C
throttled=0x0
frequency(0)=2400030464
09:05:11
temp=64.2'C
throttled=0x0
frequency(0)=2400023808
09:05:16
temp=64.2'C
throttled=0x0
frequency(0)=2400030464
09:05:21
temp=64.2'C
throttled=0x0
frequency(0)=2400023808
09:05:26
temp=64.8'C
throttled=0x0
frequency(0)=2400033792
09:05:31
temp=63.7'C
throttled=0x0
frequency(0)=2400020480
09:05:36
temp=64.2'C
throttled=0x0
frequency(0)=2400030464
09:05:41
temp=64.8'C
throttled=0x0
frequency(0)=2400037120
09:05:46
temp=64.2'C
throttled=0x0
frequency(0)=2400020480
09:05:51
temp=65.3'C
throttled=0x0
frequency(0)=2400030464
09:05:56
temp=64.8'C
throttled=0x0
frequency(0)=2400037120
09:06:01
temp=64.8'C
throttled=0x0
frequency(0)=2400023808
09:06:06
temp=65.3'C
throttled=0x0
frequency(0)=2400020480
09:06:11
temp=65.3'C
throttled=0x0
frequency(0)=2400033792
09:06:16
temp=65.3'C
throttled=0x0
frequency(0)=2400023808
09:06:21
temp=65.9'C
throttled=0x0
frequency(0)=2400023808
09:06:26
temp=65.9'C
throttled=0x0
frequency(0)=2400020480
09:06:31
temp=65.3'C
throttled=0x0
frequency(0)=2400033792
09:06:36
temp=65.9'C
throttled=0x0
frequency(0)=2400030464
09:06:41
temp=65.3'C
throttled=0x0
frequency(0)=2400027136
09:06:47
temp=65.9'C
throttled=0x0
frequency(0)=2400037120
09:06:52
temp=66.4'C
throttled=0x0
frequency(0)=2400023808
09:06:57
temp=65.9'C
throttled=0x0
frequency(0)=2400033792
09:07:02
temp=66.4'C
throttled=0x0
frequency(0)=2400030464
09:07:07
temp=66.4'C
throttled=0x0
frequency(0)=2400020480
09:07:12
temp=66.4'C
throttled=0x0
frequency(0)=2400037120
09:07:17
temp=66.4'C
throttled=0x0
frequency(0)=2400020480
09:07:22
temp=65.9'C
throttled=0x0
frequency(0)=2400037120
09:07:27
temp=66.4'C
throttled=0x0
frequency(0)=2400030464
09:07:32
temp=66.4'C
throttled=0x0
frequency(0)=2400020480
09:07:37
temp=65.9'C
throttled=0x0
frequency(0)=2400023808
09:07:42
temp=67.0'C
throttled=0x0
frequency(0)=2400033792
09:07:47
temp=67.0'C
throttled=0x0
frequency(0)=2400033792
09:07:52
temp=67.0'C
throttled=0x0
frequency(0)=2400027136
09:07:57
temp=66.4'C
throttled=0x0
frequency(0)=2400020480
09:08:02
temp=66.4'C
throttled=0x0
frequency(0)=2400030464
09:08:07
temp=64.8'C
throttled=0x0
frequency(0)=2400030464
09:08:12
temp=63.7'C
throttled=0x0
frequency(0)=2400033792
09:08:17
temp=63.7'C
throttled=0x0
frequency(0)=2400030464
09:08:22
temp=63.1'C
throttled=0x0
frequency(0)=2400020480
09:08:27
temp=63.1'C
throttled=0x0
frequency(0)=2400030464
09:08:32
temp=63.1'C
throttled=0x0
frequency(0)=2400020480
09:08:37
temp=63.1'C
throttled=0x0
frequency(0)=2400027136
09:08:42
temp=63.1'C
throttled=0x0
frequency(0)=2400020480
