liboqs-python faulthandler is disabled
{
 "scenario": "highway-n20",
 "seeds": 20,
 "messages_total": 31720,
 "attacks_total": 0,
 "accepted": 31720,
 "rejected": 0,
 "acceptance_rate_pct": 100.0,
 "latency_mean_ms": 50.384,
 "latency_mean_ci95": 0.331,
 "t_avg": 16.2,
 "latency_p95_seed_mean_ms": 90.9864,
 "latency_p99_seed_mean_ms": 94.6764,
 "latency_max_ms": 100.348,
 "proc_total_mean_ms": 5.1073,
 "proc_total_p95_seed_mean_ms": 7.1614,
 "proc_total_max_ms": 11.5474,
 "proc_precheck_mean_ms": 0.0449,
 "proc_aggregate_mean_ms": 1.3228,
 "proc_aggverify_mean_ms": 3.7325,
 "deadline_misses": 1,
 "miss_rate_pct": 0.0032
}
{
 "scenario": "highway-n20-attack",
 "seeds": 20,
 "messages_total": 37300,
 "attacks_total": 4000,
 "accepted": 33300,
 "rejected": 4000,
 "acceptance_rate_pct": 89.2761,
 "latency_mean_ms": 50.164,
 "latency_mean_ci95": 0.292,
 "t_avg": 16.1,
 "latency_p95_seed_mean_ms": 90.5907,
 "latency_p99_seed_mean_ms": 94.1814,
 "latency_max_ms": 99.045,
 "proc_total_mean_ms": 4.671,
 "proc_total_p95_seed_mean_ms": 6.7369,
 "proc_total_max_ms": 9.8387,
 "proc_precheck_mean_ms": 0.2064,
 "proc_aggregate_mean_ms": 1.1603,
 "proc_aggverify_mean_ms": 3.2997,
 "deadline_misses": 0,
 "miss_rate_pct": 0.0
}
{
 "scenario": "urban-n30",
 "seeds": 20,
 "messages_total": 44200,
 "attacks_total": 0,
 "accepted": 44200,
 "rejected": 0,
 "acceptance_rate_pct": 100.0,
 "latency_mean_ms": 51.597,
 "latency_mean_ci95": 0.234,
 "t_avg": 19.7,
 "latency_p95_seed_mean_ms": 92.1212,
 "latency_p99_seed_mean_ms": 95.9271,
 "latency_max_ms": 100.786,
 "proc_total_mean_ms": 6.2279,
 "proc_total_p95_seed_mean_ms": 8.5725,
 "proc_total_max_ms": 13.1932,
 "proc_precheck_mean_ms": 0.0589,
 "proc_aggregate_mean_ms": 1.6158,
 "proc_aggverify_mean_ms": 4.5444,
 "deadline_misses": 4,
 "miss_rate_pct": 0.009
}
{
 "scenario": "intersection-n15",
 "seeds": 20,
 "messages_total": 29560,
 "attacks_total": 0,
 "accepted": 29560,
 "rejected": 0,
 "acceptance_rate_pct": 100.0,
 "latency_mean_ms": 52.488,
 "latency_mean_ci95": 0.329,
 "t_avg": 22.4,
 "latency_p95_seed_mean_ms": 92.8681,
 "latency_p99_seed_mean_ms": 96.8353,
 "latency_max_ms": 101.701,
 "proc_total_mean_ms": 7.0757,
 "proc_total_p95_seed_mean_ms": 9.6556,
 "proc_total_max_ms": 12.4918,
 "proc_precheck_mean_ms": 0.0541,
 "proc_aggregate_mean_ms": 1.8452,
 "proc_aggverify_mean_ms": 5.1711,
 "deadline_misses": 18,
 "miss_rate_pct": 0.0609
}

Saved e2e_fullpath_W90_digest.json
