liboqs-python faulthandler is disabled
{
 "scenario": "highway-n20",
 "seeds": 20,
 "messages_total": 31720,
 "attacks_total": 0,
 "accepted": 31720,
 "rejected": 0,
 "acceptance_rate_pct": 100.0,
 "latency_mean_ms": 52.545,
 "latency_mean_ci95": 0.328,
 "t_avg": 16.2,
 "latency_p95_seed_mean_ms": 93.1745,
 "latency_p99_seed_mean_ms": 97.1474,
 "latency_max_ms": 104.884,
 "proc_total_mean_ms": 7.1464,
 "proc_total_p95_seed_mean_ms": 9.9809,
 "proc_total_max_ms": 16.0829,
 "proc_precheck_mean_ms": 2.0934,
 "proc_aggregate_mean_ms": 1.3199,
 "proc_aggverify_mean_ms": 3.726,
 "deadline_misses": 26,
 "miss_rate_pct": 0.082
}
{
 "scenario": "highway-n20-attack",
 "seeds": 20,
 "messages_total": 37300,
 "attacks_total": 4000,
 "accepted": 33300,
 "rejected": 4000,
 "acceptance_rate_pct": 89.2761,
 "latency_mean_ms": 52.057,
 "latency_mean_ci95": 0.293,
 "t_avg": 16.1,
 "latency_p95_seed_mean_ms": 92.478,
 "latency_p99_seed_mean_ms": 96.3948,
 "latency_max_ms": 102.893,
 "proc_total_mean_ms": 6.446,
 "proc_total_p95_seed_mean_ms": 9.3134,
 "proc_total_max_ms": 13.2575,
 "proc_precheck_mean_ms": 1.9893,
 "proc_aggregate_mean_ms": 1.1575,
 "proc_aggverify_mean_ms": 3.2951,
 "deadline_misses": 11,
 "miss_rate_pct": 0.0295
}
{
 "scenario": "urban-n30",
 "seeds": 20,
 "messages_total": 44200,
 "attacks_total": 0,
 "accepted": 44200,
 "rejected": 0,
 "acceptance_rate_pct": 100.0,
 "latency_mean_ms": 54.215,
 "latency_mean_ci95": 0.236,
 "t_avg": 19.7,
 "latency_p95_seed_mean_ms": 94.7507,
 "latency_p99_seed_mean_ms": 98.8757,
 "latency_max_ms": 105.418,
 "proc_total_mean_ms": 8.7206,
 "proc_total_p95_seed_mean_ms": 11.9572,
 "proc_total_max_ms": 17.1409,
 "proc_precheck_mean_ms": 2.5554,
 "proc_aggregate_mean_ms": 1.6151,
 "proc_aggverify_mean_ms": 4.5417,
 "deadline_misses": 225,
 "miss_rate_pct": 0.509
}
{
 "scenario": "intersection-n15",
 "seeds": 20,
 "messages_total": 29560,
 "attacks_total": 0,
 "accepted": 29560,
 "rejected": 0,
 "acceptance_rate_pct": 100.0,
 "latency_mean_ms": 55.465,
 "latency_mean_ci95": 0.33,
 "t_avg": 22.4,
 "latency_p95_seed_mean_ms": 95.9049,
 "latency_p99_seed_mean_ms": 100.2442,
 "latency_max_ms": 106.532,
 "proc_total_mean_ms": 9.9221,
 "proc_total_p95_seed_mean_ms": 13.5006,
 "proc_total_max_ms": 17.6163,
 "proc_precheck_mean_ms": 2.896,
 "proc_aggregate_mean_ms": 1.845,
 "proc_aggverify_mean_ms": 5.176,
 "deadline_misses": 351,
 "miss_rate_pct": 1.1874
}

Saved e2e_fullpath_W90_full.json
