liboqs-python faulthandler is disabled
{
 "ecdsa_p256": {
  "keygen_ms": [
   0.032862255,
   0.009312742091148895
  ],
  "sign_ms": [
   0.05719508,
   0.015047080472214085
  ],
  "verify_ms": [
   0.12303754,
   0.02454224923403983
  ],
  "sig_bytes_der": 71,
  "pk_bytes_uncompressed": 65
 }
}
{
 "Setup": [
  0.10411799,
  0.022147478637984955
 ],
 "VehKeyGen": [
  0.093842835,
  0.018736539814192456
 ],
 "CertGen": [
  0.214543135,
  0.12156071594194551
 ],
 "CertValidate": [
  0.11542309,
  0.1159371770354386
 ],
 "Sign": [
  0.24472977,
  0.12879891114016281
 ],
 "sizes": {
  "pk": 1952,
  "sig": 3309,
  "cert": 5277,
  "hash_bytes": 48,
  "tuple": 8694,
  "full_wire": 8694,
  "digest_wire": 3465
 }
}
{
 "1": {
  "agg_ms": [
   0.12279994,
   0.03401147421294434
  ],
  "aggverify_ms": [
   0.3897693,
   0.11668577365555988
  ],
  "agg_size": 5264
 },
 "2": {
  "agg_ms": [
   0.22136967999999999,
   0.05203143220662221
  ],
  "aggverify_ms": [
   0.7429219,
   0.1201264324274565
  ],
  "agg_size": 5312
 },
 "5": {
  "agg_ms": [
   0.53471456,
   0.1296177074562287
  ],
  "aggverify_ms": [
   1.7016256666666667,
   0.2276789928919637
  ],
  "agg_size": 5456
 },
 "10": {
  "agg_ms": [
   1.06103974,
   0.23573294909207937
  ],
  "aggverify_ms": [
   3.4034788666666667,
   0.49749152954048703
  ],
  "agg_size": 5696
 }
}
{
 "FRA": 0,
 "RSA": 0,
 "AMA_mutation": 0,
 "AMA_subst": 0,
 "CCSA_with_DSH": 0,
 "CCSA_without_DSH": 10000,
 "trials": 10000
}
