liboqs-python faulthandler is disabled
{
 "scenario": "highway-n20",
 "seeds": 20,
 "messages_total": 31720,
 "attacks_total": 0,
 "accepted": 31720,
 "rejected": 0,
 "acceptance_rate_pct": 100.0,
 "latency_mean_ms": 53.253,
 "latency_mean_ci95": 0.336,
 "t_avg": 16.2,
 "latency_p95_seed_mean_ms": 93.7999,
 "latency_p99_seed_mean_ms": 98.1838,
 "latency_max_ms": 108.136,
 "proc_total_mean_ms": 7.7904,
 "proc_total_p95_seed_mean_ms": 11.602,
 "proc_total_max_ms": 19.1547,
 "proc_precheck_mean_ms": 1.612,
 "proc_aggregate_mean_ms": 2.0805,
 "proc_aggverify_mean_ms": 4.0758,
 "deadline_misses": 109,
 "miss_rate_pct": 0.3436
}
{
 "scenario": "highway-n20-attack",
 "seeds": 20,
 "messages_total": 37300,
 "attacks_total": 4000,
 "accepted": 33300,
 "rejected": 4000,
 "acceptance_rate_pct": 89.2761,
 "latency_mean_ms": 52.358,
 "latency_mean_ci95": 0.325,
 "t_avg": 16.1,
 "latency_p95_seed_mean_ms": 92.7176,
 "latency_p99_seed_mean_ms": 96.9194,
 "latency_max_ms": 106.733,
 "proc_total_mean_ms": 6.7349,
 "proc_total_p95_seed_mean_ms": 10.1065,
 "proc_total_max_ms": 18.2718,
 "proc_precheck_mean_ms": 1.5219,
 "proc_aggregate_mean_ms": 1.7054,
 "proc_aggverify_mean_ms": 3.4953,
 "deadline_misses": 46,
 "miss_rate_pct": 0.1233
}
{
 "scenario": "urban-n30",
 "seeds": 20,
 "messages_total": 44200,
 "attacks_total": 0,
 "accepted": 44200,
 "rejected": 0,
 "acceptance_rate_pct": 100.0,
 "latency_mean_ms": 55.106,
 "latency_mean_ci95": 0.496,
 "t_avg": 19.7,
 "latency_p95_seed_mean_ms": 95.6202,
 "latency_p99_seed_mean_ms": 100.3155,
 "latency_max_ms": 114.215,
 "proc_total_mean_ms": 9.5611,
 "proc_total_p95_seed_mean_ms": 13.9534,
 "proc_total_max_ms": 27.0098,
 "proc_precheck_mean_ms": 2.0042,
 "proc_aggregate_mean_ms": 2.538,
 "proc_aggverify_mean_ms": 4.9937,
 "deadline_misses": 549,
 "miss_rate_pct": 1.2421
}
{
 "scenario": "intersection-n15",
 "seeds": 20,
 "messages_total": 29560,
 "attacks_total": 0,
 "accepted": 29560,
 "rejected": 0,
 "acceptance_rate_pct": 100.0,
 "latency_mean_ms": 56.204,
 "latency_mean_ci95": 0.517,
 "t_avg": 22.4,
 "latency_p95_seed_mean_ms": 96.6266,
 "latency_p99_seed_mean_ms": 101.7533,
 "latency_max_ms": 112.962,
 "proc_total_mean_ms": 10.5896,
 "proc_total_p95_seed_mean_ms": 15.24,
 "proc_total_max_ms": 23.9148,
 "proc_precheck_mean_ms": 2.245,
 "proc_aggregate_mean_ms": 2.7428,
 "proc_aggverify_mean_ms": 5.5893,
 "deadline_misses": 604,
 "miss_rate_pct": 2.0433
}

Saved e2e_fullpath_W90_full.json
