07:55:58 AC=1 pkg=57C 2499 2500 2500 2500 
07:56:03 AC=1 pkg=71C 2500 2500 2500 2500 
07:56:08 AC=1 pkg=71C 2500 2500 2500 2500 
07:56:13 AC=1 pkg=73C 2499 2499 2500 2500 
07:56:19 AC=1 pkg=69C 2499 2499 2500 2500 
07:56:24 AC=1 pkg=73C 2499 2499 2500 2500 
07:56:29 AC=1 pkg=74C 2499 2499 2499 2500 
07:56:34 AC=1 pkg=74C 2500 2499 2500 2500 
07:56:39 AC=1 pkg=74C 2499 2499 2499 2500 
07:56:44 AC=1 pkg=74C 2500 2500 2500 2500 
07:56:49 AC=1 pkg=74C 2499 2499 2499 2499 
07:56:54 AC=1 pkg=75C 2499 2500 2499 2500 
07:56:59 AC=1 pkg=71C 2499 2499 2499 2499 
07:57:04 AC=1 pkg=72C 2500 2499 2500 2500 
07:57:09 AC=1 pkg=71C 2500 2500 2499 2500 
07:57:14 AC=1 pkg=74C 2500 2500 2500 2500 
07:57:19 AC=1 pkg=75C 2499 2500 2499 2499 
07:57:24 AC=1 pkg=75C 2499 2499 2499 2500 
07:57:29 AC=1 pkg=75C 2499 2499 2499 2500 
07:57:34 AC=1 pkg=75C 2499 2499 2499 2500 
07:57:39 AC=1 pkg=75C 2499 2499 2500 2499 
07:57:44 AC=1 pkg=75C 2500 2500 2499 2499 
07:57:49 AC=1 pkg=76C 2499 2500 2500 2500 
07:57:54 AC=1 pkg=75C 2500 2499 2500 2500 
07:57:59 AC=1 pkg=75C 2500 2500 2499 2500 
07:58:04 AC=1 pkg=76C 2499 2499 2499 2500 
07:58:09 AC=1 pkg=76C 2500 2500 2499 2500 
07:58:14 AC=1 pkg=75C 2499 2500 2500 2499 
07:58:19 AC=1 pkg=75C 2499 2500 2500 2499 
07:58:24 AC=1 pkg=76C 2500 2499 2499 2500 
07:58:29 AC=1 pkg=76C 2500 2500 2500 2500 
07:58:34 AC=1 pkg=75C 2499 2499 2499 2499 
07:58:39 AC=1 pkg=77C 2500 2499 2500 2499 
07:58:44 AC=1 pkg=77C 2500 2500 2500 2500 
07:58:49 AC=1 pkg=77C 2499 2500 2499 2499 
07:58:54 AC=1 pkg=77C 2499 2499 2499 2499 
07:58:59 AC=1 pkg=78C 2499 2499 2499 2500 
07:59:04 AC=1 pkg=77C 2499 2500 2500 2500 
07:59:10 AC=1 pkg=77C 2500 2499 2499 2499 
07:59:15 AC=1 pkg=79C 2500 2499 2500 2499 
07:59:20 AC=1 pkg=78C 2500 2499 2499 2499 
07:59:25 AC=1 pkg=78C 2500 2500 2500 2500 
07:59:30 AC=1 pkg=79C 2500 2500 2499 2500 
07:59:35 AC=1 pkg=75C 2499 2499 2500 2499 
07:59:40 AC=1 pkg=75C 2499 2500 2500 2499 
