liboqs-python faulthandler is disabled
{
 "scenario": "highway-n20",
 "seeds": 20,
 "messages_total": 31720,
 "attacks_total": 0,
 "accepted": 31720,
 "rejected": 0,
 "acceptance_rate_pct": 100.0,
 "latency_mean_ms": 51.578,
 "latency_mean_ci95": 0.334,
 "t_avg": 16.2,
 "latency_p95_seed_mean_ms": 92.159,
 "latency_p99_seed_mean_ms": 96.1108,
 "latency_max_ms": 103.034,
 "proc_total_mean_ms": 6.2131,
 "proc_total_p95_seed_mean_ms": 8.9631,
 "proc_total_max_ms": 14.2655,
 "proc_precheck_mean_ms": 1.3225,
 "proc_aggregate_mean_ms": 1.6196,
 "proc_aggverify_mean_ms": 3.2567,
 "deadline_misses": 12,
 "miss_rate_pct": 0.0378
}
{
 "scenario": "highway-n20-attack",
 "seeds": 20,
 "messages_total": 37300,
 "attacks_total": 4000,
 "accepted": 33300,
 "rejected": 4000,
 "acceptance_rate_pct": 89.2761,
 "latency_mean_ms": 50.947,
 "latency_mean_ci95": 0.287,
 "t_avg": 16.1,
 "latency_p95_seed_mean_ms": 91.3382,
 "latency_p99_seed_mean_ms": 95.1188,
 "latency_max_ms": 108.215,
 "proc_total_mean_ms": 5.4031,
 "proc_total_p95_seed_mean_ms": 7.9336,
 "proc_total_max_ms": 18.2225,
 "proc_precheck_mean_ms": 1.2654,
 "proc_aggregate_mean_ms": 1.3173,
 "proc_aggverify_mean_ms": 2.8145,
 "deadline_misses": 8,
 "miss_rate_pct": 0.0214
}
{
 "scenario": "urban-n30",
 "seeds": 20,
 "messages_total": 44200,
 "attacks_total": 0,
 "accepted": 44200,
 "rejected": 0,
 "acceptance_rate_pct": 100.0,
 "latency_mean_ms": 52.928,
 "latency_mean_ci95": 0.247,
 "t_avg": 19.7,
 "latency_p95_seed_mean_ms": 93.3983,
 "latency_p99_seed_mean_ms": 97.4949,
 "latency_max_ms": 109.331,
 "proc_total_mean_ms": 7.4744,
 "proc_total_p95_seed_mean_ms": 10.5353,
 "proc_total_max_ms": 23.0631,
 "proc_precheck_mean_ms": 1.6122,
 "proc_aggregate_mean_ms": 1.924,
 "proc_aggverify_mean_ms": 3.9236,
 "deadline_misses": 70,
 "miss_rate_pct": 0.1584
}
{
 "scenario": "intersection-n15",
 "seeds": 20,
 "messages_total": 29560,
 "attacks_total": 0,
 "accepted": 29560,
 "rejected": 0,
 "acceptance_rate_pct": 100.0,
 "latency_mean_ms": 53.938,
 "latency_mean_ci95": 0.328,
 "t_avg": 22.4,
 "latency_p95_seed_mean_ms": 94.3396,
 "latency_p99_seed_mean_ms": 98.7123,
 "latency_max_ms": 104.531,
 "proc_total_mean_ms": 8.4359,
 "proc_total_p95_seed_mean_ms": 11.7929,
 "proc_total_max_ms": 15.6467,
 "proc_precheck_mean_ms": 1.8303,
 "proc_aggregate_mean_ms": 2.134,
 "proc_aggverify_mean_ms": 4.4628,
 "deadline_misses": 140,
 "miss_rate_pct": 0.4736
}

Saved e2e_fullpath_W90_full.json
