liboqs-python faulthandler is disabled
{
 "scenario": "highway-n20",
 "seeds": 20,
 "messages_total": 31720,
 "attacks_total": 0,
 "accepted": 31720,
 "rejected": 0,
 "acceptance_rate_pct": 100.0,
 "latency_mean_ms": 50.178,
 "latency_mean_ci95": 0.33,
 "t_avg": 16.2,
 "latency_p95_seed_mean_ms": 90.7561,
 "latency_p99_seed_mean_ms": 94.508,
 "latency_max_ms": 100.162,
 "proc_total_mean_ms": 4.8939,
 "proc_total_p95_seed_mean_ms": 7.0171,
 "proc_total_max_ms": 11.3613,
 "proc_precheck_mean_ms": 0.0386,
 "proc_aggregate_mean_ms": 1.5971,
 "proc_aggverify_mean_ms": 3.2446,
 "deadline_misses": 1,
 "miss_rate_pct": 0.0032
}
{
 "scenario": "highway-n20-attack",
 "seeds": 20,
 "messages_total": 37300,
 "attacks_total": 4000,
 "accepted": 33300,
 "rejected": 4000,
 "acceptance_rate_pct": 89.2761,
 "latency_mean_ms": 49.736,
 "latency_mean_ci95": 0.301,
 "t_avg": 16.1,
 "latency_p95_seed_mean_ms": 90.1751,
 "latency_p99_seed_mean_ms": 93.7374,
 "latency_max_ms": 102.146,
 "proc_total_mean_ms": 4.2663,
 "proc_total_p95_seed_mean_ms": 6.2809,
 "proc_total_max_ms": 15.617,
 "proc_precheck_mean_ms": 0.1656,
 "proc_aggregate_mean_ms": 1.2996,
 "proc_aggverify_mean_ms": 2.7949,
 "deadline_misses": 3,
 "miss_rate_pct": 0.008
}
{
 "scenario": "urban-n30",
 "seeds": 20,
 "messages_total": 44200,
 "attacks_total": 0,
 "accepted": 44200,
 "rejected": 0,
 "acceptance_rate_pct": 100.0,
 "latency_mean_ms": 51.202,
 "latency_mean_ci95": 0.224,
 "t_avg": 19.7,
 "latency_p95_seed_mean_ms": 91.6793,
 "latency_p99_seed_mean_ms": 95.4908,
 "latency_max_ms": 102.422,
 "proc_total_mean_ms": 5.8346,
 "proc_total_p95_seed_mean_ms": 8.2155,
 "proc_total_max_ms": 14.1449,
 "proc_precheck_mean_ms": 0.0485,
 "proc_aggregate_mean_ms": 1.9014,
 "proc_aggverify_mean_ms": 3.8681,
 "deadline_misses": 4,
 "miss_rate_pct": 0.009
}
{
 "scenario": "intersection-n15",
 "seeds": 20,
 "messages_total": 29560,
 "attacks_total": 0,
 "accepted": 29560,
 "rejected": 0,
 "acceptance_rate_pct": 100.0,
 "latency_mean_ms": 52.005,
 "latency_mean_ci95": 0.326,
 "t_avg": 22.4,
 "latency_p95_seed_mean_ms": 92.412,
 "latency_p99_seed_mean_ms": 96.4356,
 "latency_max_ms": 101.333,
 "proc_total_mean_ms": 6.5876,
 "proc_total_p95_seed_mean_ms": 9.3421,
 "proc_total_max_ms": 12.4495,
 "proc_precheck_mean_ms": 0.0465,
 "proc_aggregate_mean_ms": 2.1029,
 "proc_aggverify_mean_ms": 4.4319,
 "deadline_misses": 13,
 "miss_rate_pct": 0.044
}

Saved e2e_fullpath_W90_digest.json
