08:13:06 AC=1 pkg=56C 2499 2499 2499 2500 
08:13:11 AC=1 pkg=69C 2500 2500 2500 2499 
08:13:16 AC=1 pkg=73C 2500 2500 2500 2500 
08:13:21 AC=1 pkg=70C 2500 2499 2500 2500 
08:13:26 AC=1 pkg=71C 2500 2499 2500 2500 
08:13:31 AC=1 pkg=71C 2499 2499 2499 2499 
08:13:36 AC=1 pkg=74C 2500 2500 2498 2500 
08:13:41 AC=1 pkg=73C 2499 2499 2499 2500 
08:13:46 AC=1 pkg=74C 2499 2499 2499 2500 
08:13:51 AC=1 pkg=71C 2500 2500 2500 2500 
08:13:56 AC=1 pkg=71C 2499 2499 2500 2499 
08:14:01 AC=1 pkg=71C 2499 2500 2500 2500 
08:14:06 AC=1 pkg=71C 2499 2500 2500 2500 
08:14:11 AC=1 pkg=71C 2500 2500 2500 2500 
08:14:16 AC=1 pkg=70C 2500 2500 2499 2500 
08:14:21 AC=1 pkg=71C 2500 2500 2500 2499 
08:14:26 AC=1 pkg=69C 2500 2499 2499 2500 
08:14:31 AC=1 pkg=71C 2500 2500 2500 2499 
08:14:36 AC=1 pkg=71C 2499 2500 2499 2500 
08:14:41 AC=1 pkg=71C 2500 2499 2500 2499 
08:14:46 AC=1 pkg=72C 2500 2500 2500 2500 
08:14:51 AC=1 pkg=71C 2500 2500 2499 2500 
08:14:56 AC=1 pkg=71C 2499 2499 2500 2499 
08:15:02 AC=1 pkg=71C 2499 2500 2499 2500 
08:15:07 AC=1 pkg=71C 2499 2500 2500 2499 
08:15:12 AC=1 pkg=70C 2500 2499 2500 2500 
08:15:17 AC=1 pkg=74C 2499 2500 2500 2500 
08:15:22 AC=1 pkg=71C 2499 2499 2499 2500 
08:15:27 AC=1 pkg=71C 2500 2500 2500 2500 
08:15:32 AC=1 pkg=71C 2500 2500 2500 2500 
08:15:37 AC=1 pkg=71C 2500 2500 2499 2500 
08:15:42 AC=1 pkg=71C 2499 2500 2500 2500 
08:15:47 AC=1 pkg=71C 2500 2499 2500 2499 
08:15:52 AC=1 pkg=71C 2499 2500 2500 2499 
08:15:57 AC=1 pkg=71C 2499 2500 2499 2500 
08:16:02 AC=1 pkg=71C 2499 2500 2500 2500 
