Step #0.00 (5ms ~= 200.00*RT, ~1800.00UPS, vehicles TOT 9 ACT 9 BUF 31)                   
Step #100.00 (1ms ~= 1000.00*RT, ~87000.00UPS, vehicles TOT 147 ACT 87 BUF 57)            
Step #200.00 (1ms ~= 1000.00*RT, ~102000.00UPS, vehicles TOT 258 ACT 102 BUF 127)         
Step #300.00 (2ms ~= 500.00*RT, ~55500.00UPS, vehicles TOT 400 ACT 111 BUF 185)           
Step #400.00 (0ms ?*RT. ?UPS, vehicles TOT 524 ACT 102 BUF 229)                           
Step #500.00 (0ms ?*RT. ?UPS, vehicles TOT 650 ACT 104 BUF 284)                           
Step #600.00 (2ms ~= 500.00*RT, ~56500.00UPS, vehicles TOT 776 ACT 113 BUF 358)           
Step #700.00 (1ms ~= 1000.00*RT, ~117000.00UPS, vehicles TOT 890 ACT 117 BUF 408)         
Step #800.00 (0ms ?*RT. ?UPS, vehicles TOT 1024 ACT 134 BUF 464)                          
Step #900.00 (2ms ~= 500.00*RT, ~66500.00UPS, vehicles TOT 1143 ACT 133 BUF 538)          
Step #1000.00 (1ms ~= 1000.00*RT, ~133000.00UPS, vehicles TOT 1266 ACT 133 BUF 583)       
Step #1100.00 (0ms ?*RT. ?UPS, vehicles TOT 1388 ACT 136 BUF 651)                         
Step #1200.00 (2ms ~= 500.00*RT, ~60000.00UPS, vehicles TOT 1506 ACT 120 BUF 724)         
Step #1300.00 (1ms ~= 1000.00*RT, ~119000.00UPS, vehicles TOT 1644 ACT 119 BUF 759)       
Step #1400.00 (0ms ?*RT. ?UPS, vehicles TOT 1770 ACT 116 BUF 814)                         
Step #1500.00 (2ms ~= 500.00*RT, ~64000.00UPS, vehicles TOT 1891 ACT 128 BUF 884)         
Step #1600.00 (1ms ~= 1000.00*RT, ~137000.00UPS, vehicles TOT 2017 ACT 137 BUF 935)       
Step #1700.00 (1ms ~= 1000.00*RT, ~134000.00UPS, vehicles TOT 2134 ACT 134 BUF 999)       
Step #1800.00 (3ms ~= 333.33*RT, ~48666.67UPS, vehicles TOT 2258 ACT 146 BUF 1077)        
Step #1900.00 (1ms ~= 1000.00*RT, ~159000.00UPS, vehicles TOT 2388 ACT 159 BUF 1111)      
Step #2000.00 (1ms ~= 1000.00*RT, ~138000.00UPS, vehicles TOT 2510 ACT 138 BUF 1170)      
Step #2100.00 (1ms ~= 1000.00*RT, ~128000.00UPS, vehicles TOT 2636 ACT 128 BUF 1244)      
Step #2200.00 (1ms ~= 1000.00*RT, ~109000.00UPS, vehicles TOT 2753 ACT 109 BUF 1295)      
Step #2300.00 (0ms ?*RT. ?UPS, vehicles TOT 2879 ACT 109 BUF 1350)                        
Step #2400.00 (2ms ~= 500.00*RT, ~65000.00UPS, vehicles TOT 3008 ACT 130 BUF 1421)        
Step #2500.00 (0ms ?*RT. ?UPS, vehicles TOT 3122 ACT 134 BUF 1471)                        
Step #2600.00 (0ms ?*RT. ?UPS, vehicles TOT 3233 ACT 158 BUF 1550)                        
Step #2700.00 (2ms ~= 500.00*RT, ~69500.00UPS, vehicles TOT 3337 ACT 139 BUF 1639)        
Step #2800.00 (1ms ~= 1000.00*RT, ~152000.00UPS, vehicles TOT 3474 ACT 152 BUF 1670)      
Step #2900.00 (0ms ?*RT. ?UPS, vehicles TOT 3596 ACT 149 BUF 1738)                        
Step #3000.00 (2ms ~= 500.00*RT, ~63500.00UPS, vehicles TOT 3704 ACT 127 BUF 1821)        
Step #3100.00 (1ms ~= 1000.00*RT, ~122000.00UPS, vehicles TOT 3830 ACT 122 BUF 1868)      
Step #3200.00 (0ms ?*RT. ?UPS, vehicles TOT 3937 ACT 111 BUF 1942)                        
Step #3300.00 (2ms ~= 500.00*RT, ~64500.00UPS, vehicles TOT 4068 ACT 129 BUF 2002)        
Step #3400.00 (1ms ~= 1000.00*RT, ~138000.00UPS, vehicles TOT 4184 ACT 138 BUF 2063)      
Step #3500.00 (1ms ~= 1000.00*RT, ~145000.00UPS, vehicles TOT 4305 ACT 145 BUF 2123)      
Step #3600.00 (0ms ?*RT. ?UPS, vehicles TOT 4402 ACT 135 BUF 2190)                        
