liboqs-python faulthandler is disabled
{
 "ecdsa_p256": {
  "keygen_ms": [
   0.033468025,
   0.0031370373252921913
  ],
  "sign_ms": [
   0.064982715,
   0.0043188301556488316
  ],
  "verify_ms": [
   0.195639585,
   0.0038544672448319515
  ],
  "sig_bytes_der": 70,
  "pk_bytes_uncompressed": 65
 }
}
{
 "Setup": [
  0.13488102,
  0.004068853414679712
 ],
 "VehKeyGen": [
  0.134139535,
  0.0021294762181327514
 ],
 "CertGen": [
  0.3282782,
  0.16608372929977397
 ],
 "CertValidate": [
  0.13586775,
  0.0031827399036003317
 ],
 "Sign": [
  0.34821626,
  0.16542310837438529
 ],
 "sizes": {
  "pk": 1952,
  "sig": 3309,
  "cert": 5277,
  "hash_bytes": 48,
  "tuple": 8694,
  "full_wire": 8694,
  "digest_wire": 3465
 }
}
{
 "1": {
  "agg_ms": [
   0.08751887,
   0.020066774495157282
  ],
  "aggverify_ms": [
   0.4070935666666667,
   0.01901862652258956
  ],
  "agg_size": 5264
 },
 "2": {
  "agg_ms": [
   0.16226174,
   0.0023683760008098623
  ],
  "aggverify_ms": [
   0.7676351666666666,
   0.007968778503217006
  ],
  "agg_size": 5312
 },
 "5": {
  "agg_ms": [
   0.3932366,
   0.0037560516557156166
  ],
  "aggverify_ms": [
   1.8544407333333333,
   0.010709712185621553
  ],
  "agg_size": 5456
 },
 "10": {
  "agg_ms": [
   0.77220056,
   0.0064533319110316525
  ],
  "aggverify_ms": [
   3.6664593333333335,
   0.01115102804703435
  ],
  "agg_size": 5696
 }
}
{
 "FRA": 0,
 "RSA": 0,
 "AMA_mutation": 0,
 "AMA_subst": 0,
 "CCSA_with_DSH": 0,
 "CCSA_without_DSH": 10000,
 "trials": 10000
}
