liboqs-python faulthandler is disabled
{
 "scenario": "highway-n20",
 "seeds": 20,
 "messages_total": 31720,
 "attacks_total": 0,
 "accepted": 31720,
 "rejected": 0,
 "acceptance_rate_pct": 100.0,
 "latency_mean_ms": 52.527,
 "latency_mean_ci95": 0.327,
 "t_avg": 16.2,
 "latency_p95_seed_mean_ms": 93.1516,
 "latency_p99_seed_mean_ms": 97.1305,
 "latency_max_ms": 104.829,
 "proc_total_mean_ms": 7.1289,
 "proc_total_p95_seed_mean_ms": 9.9622,
 "proc_total_max_ms": 16.0277,
 "proc_precheck_mean_ms": 2.0891,
 "proc_aggregate_mean_ms": 1.3151,
 "proc_aggverify_mean_ms": 3.7178,
 "deadline_misses": 26,
 "miss_rate_pct": 0.082
}
{
 "scenario": "highway-n20-attack",
 "seeds": 20,
 "messages_total": 37300,
 "attacks_total": 4000,
 "accepted": 33300,
 "rejected": 4000,
 "acceptance_rate_pct": 89.2761,
 "latency_mean_ms": 52.04,
 "latency_mean_ci95": 0.296,
 "t_avg": 16.1,
 "latency_p95_seed_mean_ms": 92.4646,
 "latency_p99_seed_mean_ms": 96.3693,
 "latency_max_ms": 102.657,
 "proc_total_mean_ms": 6.4302,
 "proc_total_p95_seed_mean_ms": 9.2903,
 "proc_total_max_ms": 13.0211,
 "proc_precheck_mean_ms": 1.9842,
 "proc_aggregate_mean_ms": 1.152,
 "proc_aggverify_mean_ms": 3.29,
 "deadline_misses": 11,
 "miss_rate_pct": 0.0295
}
{
 "scenario": "urban-n30",
 "seeds": 20,
 "messages_total": 44200,
 "attacks_total": 0,
 "accepted": 44200,
 "rejected": 0,
 "acceptance_rate_pct": 100.0,
 "latency_mean_ms": 54.178,
 "latency_mean_ci95": 0.236,
 "t_avg": 19.7,
 "latency_p95_seed_mean_ms": 94.7113,
 "latency_p99_seed_mean_ms": 98.8247,
 "latency_max_ms": 105.268,
 "proc_total_mean_ms": 8.6859,
 "proc_total_p95_seed_mean_ms": 11.8958,
 "proc_total_max_ms": 16.9916,
 "proc_precheck_mean_ms": 2.5495,
 "proc_aggregate_mean_ms": 1.6009,
 "proc_aggverify_mean_ms": 4.5278,
 "deadline_misses": 216,
 "miss_rate_pct": 0.4887
}
{
 "scenario": "intersection-n15",
 "seeds": 20,
 "messages_total": 29560,
 "attacks_total": 0,
 "accepted": 29560,
 "rejected": 0,
 "acceptance_rate_pct": 100.0,
 "latency_mean_ms": 55.413,
 "latency_mean_ci95": 0.329,
 "t_avg": 22.4,
 "latency_p95_seed_mean_ms": 95.8414,
 "latency_p99_seed_mean_ms": 100.1899,
 "latency_max_ms": 106.418,
 "proc_total_mean_ms": 9.8719,
 "proc_total_p95_seed_mean_ms": 13.4378,
 "proc_total_max_ms": 17.3997,
 "proc_precheck_mean_ms": 2.888,
 "proc_aggregate_mean_ms": 1.823,
 "proc_aggverify_mean_ms": 5.1567,
 "deadline_misses": 334,
 "miss_rate_pct": 1.1299
}

Saved e2e_fullpath_W90_full.json
