liboqs-python faulthandler is disabled
{
 "scenario": "highway-n20",
 "seeds": 1,
 "messages_total": 1586,
 "attacks_total": 0,
 "accepted": 1586,
 "rejected": 0,
 "acceptance_rate_pct": 100.0,
 "latency_mean_ms": 51.005,
 "latency_mean_ci95": null,
 "t_avg": 16.2,
 "latency_p95_seed_mean_ms": 91.517,
 "latency_p99_seed_mean_ms": 95.017,
 "latency_max_ms": 97.601,
 "proc_total_mean_ms": 5.1196,
 "proc_total_p95_seed_mean_ms": 7.6103,
 "proc_total_max_ms": 8.8707,
 "proc_precheck_mean_ms": 0.047,
 "proc_aggregate_mean_ms": 1.3252,
 "proc_aggverify_mean_ms": 3.7428,
 "deadline_misses": 0,
 "miss_rate_pct": 0.0
}
{
 "scenario": "highway-n20-attack",
 "seeds": 1,
 "messages_total": 1865,
 "attacks_total": 200,
 "accepted": 1665,
 "rejected": 200,
 "acceptance_rate_pct": 89.2761,
 "latency_mean_ms": 50.363,
 "latency_mean_ci95": null,
 "t_avg": 16.1,
 "latency_p95_seed_mean_ms": 90.487,
 "latency_p99_seed_mean_ms": 93.841,
 "latency_max_ms": 96.632,
 "proc_total_mean_ms": 4.6946,
 "proc_total_p95_seed_mean_ms": 6.887,
 "proc_total_max_ms": 8.5227,
 "proc_precheck_mean_ms": 0.2084,
 "proc_aggregate_mean_ms": 1.1709,
 "proc_aggverify_mean_ms": 3.3092,
 "deadline_misses": 0,
 "miss_rate_pct": 0.0
}
{
 "scenario": "urban-n30",
 "seeds": 1,
 "messages_total": 2210,
 "attacks_total": 0,
 "accepted": 2210,
 "rejected": 0,
 "acceptance_rate_pct": 100.0,
 "latency_mean_ms": 51.77,
 "latency_mean_ci95": null,
 "t_avg": 19.7,
 "latency_p95_seed_mean_ms": 92.47,
 "latency_p99_seed_mean_ms": 96.751,
 "latency_max_ms": 99.427,
 "proc_total_mean_ms": 6.265,
 "proc_total_p95_seed_mean_ms": 8.5178,
 "proc_total_max_ms": 9.5247,
 "proc_precheck_mean_ms": 0.0597,
 "proc_aggregate_mean_ms": 1.627,
 "proc_aggverify_mean_ms": 4.5696,
 "deadline_misses": 0,
 "miss_rate_pct": 0.0
}
{
 "scenario": "intersection-n15",
 "seeds": 1,
 "messages_total": 1478,
 "attacks_total": 0,
 "accepted": 1478,
 "rejected": 0,
 "acceptance_rate_pct": 100.0,
 "latency_mean_ms": 53.291,
 "latency_mean_ci95": null,
 "t_avg": 22.4,
 "latency_p95_seed_mean_ms": 93.269,
 "latency_p99_seed_mean_ms": 96.693,
 "latency_max_ms": 100.453,
 "proc_total_mean_ms": 7.0544,
 "proc_total_p95_seed_mean_ms": 10.3451,
 "proc_total_max_ms": 12.1139,
 "proc_precheck_mean_ms": 0.054,
 "proc_aggregate_mean_ms": 1.8322,
 "proc_aggverify_mean_ms": 5.1637,
 "deadline_misses": 1,
 "miss_rate_pct": 0.0677
}

Saved e2e_fullpath_W90_digest.json
