liboqs-python faulthandler is disabled
{
 "scenario": "highway-n20",
 "seeds": 20,
 "messages_total": 31720,
 "attacks_total": 0,
 "accepted": 31720,
 "rejected": 0,
 "acceptance_rate_pct": 100.0,
 "latency_mean_ms": 50.397,
 "latency_mean_ci95": 0.329,
 "t_avg": 16.2,
 "latency_p95_seed_mean_ms": 90.9976,
 "latency_p99_seed_mean_ms": 94.6958,
 "latency_max_ms": 100.347,
 "proc_total_mean_ms": 5.1196,
 "proc_total_p95_seed_mean_ms": 7.161,
 "proc_total_max_ms": 11.546,
 "proc_precheck_mean_ms": 0.0448,
 "proc_aggregate_mean_ms": 1.3281,
 "proc_aggverify_mean_ms": 3.7405,
 "deadline_misses": 1,
 "miss_rate_pct": 0.0032
}
{
 "scenario": "highway-n20-attack",
 "seeds": 20,
 "messages_total": 37300,
 "attacks_total": 4000,
 "accepted": 33300,
 "rejected": 4000,
 "acceptance_rate_pct": 89.2761,
 "latency_mean_ms": 50.166,
 "latency_mean_ci95": 0.293,
 "t_avg": 16.1,
 "latency_p95_seed_mean_ms": 90.5894,
 "latency_p99_seed_mean_ms": 94.1927,
 "latency_max_ms": 99.079,
 "proc_total_mean_ms": 4.6723,
 "proc_total_p95_seed_mean_ms": 6.7603,
 "proc_total_max_ms": 9.8205,
 "proc_precheck_mean_ms": 0.2021,
 "proc_aggregate_mean_ms": 1.1625,
 "proc_aggverify_mean_ms": 3.3037,
 "deadline_misses": 0,
 "miss_rate_pct": 0.0
}
{
 "scenario": "urban-n30",
 "seeds": 20,
 "messages_total": 44200,
 "attacks_total": 0,
 "accepted": 44200,
 "rejected": 0,
 "acceptance_rate_pct": 100.0,
 "latency_mean_ms": 51.601,
 "latency_mean_ci95": 0.233,
 "t_avg": 19.7,
 "latency_p95_seed_mean_ms": 92.1303,
 "latency_p99_seed_mean_ms": 95.9463,
 "latency_max_ms": 100.796,
 "proc_total_mean_ms": 6.232,
 "proc_total_p95_seed_mean_ms": 8.5412,
 "proc_total_max_ms": 13.1342,
 "proc_precheck_mean_ms": 0.0582,
 "proc_aggregate_mean_ms": 1.6178,
 "proc_aggverify_mean_ms": 4.5478,
 "deadline_misses": 4,
 "miss_rate_pct": 0.009
}
{
 "scenario": "intersection-n15",
 "seeds": 20,
 "messages_total": 29560,
 "attacks_total": 0,
 "accepted": 29560,
 "rejected": 0,
 "acceptance_rate_pct": 100.0,
 "latency_mean_ms": 52.479,
 "latency_mean_ci95": 0.328,
 "t_avg": 22.4,
 "latency_p95_seed_mean_ms": 92.8688,
 "latency_p99_seed_mean_ms": 96.8266,
 "latency_max_ms": 101.739,
 "proc_total_mean_ms": 7.0687,
 "proc_total_p95_seed_mean_ms": 9.6191,
 "proc_total_max_ms": 12.4317,
 "proc_precheck_mean_ms": 0.0533,
 "proc_aggregate_mean_ms": 1.8401,
 "proc_aggverify_mean_ms": 5.1709,
 "deadline_misses": 17,
 "miss_rate_pct": 0.0575
}

Saved e2e_fullpath_W90_digest.json
